Archive member included to satisfy reference by file (symbol)

/usr/lib/gcc/arm-none-eabi/10.3.1/thumb/v6-m/nofp/libgcc.a(_dvmd_tls.o)
                              CMakeFiles/debugprobe.dir/home/teja/Pico/pico-sdk/src/rp2_common/pico_divider/divider.S.obj (__aeabi_idiv0)
/usr/lib/gcc/arm-none-eabi/10.3.1/../../../arm-none-eabi/lib/thumb/v6-m/nofp/libc.a(lib_a-atexit.o)
                              /usr/lib/gcc/arm-none-eabi/10.3.1/../../../arm-none-eabi/lib/thumb/v6-m/nofp/crt0.o (atexit)
/usr/lib/gcc/arm-none-eabi/10.3.1/../../../arm-none-eabi/lib/thumb/v6-m/nofp/libc.a(lib_a-calloc.o)
                              CMakeFiles/debugprobe.dir/home/teja/Pico/pico-sdk/src/rp2_common/pico_malloc/pico_malloc.c.obj (calloc)
/usr/lib/gcc/arm-none-eabi/10.3.1/../../../arm-none-eabi/lib/thumb/v6-m/nofp/libc.a(lib_a-callocr.o)
                              /usr/lib/gcc/arm-none-eabi/10.3.1/../../../arm-none-eabi/lib/thumb/v6-m/nofp/libc.a(lib_a-calloc.o) (_calloc_r)
/usr/lib/gcc/arm-none-eabi/10.3.1/../../../arm-none-eabi/lib/thumb/v6-m/nofp/libc.a(lib_a-fini.o)
                              /usr/lib/gcc/arm-none-eabi/10.3.1/../../../arm-none-eabi/lib/thumb/v6-m/nofp/crt0.o (__libc_fini_array)
/usr/lib/gcc/arm-none-eabi/10.3.1/../../../arm-none-eabi/lib/thumb/v6-m/nofp/libc.a(lib_a-impure.o)
                              /usr/lib/gcc/arm-none-eabi/10.3.1/../../../arm-none-eabi/lib/thumb/v6-m/nofp/libc.a(lib_a-calloc.o) (_impure_ptr)
/usr/lib/gcc/arm-none-eabi/10.3.1/../../../arm-none-eabi/lib/thumb/v6-m/nofp/libc.a(lib_a-init.o)
                              /usr/lib/gcc/arm-none-eabi/10.3.1/../../../arm-none-eabi/lib/thumb/v6-m/nofp/crt0.o (__libc_init_array)
/usr/lib/gcc/arm-none-eabi/10.3.1/../../../arm-none-eabi/lib/thumb/v6-m/nofp/libc.a(lib_a-malloc.o)
                              CMakeFiles/debugprobe.dir/home/teja/Pico/pico-sdk/src/rp2_common/pico_malloc/pico_malloc.c.obj (malloc)
/usr/lib/gcc/arm-none-eabi/10.3.1/../../../arm-none-eabi/lib/thumb/v6-m/nofp/libc.a(lib_a-mallocr.o)
                              /usr/lib/gcc/arm-none-eabi/10.3.1/../../../arm-none-eabi/lib/thumb/v6-m/nofp/libc.a(lib_a-callocr.o) (_malloc_r)
/usr/lib/gcc/arm-none-eabi/10.3.1/../../../arm-none-eabi/lib/thumb/v6-m/nofp/libc.a(lib_a-mlock.o)
                              /usr/lib/gcc/arm-none-eabi/10.3.1/../../../arm-none-eabi/lib/thumb/v6-m/nofp/libc.a(lib_a-mallocr.o) (__malloc_lock)
/usr/lib/gcc/arm-none-eabi/10.3.1/../../../arm-none-eabi/lib/thumb/v6-m/nofp/libc.a(lib_a-realloc.o)
                              CMakeFiles/debugprobe.dir/home/teja/Pico/pico-sdk/src/rp2_common/pico_malloc/pico_malloc.c.obj (realloc)
/usr/lib/gcc/arm-none-eabi/10.3.1/../../../arm-none-eabi/lib/thumb/v6-m/nofp/libc.a(lib_a-reallocr.o)
                              /usr/lib/gcc/arm-none-eabi/10.3.1/../../../arm-none-eabi/lib/thumb/v6-m/nofp/libc.a(lib_a-realloc.o) (_realloc_r)
/usr/lib/gcc/arm-none-eabi/10.3.1/../../../arm-none-eabi/lib/thumb/v6-m/nofp/libc.a(lib_a-sbrkr.o)
                              /usr/lib/gcc/arm-none-eabi/10.3.1/../../../arm-none-eabi/lib/thumb/v6-m/nofp/libc.a(lib_a-mallocr.o) (_sbrk_r)
/usr/lib/gcc/arm-none-eabi/10.3.1/../../../arm-none-eabi/lib/thumb/v6-m/nofp/libc.a(lib_a-strlen-stub.o)
                              CMakeFiles/debugprobe.dir/src/usb_descriptors.c.obj (strlen)
/usr/lib/gcc/arm-none-eabi/10.3.1/../../../arm-none-eabi/lib/thumb/v6-m/nofp/libc.a(lib_a-__atexit.o)
                              /usr/lib/gcc/arm-none-eabi/10.3.1/../../../arm-none-eabi/lib/thumb/v6-m/nofp/libc.a(lib_a-atexit.o) (__register_exitproc)
/usr/lib/gcc/arm-none-eabi/10.3.1/../../../arm-none-eabi/lib/thumb/v6-m/nofp/libc.a(lib_a-freer.o)
                              /usr/lib/gcc/arm-none-eabi/10.3.1/../../../arm-none-eabi/lib/thumb/v6-m/nofp/libc.a(lib_a-malloc.o) (_free_r)
/usr/lib/gcc/arm-none-eabi/10.3.1/../../../arm-none-eabi/lib/thumb/v6-m/nofp/libc.a(lib_a-memmove.o)
                              /usr/lib/gcc/arm-none-eabi/10.3.1/../../../arm-none-eabi/lib/thumb/v6-m/nofp/libc.a(lib_a-reallocr.o) (memmove)
/usr/lib/gcc/arm-none-eabi/10.3.1/../../../arm-none-eabi/lib/thumb/v6-m/nofp/libc.a(lib_a-reent.o)
                              /usr/lib/gcc/arm-none-eabi/10.3.1/../../../arm-none-eabi/lib/thumb/v6-m/nofp/libc.a(lib_a-sbrkr.o) (errno)

Discarded input sections

 .text          0x0000000000000000        0x0 /usr/lib/gcc/arm-none-eabi/10.3.1/thumb/v6-m/nofp/crti.o
 .data          0x0000000000000000        0x0 /usr/lib/gcc/arm-none-eabi/10.3.1/thumb/v6-m/nofp/crti.o
 .bss           0x0000000000000000        0x0 /usr/lib/gcc/arm-none-eabi/10.3.1/thumb/v6-m/nofp/crti.o
 .data          0x0000000000000000        0x4 /usr/lib/gcc/arm-none-eabi/10.3.1/thumb/v6-m/nofp/crtbegin.o
 .rodata        0x0000000000000000       0x24 /usr/lib/gcc/arm-none-eabi/10.3.1/thumb/v6-m/nofp/crtbegin.o
 .fini_array    0x0000000000000000        0x4 /usr/lib/gcc/arm-none-eabi/10.3.1/thumb/v6-m/nofp/crtbegin.o
[...]
Memory Configuration

Name             Origin             Length             Attributes
FLASH            0x0000000010000000 0x0000000000200000 xr
RAM              0x0000000020000000 0x0000000000040000 xrw
SCRATCH_X        0x0000000020040000 0x0000000000001000 xrw
SCRATCH_Y        0x0000000020041000 0x0000000000001000 xrw
*default*        0x0000000000000000 0xffffffffffffffff

Linker script and memory map

LOAD /usr/lib/gcc/arm-none-eabi/10.3.1/thumb/v6-m/nofp/crti.o
LOAD /usr/lib/gcc/arm-none-eabi/10.3.1/thumb/v6-m/nofp/crtbegin.o
LOAD /usr/lib/gcc/arm-none-eabi/10.3.1/../../../arm-none-eabi/lib/thumb/v6-m/nofp/crt0.o

.flash_begin    0x0000000010000000        0x0
                0x0000000010000000                __flash_binary_start = .

.boot2          0x0000000010000000      0x100
                0x0000000010000000                __boot2_start__ = .
 *(.boot2)
 .boot2         0x0000000010000000      0x100 /tmp/cclL6MY2.o
                0x0000000010000100                __boot2_end__ = .
                0x0000000000000001                ASSERT (((__boot2_end__ - __boot2_start__) == 0x100), ERROR: Pico second stage bootloader must be 256 bytes in size)

.flashtext      0x0000000010000100      0x1d8
                0x0000000010000100                __logical_binary_start = .
 *(.vectors)
 .vectors       0x0000000010000100       0xd4 CMakeFiles/debugprobe.dir/home/teja/Pico/pico-sdk/src/rp2_common/pico_standard_link/crt0.S.obj
                0x0000000010000100                __vectors
                0x0000000010000100                __VECTOR_TABLE
                0x00000000100001c0                isr_invalid
                0x00000000100001c0                __default_isrs_start
                0x00000000100001c2                isr_nmi
                0x00000000100001c4                isr_hardfault
                0x00000000100001c6                isr_svcall
                0x00000000100001c8                isr_pendsv
                0x00000000100001ca                isr_systick
                0x00000000100001cc                isr_irq30
                0x00000000100001cc                __unhandled_user_irq
                0x00000000100001cc                isr_irq13
                0x00000000100001cc                isr_irq27
                0x00000000100001cc                isr_irq31
                0x00000000100001cc                isr_irq5
                0x00000000100001cc                isr_irq11
                0x00000000100001cc                isr_irq23
                0x00000000100001cc                isr_irq18
                0x00000000100001cc                isr_irq28
                0x00000000100001cc                isr_irq19
                0x00000000100001cc                isr_irq0
                0x00000000100001cc                isr_irq6
                0x00000000100001cc                isr_irq22
                0x00000000100001cc                isr_irq17
                0x00000000100001cc                isr_irq14
                0x00000000100001cc                isr_irq2
                0x00000000100001cc                isr_irq10
                0x00000000100001cc                isr_irq8
                0x00000000100001cc                isr_irq24
                0x00000000100001cc                isr_irq1
                0x00000000100001cc                isr_irq7
                0x00000000100001cc                isr_irq21
                0x00000000100001cc                isr_irq20
                0x00000000100001cc                isr_irq15
                0x00000000100001cc                isr_irq25
                0x00000000100001cc                isr_irq4
                0x00000000100001cc                isr_irq16
                0x00000000100001cc                isr_irq29
                0x00000000100001cc                isr_irq26
                0x00000000100001cc                __default_isrs_end
                0x00000000100001cc                isr_irq3
                0x00000000100001cc                isr_irq12
                0x00000000100001cc                isr_irq9
                0x00000000100001d2                unhandled_user_irq_num_in_r0
 *(.binary_info_header)
 .binary_info_header
                0x00000000100001d4       0x14 CMakeFiles/debugprobe.dir/home/teja/Pico/pico-sdk/src/rp2_common/pico_standard_link/crt0.S.obj
                0x00000000100001e8                __binary_info_header_end = .
 *(.reset)
 .reset         0x00000000100001e8       0xac CMakeFiles/debugprobe.dir/home/teja/Pico/pico-sdk/src/rp2_common/pico_standard_link/crt0.S.obj
                0x00000000100001e8                _entry_point
 *fill*         0x0000000010000294        0x4 
 .reset.__stub  0x0000000010000298       0x10 linker stubs
 .reset         0x00000000100002a8       0x30 CMakeFiles/debugprobe.dir/home/teja/Pico/pico-sdk/src/rp2_common/pico_standard_link/binary_info.c.obj

.rodata         0x00000000100002d8        0x0
 *(SORT_BY_ALIGNMENT(SORT_BY_NAME(.flashdata*)))
                0x00000000100002d8                . = ALIGN (0x4)

.ARM.extab
 *(.ARM.extab* .gnu.linkonce.armextab.*)
                0x00000000100002d8                __exidx_start = .

.ARM.exidx
 *(.ARM.exidx* .gnu.linkonce.armexidx.*)
                0x00000000100002d8                __exidx_end = .
                0x00000000100002d8                . = ALIGN (0x4)
                0x00000000100002d8                __binary_info_start = .

.binary_info    0x00000000100002d8       0x2c
 *(.binary_info.keep.*)
 .binary_info.keep.__bi_ptr22
                0x00000000100002d8        0x4 CMakeFiles/debugprobe.dir/home/teja/Pico/pico-sdk/src/rp2_common/pico_standard_link/binary_info.c.obj
 .binary_info.keep.__bi_ptr30
                0x00000000100002dc        0x4 CMakeFiles/debugprobe.dir/home/teja/Pico/pico-sdk/src/rp2_common/pico_standard_link/binary_info.c.obj
 .binary_info.keep.__bi_ptr38
                0x00000000100002e0        0x4 CMakeFiles/debugprobe.dir/home/teja/Pico/pico-sdk/src/rp2_common/pico_standard_link/binary_info.c.obj
 .binary_info.keep.__bi_ptr44
                0x00000000100002e4        0x4 CMakeFiles/debugprobe.dir/home/teja/Pico/pico-sdk/src/rp2_common/pico_standard_link/binary_info.c.obj
 .binary_info.keep.__bi_ptr50
                0x00000000100002e8        0x4 CMakeFiles/debugprobe.dir/home/teja/Pico/pico-sdk/src/rp2_common/pico_standard_link/binary_info.c.obj
 .binary_info.keep.__bi_ptr75
                0x00000000100002ec        0x4 CMakeFiles/debugprobe.dir/home/teja/Pico/pico-sdk/src/rp2_common/pico_standard_link/binary_info.c.obj
 .binary_info.keep.__bi_ptr81
                0x00000000100002f0        0x4 CMakeFiles/debugprobe.dir/home/teja/Pico/pico-sdk/src/rp2_common/pico_standard_link/binary_info.c.obj
 .binary_info.keep.__bi_ptr142
                0x00000000100002f4        0x4 CMakeFiles/debugprobe.dir/home/teja/Pico/pico-sdk/lib/tinyusb/hw/bsp/rp2040/family.c.obj
 .binary_info.keep.__bi_ptr152
                0x00000000100002f8        0x4 CMakeFiles/debugprobe.dir/home/teja/Pico/pico-sdk/lib/tinyusb/hw/bsp/rp2040/family.c.obj
 *(.binary_info.*)
 .binary_info.__bi_ptr33
                0x00000000100002fc        0x4 CMakeFiles/debugprobe.dir/home/teja/Pico/pico-sdk/src/rp2_common/pico_stdio_uart/stdio_uart.c.obj
 .binary_info.__bi_ptr34
                0x0000000010000300        0x4 CMakeFiles/debugprobe.dir/home/teja/Pico/pico-sdk/src/rp2_common/pico_stdio_uart/stdio_uart.c.obj
                0x0000000010000304                __binary_info_end = .
                0x0000000010000304                . = ALIGN (0x4)

.ram_vector_table
                0x0000000020000000       0xc0
 *(.ram_vector_table)
 .ram_vector_table
                0x0000000020000000       0xc0 CMakeFiles/debugprobe.dir/home/teja/Pico/pico-sdk/src/rp2_common/pico_runtime/runtime.c.obj
                0x0000000020000000                ram_vector_table

.text           0x00000000200000c0     0x85a0 load address 0x0000000010000304
                0x00000000200000c0                __ram_text_start__ = .
 *(.init)
 .init          0x00000000200000c0        0x4 /usr/lib/gcc/arm-none-eabi/10.3.1/thumb/v6-m/nofp/crti.o
                0x00000000200000c0                _init
 *(.text*)
 .text          0x00000000200000c4       0x98 /usr/lib/gcc/arm-none-eabi/10.3.1/thumb/v6-m/nofp/crtbegin.o
 .text.Delayms  0x000000002000015c       0x10 CMakeFiles/debugprobe.dir/src/DAP.c.obj
                0x000000002000015c                Delayms
 .text.DAP_ProcessCommand
                0x000000002000016c      0xe48 CMakeFiles/debugprobe.dir/src/DAP.c.obj
                0x000000002000016c                DAP_ProcessCommand
 .text.DAP_ExecuteCommand
                0x0000000020000fb4       0x44 CMakeFiles/debugprobe.dir/src/DAP.c.obj
                0x0000000020000fb4                DAP_ExecuteCommand
 .text.DAP_Setup
                0x0000000020000ff8       0x1c CMakeFiles/debugprobe.dir/src/DAP.c.obj
                0x0000000020000ff8                DAP_Setup
 .text.usb_serial_init
                0x0000000020001014      0x1e8 CMakeFiles/debugprobe.dir/src/get_serial.c.obj
                0x0000000020001014                usb_serial_init
 .text.JTAG_Sequence
                0x00000000200011fc       0xb8 CMakeFiles/debugprobe.dir/src/JTAG_DP.c.obj
                0x00000000200011fc                JTAG_Sequence
 .text.JTAG_ReadIDCode
                0x00000000200012b4       0x80 CMakeFiles/debugprobe.dir/src/JTAG_DP.c.obj
                0x00000000200012b4                JTAG_ReadIDCode
 .text.JTAG_WriteAbort
                0x0000000020001334       0xdc CMakeFiles/debugprobe.dir/src/JTAG_DP.c.obj
                0x0000000020001334                JTAG_WriteAbort
 .text.JTAG_IR  0x0000000020001410       0xe0 CMakeFiles/debugprobe.dir/src/JTAG_DP.c.obj
                0x0000000020001410                JTAG_IR
 .text.JTAG_Transfer
                0x00000000200014f0       0xcc CMakeFiles/debugprobe.dir/src/JTAG_DP.c.obj
                0x00000000200014f0                JTAG_Transfer
 .text.usb_thread
                0x00000000200015bc       0x54 CMakeFiles/debugprobe.dir/src/main.c.obj
                0x00000000200015bc                usb_thread
 .text.jtag_thread
                0x0000000020001610       0x24 CMakeFiles/debugprobe.dir/src/main.c.obj
                0x0000000020001610                jtag_thread
 .text.startup.main
                0x0000000020001634       0x94 CMakeFiles/debugprobe.dir/src/main.c.obj
                0x0000000020001634                main
 .text.tud_hid_get_report_cb
                0x00000000200016c8        0x4 CMakeFiles/debugprobe.dir/src/main.c.obj
                0x00000000200016c8                tud_hid_get_report_cb
 .text.tud_hid_set_report_cb
                0x00000000200016cc       0x2c CMakeFiles/debugprobe.dir/src/main.c.obj
                0x00000000200016cc                tud_hid_set_report_cb
 .text.tud_vendor_control_xfer_cb
                0x00000000200016f8       0x54 CMakeFiles/debugprobe.dir/src/main.c.obj
                0x00000000200016f8                tud_vendor_control_xfer_cb
 .text.vApplicationTickHook
                0x000000002000174c        0x4 CMakeFiles/debugprobe.dir/src/main.c.obj
                0x000000002000174c                vApplicationTickHook
 .text.vApplicationStackOverflowHook
                0x0000000020001750       0x10 CMakeFiles/debugprobe.dir/src/main.c.obj
                0x0000000020001750                vApplicationStackOverflowHook
 .text.vApplicationMallocFailedHook
                0x0000000020001760        0xc CMakeFiles/debugprobe.dir/src/main.c.obj
                0x0000000020001760                vApplicationMallocFailedHook
 .text.tud_descriptor_device_cb
                0x000000002000176c        0x8 CMakeFiles/debugprobe.dir/src/usb_descriptors.c.obj
                0x000000002000176c                tud_descriptor_device_cb
 .text.tud_hid_descriptor_report_cb
                0x0000000020001774        0x8 CMakeFiles/debugprobe.dir/src/usb_descriptors.c.obj
                0x0000000020001774                tud_hid_descriptor_report_cb
 .text.tud_descriptor_configuration_cb
                0x000000002000177c       0x10 CMakeFiles/debugprobe.dir/src/usb_descriptors.c.obj
                0x000000002000177c                tud_descriptor_configuration_cb
 .text.tud_descriptor_string_cb
                0x000000002000178c       0x80 CMakeFiles/debugprobe.dir/src/usb_descriptors.c.obj
                0x000000002000178c                tud_descriptor_string_cb
 .text.tud_descriptor_bos_cb
                0x000000002000180c        0x8 CMakeFiles/debugprobe.dir/src/usb_descriptors.c.obj
                0x000000002000180c                tud_descriptor_bos_cb
 .text.dap_edpt_init
                0x0000000020001814        0x4 CMakeFiles/debugprobe.dir/src/tusb_edpt_handler.c.obj
                0x0000000020001814                dap_edpt_init
 .text.dap_edpt_reset
                0x0000000020001818        0x4 CMakeFiles/debugprobe.dir/src/tusb_edpt_handler.c.obj
                0x0000000020001818                dap_edpt_reset
 .text.dap_edpt_control_xfer_cb
                0x000000002000181c        0x4 CMakeFiles/debugprobe.dir/src/tusb_edpt_handler.c.obj
                0x000000002000181c                dap_edpt_control_xfer_cb
 .text.dap_edpt_open
                0x0000000020001820       0xb0 CMakeFiles/debugprobe.dir/src/tusb_edpt_handler.c.obj
                0x0000000020001820                dap_edpt_open
 .text.dap_edpt_xfer_cb
                0x00000000200018d0       0xa8 CMakeFiles/debugprobe.dir/src/tusb_edpt_handler.c.obj
                0x00000000200018d0                dap_edpt_xfer_cb
 .text.dap_thread
                0x0000000020001978      0x184 CMakeFiles/debugprobe.dir/src/tusb_edpt_handler.c.obj
                0x0000000020001978                dap_thread
 .text.usbd_app_driver_get_cb
                0x0000000020001afc        0xc CMakeFiles/debugprobe.dir/src/tusb_edpt_handler.c.obj
                0x0000000020001afc                usbd_app_driver_get_cb
 .text.DAP_ProcessVendorCommand
                0x0000000020001b08        0xc CMakeFiles/debugprobe.dir/CMSIS_5/CMSIS/DAP/Firmware/Source/DAP_vendor.c.obj
                0x0000000020001b08                DAP_ProcessVendorCommand
 .text.SWJ_Sequence
                0x0000000020001b14       0x20 CMakeFiles/debugprobe.dir/CMSIS_5/CMSIS/DAP/Firmware/Source/SW_DP.c.obj
                0x0000000020001b14                SWJ_Sequence
 .text.lock_init
                0x0000000020001b34       0x10 CMakeFiles/debugprobe.dir/home/teja/Pico/pico-sdk/src/common/pico_sync/lock_core.c.obj
                0x0000000020001b34                lock_init
 .text.mutex_init
                0x0000000020001b44       0x1c CMakeFiles/debugprobe.dir/home/teja/Pico/pico-sdk/src/common/pico_sync/mutex.c.obj
                0x0000000020001b44                mutex_init
 .text.recursive_mutex_init
                0x0000000020001b60       0x20 CMakeFiles/debugprobe.dir/home/teja/Pico/pico-sdk/src/common/pico_sync/mutex.c.obj
                0x0000000020001b60                recursive_mutex_init
 .text.critical_section_init
                0x0000000020001b80       0x20 CMakeFiles/debugprobe.dir/home/teja/Pico/pico-sdk/src/common/pico_sync/critical_section.c.obj
                0x0000000020001b80                critical_section_init
 .text.timer_pool_entry_comparator
                0x0000000020001ba0       0x34 CMakeFiles/debugprobe.dir/home/teja/Pico/pico-sdk/src/common/pico_time/time.c.obj
                0x0000000020001ba0                timer_pool_entry_comparator
 .text.sleep_until_callback
                0x0000000020001bd4       0x24 CMakeFiles/debugprobe.dir/home/teja/Pico/pico-sdk/src/common/pico_time/time.c.obj
 .text.add_alarm_under_lock.isra.0
                0x0000000020001bf8      0x100 CMakeFiles/debugprobe.dir/home/teja/Pico/pico-sdk/src/common/pico_time/time.c.obj
 .text.alarm_pool_alarm_callback
                0x0000000020001cf8      0x1bc CMakeFiles/debugprobe.dir/home/teja/Pico/pico-sdk/src/common/pico_time/time.c.obj
 .text.alarm_pool_init_default
                0x0000000020001eb4       0x6c CMakeFiles/debugprobe.dir/home/teja/Pico/pico-sdk/src/common/pico_time/time.c.obj
                0x0000000020001eb4                alarm_pool_init_default
 .text.alarm_pool_get_default
                0x0000000020001f20        0x8 CMakeFiles/debugprobe.dir/home/teja/Pico/pico-sdk/src/common/pico_time/time.c.obj
                0x0000000020001f20                alarm_pool_get_default
 .text.alarm_pool_add_alarm_at
                0x0000000020001f28      0x178 CMakeFiles/debugprobe.dir/home/teja/Pico/pico-sdk/src/common/pico_time/time.c.obj
                0x0000000020001f28                alarm_pool_add_alarm_at
 .text.best_effort_wfe_or_timeout
                0x00000000200020a0       0xd4 CMakeFiles/debugprobe.dir/home/teja/Pico/pico-sdk/src/common/pico_time/time.c.obj
                0x00000000200020a0                best_effort_wfe_or_timeout
 .text.hardware_alarm_irq_handler
                0x0000000020002174       0xbc CMakeFiles/debugprobe.dir/home/teja/Pico/pico-sdk/src/rp2_common/hardware_timer/timer.c.obj
 .text.hardware_alarm_claim
                0x0000000020002230       0x18 CMakeFiles/debugprobe.dir/home/teja/Pico/pico-sdk/src/rp2_common/hardware_timer/timer.c.obj
                0x0000000020002230                hardware_alarm_claim
 .text.time_us_64
                0x0000000020002248       0x14 CMakeFiles/debugprobe.dir/home/teja/Pico/pico-sdk/src/rp2_common/hardware_timer/timer.c.obj
                0x0000000020002248                time_us_64
 .text.busy_wait_us
                0x000000002000225c       0x54 CMakeFiles/debugprobe.dir/home/teja/Pico/pico-sdk/src/rp2_common/hardware_timer/timer.c.obj
                0x000000002000225c                busy_wait_us
 .text.hardware_alarm_set_callback
                0x00000000200022b0       0x8c CMakeFiles/debugprobe.dir/home/teja/Pico/pico-sdk/src/rp2_common/hardware_timer/timer.c.obj
                0x00000000200022b0                hardware_alarm_set_callback
 .text.hardware_alarm_set_target
                0x000000002000233c       0xd4 CMakeFiles/debugprobe.dir/home/teja/Pico/pico-sdk/src/rp2_common/hardware_timer/timer.c.obj
                0x000000002000233c                hardware_alarm_set_target
 .text.hardware_alarm_cancel
                0x0000000020002410       0x3c CMakeFiles/debugprobe.dir/home/teja/Pico/pico-sdk/src/rp2_common/hardware_timer/timer.c.obj
                0x0000000020002410                hardware_alarm_cancel
 .text.running_on_fpga
                0x000000002000244c       0x10 CMakeFiles/debugprobe.dir/home/teja/Pico/pico-sdk/src/rp2_common/pico_platform/platform.c.obj
                0x000000002000244c                running_on_fpga
 .text.rp2040_chip_version
                0x000000002000245c        0xc CMakeFiles/debugprobe.dir/home/teja/Pico/pico-sdk/src/rp2_common/pico_platform/platform.c.obj
                0x000000002000245c                rp2040_chip_version
 .text.hw_claim_or_assert
                0x0000000020002468       0x44 CMakeFiles/debugprobe.dir/home/teja/Pico/pico-sdk/src/rp2_common/hardware_claim/claim.c.obj
                0x0000000020002468                hw_claim_or_assert
 .text.hw_claim_unused_from_range
                0x00000000200024ac       0x9c CMakeFiles/debugprobe.dir/home/teja/Pico/pico-sdk/src/rp2_common/hardware_claim/claim.c.obj
                0x00000000200024ac                hw_claim_unused_from_range
 .text.spin_locks_reset
                0x0000000020002548       0x1c CMakeFiles/debugprobe.dir/home/teja/Pico/pico-sdk/src/rp2_common/hardware_sync/sync.c.obj
                0x0000000020002548                spin_locks_reset
 .text.next_striped_spin_lock_num
                0x0000000020002564       0x18 CMakeFiles/debugprobe.dir/home/teja/Pico/pico-sdk/src/rp2_common/hardware_sync/sync.c.obj
                0x0000000020002564                next_striped_spin_lock_num
 .text.spin_lock_claim_unused
                0x000000002000257c       0x20 CMakeFiles/debugprobe.dir/home/teja/Pico/pico-sdk/src/rp2_common/hardware_sync/sync.c.obj
                0x000000002000257c                spin_lock_claim_unused
 .text.irq_set_enabled
                0x000000002000259c       0x24 CMakeFiles/debugprobe.dir/home/teja/Pico/pico-sdk/src/rp2_common/hardware_irq/irq.c.obj
                0x000000002000259c                irq_set_enabled
 .text.irq_get_vtable_handler
                0x00000000200025c0       0x10 CMakeFiles/debugprobe.dir/home/teja/Pico/pico-sdk/src/rp2_common/hardware_irq/irq.c.obj
                0x00000000200025c0                irq_get_vtable_handler
 .text.irq_set_exclusive_handler
                0x00000000200025d0       0x54 CMakeFiles/debugprobe.dir/home/teja/Pico/pico-sdk/src/rp2_common/hardware_irq/irq.c.obj
                0x00000000200025d0                irq_set_exclusive_handler
 .text.irq_add_shared_handler
                0x0000000020002624      0x1e8 CMakeFiles/debugprobe.dir/home/teja/Pico/pico-sdk/src/rp2_common/hardware_irq/irq.c.obj
                0x0000000020002624                irq_add_shared_handler
 .text.irq_remove_handler
                0x000000002000280c      0x1b0 CMakeFiles/debugprobe.dir/home/teja/Pico/pico-sdk/src/rp2_common/hardware_irq/irq.c.obj
                0x000000002000280c                irq_remove_handler
 .text.irq_set_priority
                0x00000000200029bc       0x28 CMakeFiles/debugprobe.dir/home/teja/Pico/pico-sdk/src/rp2_common/hardware_irq/irq.c.obj
                0x00000000200029bc                irq_set_priority
 .text.irq_add_tail_to_free_list
                0x00000000200029e4       0xb4 CMakeFiles/debugprobe.dir/home/teja/Pico/pico-sdk/src/rp2_common/hardware_irq/irq.c.obj
                0x00000000200029e4                irq_add_tail_to_free_list
 .text.irq_init_priorities
                0x0000000020002a98       0x24 CMakeFiles/debugprobe.dir/home/teja/Pico/pico-sdk/src/rp2_common/hardware_irq/irq.c.obj
                0x0000000020002a98                irq_init_priorities
 .text.ph_merge_nodes
                0x0000000020002abc       0x68 CMakeFiles/debugprobe.dir/home/teja/Pico/pico-sdk/src/common/pico_util/pheap.c.obj
 .text.ph_post_alloc_init
                0x0000000020002b24       0x3c CMakeFiles/debugprobe.dir/home/teja/Pico/pico-sdk/src/common/pico_util/pheap.c.obj
                0x0000000020002b24                ph_post_alloc_init
 .text.ph_merge_two_pass
                0x0000000020002b60       0x90 CMakeFiles/debugprobe.dir/home/teja/Pico/pico-sdk/src/common/pico_util/pheap.c.obj
                0x0000000020002b60                ph_merge_two_pass
 .text.ph_remove_any_head
                0x0000000020002bf0      0x100 CMakeFiles/debugprobe.dir/home/teja/Pico/pico-sdk/src/common/pico_util/pheap.c.obj
 .text.ph_remove_head
                0x0000000020002cf0      0x104 CMakeFiles/debugprobe.dir/home/teja/Pico/pico-sdk/src/common/pico_util/pheap.c.obj
                0x0000000020002cf0                ph_remove_head
 .text.ph_remove_and_free_node
                0x0000000020002df4       0x7c CMakeFiles/debugprobe.dir/home/teja/Pico/pico-sdk/src/common/pico_util/pheap.c.obj
                0x0000000020002df4                ph_remove_and_free_node
 .text.gpio_set_function
                0x0000000020002e70       0x30 CMakeFiles/debugprobe.dir/home/teja/Pico/pico-sdk/src/rp2_common/hardware_gpio/gpio.c.obj
                0x0000000020002e70                gpio_set_function
 .text.gpio_get_function
                0x0000000020002ea0       0x14 CMakeFiles/debugprobe.dir/home/teja/Pico/pico-sdk/src/rp2_common/hardware_gpio/gpio.c.obj
                0x0000000020002ea0                gpio_get_function
 .text.gpio_set_pulls
                0x0000000020002eb4       0x30 CMakeFiles/debugprobe.dir/home/teja/Pico/pico-sdk/src/rp2_common/hardware_gpio/gpio.c.obj
                0x0000000020002eb4                gpio_set_pulls
 .text.gpio_set_inover
                0x0000000020002ee4       0x24 CMakeFiles/debugprobe.dir/home/teja/Pico/pico-sdk/src/rp2_common/hardware_gpio/gpio.c.obj
                0x0000000020002ee4                gpio_set_inover
 .text.gpio_set_oeover
                0x0000000020002f08       0x24 CMakeFiles/debugprobe.dir/home/teja/Pico/pico-sdk/src/rp2_common/hardware_gpio/gpio.c.obj
                0x0000000020002f08                gpio_set_oeover
 .text.gpio_init
                0x0000000020002f2c       0x3c CMakeFiles/debugprobe.dir/home/teja/Pico/pico-sdk/src/rp2_common/hardware_gpio/gpio.c.obj
                0x0000000020002f2c                gpio_init
 .text.uart_init
                0x0000000020002f68      0x188 CMakeFiles/debugprobe.dir/home/teja/Pico/pico-sdk/src/rp2_common/hardware_uart/uart.c.obj
                0x0000000020002f68                uart_init
 .text.clocks_init
                0x00000000200030f0      0x2d0 CMakeFiles/debugprobe.dir/home/teja/Pico/pico-sdk/src/rp2_common/hardware_clocks/clocks.c.obj
                0x00000000200030f0                clocks_init
 .text.clock_get_hz
                0x00000000200033c0        0xc CMakeFiles/debugprobe.dir/home/teja/Pico/pico-sdk/src/rp2_common/hardware_clocks/clocks.c.obj
                0x00000000200033c0                clock_get_hz
 .text.pll_init
                0x00000000200033cc       0xa0 CMakeFiles/debugprobe.dir/home/teja/Pico/pico-sdk/src/rp2_common/hardware_pll/pll.c.obj
                0x00000000200033cc                pll_init
 .text.watchdog_start_tick
                0x000000002000346c       0x10 CMakeFiles/debugprobe.dir/home/teja/Pico/pico-sdk/src/rp2_common/hardware_watchdog/watchdog.c.obj
                0x000000002000346c                watchdog_start_tick
 .text.xosc_init
                0x000000002000347c       0x28 CMakeFiles/debugprobe.dir/home/teja/Pico/pico-sdk/src/rp2_common/hardware_xosc/xosc.c.obj
                0x000000002000347c                xosc_init
 .text.runtime_init
                0x00000000200034a4       0xf0 CMakeFiles/debugprobe.dir/home/teja/Pico/pico-sdk/src/rp2_common/pico_runtime/runtime.c.obj
                0x00000000200034a4                runtime_init
 .text._exit    0x0000000020003594        0x4 CMakeFiles/debugprobe.dir/home/teja/Pico/pico-sdk/src/rp2_common/pico_runtime/runtime.c.obj
                0x0000000020003594                _exit
 .text.exit     0x0000000020003598        0x8 CMakeFiles/debugprobe.dir/home/teja/Pico/pico-sdk/src/rp2_common/pico_runtime/runtime.c.obj
                0x0000000020003598                exit
 .text.panic    0x00000000200035a0       0x30 CMakeFiles/debugprobe.dir/home/teja/Pico/pico-sdk/src/rp2_common/pico_runtime/runtime.c.obj
                0x00000000200035a0                panic
 .text.panic_unsupported
                0x00000000200035d0        0xc CMakeFiles/debugprobe.dir/home/teja/Pico/pico-sdk/src/rp2_common/pico_runtime/runtime.c.obj
                0x00000000200035d0                panic_unsupported
 .text.hard_assertion_failure
                0x00000000200035dc        0xc CMakeFiles/debugprobe.dir/home/teja/Pico/pico-sdk/src/rp2_common/pico_runtime/runtime.c.obj
                0x00000000200035dc                hard_assertion_failure
 .text._out_char
                0x00000000200035e8       0x10 CMakeFiles/debugprobe.dir/home/teja/Pico/pico-sdk/src/rp2_common/pico_printf/printf.c.obj
 .text.weak_raw_vprintf
                0x00000000200035f8       0x30 CMakeFiles/debugprobe.dir/home/teja/Pico/pico-sdk/src/rp2_common/pico_printf/printf.c.obj
                0x00000000200035f8                weak_raw_vprintf
 .text          0x0000000020003628       0x10 CMakeFiles/debugprobe.dir/home/teja/Pico/pico-sdk/src/rp2_common/pico_bit_ops/bit_ops_aeabi.S.obj
 .text.rom_func_lookup
                0x0000000020003638       0x10 CMakeFiles/debugprobe.dir/home/teja/Pico/pico-sdk/src/rp2_common/pico_bootrom/bootrom.c.obj
                0x0000000020003638                rom_func_lookup
 .text.rom_data_lookup
                0x0000000020003648       0x10 CMakeFiles/debugprobe.dir/home/teja/Pico/pico-sdk/src/rp2_common/pico_bootrom/bootrom.c.obj
                0x0000000020003648                rom_data_lookup
 .text.rom_funcs_lookup
                0x0000000020003658       0x44 CMakeFiles/debugprobe.dir/home/teja/Pico/pico-sdk/src/rp2_common/pico_bootrom/bootrom.c.obj
                0x0000000020003658                rom_funcs_lookup
 .text.__wrap___aeabi_uidiv
                0x000000002000369c       0x4c CMakeFiles/debugprobe.dir/home/teja/Pico/pico-sdk/src/rp2_common/pico_divider/divider.S.obj
                0x000000002000369c                __wrap___aeabi_uidiv
                0x000000002000369c                __wrap___aeabi_uidivmod
                0x000000002000369c                div_u32u32
                0x000000002000369c                divmod_u32u32
                0x00000000200036a4                divmod_u32u32_unsafe
                0x00000000200036cc                divmod_u32u32_savestate
 .text.__wrap___aeabi_ldiv
                0x00000000200036e8      0x424 CMakeFiles/debugprobe.dir/home/teja/Pico/pico-sdk/src/rp2_common/pico_divider/divider.S.obj
                0x00000000200036e8                div_s64s64
                0x00000000200036e8                divmod_s64s64
                0x00000000200036e8                __wrap___aeabi_ldivmod
                0x0000000020003718                div_u64u64
                0x0000000020003718                divmod_u64u64
                0x0000000020003718                __wrap___aeabi_uldivmod
                0x0000000020003728                divmod_u64u64_savestate
                0x0000000020003748                divmod_s64s64_unsafe
                0x00000000200037d0                divmod_u64u64_unsafe
 .text.__aeabi_double_init
                0x0000000020003b0c       0x94 CMakeFiles/debugprobe.dir/home/teja/Pico/pico-sdk/src/rp2_common/pico_double/double_init_rom.c.obj
                0x0000000020003b0c                __aeabi_double_init
 .text.double_table_shim_on_use_helper
                0x0000000020003ba0       0x2c CMakeFiles/debugprobe.dir/home/teja/Pico/pico-sdk/src/rp2_common/pico_double/double_v1_rom_shim.S.obj
                0x0000000020003ba0                double_table_shim_on_use_helper
 .text.__aeabi_lmul
                0x0000000020003bcc       0x32 CMakeFiles/debugprobe.dir/home/teja/Pico/pico-sdk/src/rp2_common/pico_int64_ops/pico_int64_ops_aeabi.S.obj
                0x0000000020003bcc                __wrap___aeabi_lmul
 *fill*         0x0000000020003bfe        0x2 
 .text.__aeabi_float_init
                0x0000000020003c00       0x64 CMakeFiles/debugprobe.dir/home/teja/Pico/pico-sdk/src/rp2_common/pico_float/float_init_rom.c.obj
                0x0000000020003c00                __aeabi_float_init
 .text.float_table_shim_on_use_helper
                0x0000000020003c64       0x2c CMakeFiles/debugprobe.dir/home/teja/Pico/pico-sdk/src/rp2_common/pico_float/float_v1_rom_shim.S.obj
                0x0000000020003c64                float_table_shim_on_use_helper
 .text          0x0000000020003c90       0x10 CMakeFiles/debugprobe.dir/home/teja/Pico/pico-sdk/src/rp2_common/pico_mem_ops/mem_ops_aeabi.S.obj
                0x0000000020003c90                __aeabi_mem_init
 .text.memset   0x0000000020003ca0        0xc CMakeFiles/debugprobe.dir/home/teja/Pico/pico-sdk/src/rp2_common/pico_mem_ops/mem_ops_aeabi.S.obj
                0x0000000020003ca0                __wrap_memset
 .text.memcpy   0x0000000020003cac        0xc CMakeFiles/debugprobe.dir/home/teja/Pico/pico-sdk/src/rp2_common/pico_mem_ops/mem_ops_aeabi.S.obj
                0x0000000020003cac                __wrap___aeabi_memcpy
                0x0000000020003cac                __wrap_memcpy
 .text.stdio_out_chars_no_crlf
                0x0000000020003cb8       0x10 CMakeFiles/debugprobe.dir/home/teja/Pico/pico-sdk/src/rp2_common/pico_stdio/stdio.c.obj
 .text.stdio_out_chars_crlf
                0x0000000020003cc8       0xb4 CMakeFiles/debugprobe.dir/home/teja/Pico/pico-sdk/src/rp2_common/pico_stdio/stdio.c.obj
 .text.stdio_put_string.isra.0
                0x0000000020003d7c       0xfc CMakeFiles/debugprobe.dir/home/teja/Pico/pico-sdk/src/rp2_common/pico_stdio/stdio.c.obj
 .text.__wrap_putchar
                0x0000000020003e78       0x98 CMakeFiles/debugprobe.dir/home/teja/Pico/pico-sdk/src/rp2_common/pico_stdio/stdio.c.obj
                0x0000000020003e78                __wrap_putchar
 .text.__wrap_puts
                0x0000000020003f10       0x3c CMakeFiles/debugprobe.dir/home/teja/Pico/pico-sdk/src/rp2_common/pico_stdio/stdio.c.obj
                0x0000000020003f10                __wrap_puts
 .text.stdio_set_driver_enabled
                0x0000000020003f4c       0x30 CMakeFiles/debugprobe.dir/home/teja/Pico/pico-sdk/src/rp2_common/pico_stdio/stdio.c.obj
                0x0000000020003f4c                stdio_set_driver_enabled
 .text.stdio_uart_out_chars
                0x0000000020003f7c       0x4c CMakeFiles/debugprobe.dir/home/teja/Pico/pico-sdk/src/rp2_common/pico_stdio_uart/stdio_uart.c.obj
 .text.stdio_uart_in_chars
                0x0000000020003fc8       0x84 CMakeFiles/debugprobe.dir/home/teja/Pico/pico-sdk/src/rp2_common/pico_stdio_uart/stdio_uart.c.obj
                0x0000000020003fc8                stdio_uart_in_chars
 .text.on_uart_rx
                0x000000002000404c       0x28 CMakeFiles/debugprobe.dir/home/teja/Pico/pico-sdk/src/rp2_common/pico_stdio_uart/stdio_uart.c.obj
 .text.stdio_uart_set_chars_available_callback
                0x0000000020004074       0x8c CMakeFiles/debugprobe.dir/home/teja/Pico/pico-sdk/src/rp2_common/pico_stdio_uart/stdio_uart.c.obj
 .text.stdio_uart_init
                0x0000000020004100       0x48 CMakeFiles/debugprobe.dir/home/teja/Pico/pico-sdk/src/rp2_common/pico_stdio_uart/stdio_uart.c.obj
                0x0000000020004100                stdio_uart_init
 .text.stdio_uart_init_full
                0x0000000020004148       0x3c CMakeFiles/debugprobe.dir/home/teja/Pico/pico-sdk/src/rp2_common/pico_stdio_uart/stdio_uart.c.obj
                0x0000000020004148                stdio_uart_init_full
 .text.startup._retrieve_unique_id_on_boot
                0x0000000020004184       0x10 CMakeFiles/debugprobe.dir/home/teja/Pico/pico-sdk/src/rp2_common/pico_unique_id/unique_id.c.obj
 .text.pico_get_unique_board_id
                0x0000000020004194       0x10 CMakeFiles/debugprobe.dir/home/teja/Pico/pico-sdk/src/rp2_common/pico_unique_id/unique_id.c.obj
                0x0000000020004194                pico_get_unique_board_id
 .text.flash_get_unique_id
                0x00000000200041a4       0x40 CMakeFiles/debugprobe.dir/home/teja/Pico/pico-sdk/src/rp2_common/hardware_flash/flash.c.obj
                0x00000000200041a4                flash_get_unique_id
 .text.dcd_int_enable
                0x00000000200041e4        0xc CMakeFiles/debugprobe.dir/home/teja/Pico/pico-sdk/lib/tinyusb/src/portable/raspberrypi/rp2040/dcd_rp2040.c.obj
                0x00000000200041e4                dcd_int_enable
 .text.dcd_set_address
                0x00000000200041f0       0x14 CMakeFiles/debugprobe.dir/home/teja/Pico/pico-sdk/lib/tinyusb/src/portable/raspberrypi/rp2040/dcd_rp2040.c.obj
                0x00000000200041f0                dcd_set_address
 .text.dcd_connect
                0x0000000020004204       0x10 CMakeFiles/debugprobe.dir/home/teja/Pico/pico-sdk/lib/tinyusb/src/portable/raspberrypi/rp2040/dcd_rp2040.c.obj
                0x0000000020004204                dcd_connect
 .text.dcd_init
                0x0000000020004214       0x98 CMakeFiles/debugprobe.dir/home/teja/Pico/pico-sdk/lib/tinyusb/src/portable/raspberrypi/rp2040/dcd_rp2040.c.obj
                0x0000000020004214                dcd_init
 .text.dcd_edpt0_status_complete
                0x00000000200042ac       0x1c CMakeFiles/debugprobe.dir/home/teja/Pico/pico-sdk/lib/tinyusb/src/portable/raspberrypi/rp2040/dcd_rp2040.c.obj
                0x00000000200042ac                dcd_edpt0_status_complete
 .text.dcd_edpt_open
                0x00000000200042c8      0x108 CMakeFiles/debugprobe.dir/home/teja/Pico/pico-sdk/lib/tinyusb/src/portable/raspberrypi/rp2040/dcd_rp2040.c.obj
                0x00000000200042c8                dcd_edpt_open
 .text.dcd_edpt_close_all
                0x00000000200043d0        0x8 CMakeFiles/debugprobe.dir/home/teja/Pico/pico-sdk/lib/tinyusb/src/portable/raspberrypi/rp2040/dcd_rp2040.c.obj
                0x00000000200043d0                dcd_edpt_close_all
 .text.dcd_edpt_xfer
                0x00000000200043d8       0x24 CMakeFiles/debugprobe.dir/home/teja/Pico/pico-sdk/lib/tinyusb/src/portable/raspberrypi/rp2040/dcd_rp2040.c.obj
                0x00000000200043d8                dcd_edpt_xfer
 .text.dcd_edpt_stall
                0x00000000200043fc       0x38 CMakeFiles/debugprobe.dir/home/teja/Pico/pico-sdk/lib/tinyusb/src/portable/raspberrypi/rp2040/dcd_rp2040.c.obj
                0x00000000200043fc                dcd_edpt_stall
 .text.dcd_edpt_clear_stall
                0x0000000020004434       0x30 CMakeFiles/debugprobe.dir/home/teja/Pico/pico-sdk/lib/tinyusb/src/portable/raspberrypi/rp2040/dcd_rp2040.c.obj
                0x0000000020004434                dcd_edpt_clear_stall
 .text.rp2040_usb_init
                0x0000000020004464       0x4c CMakeFiles/debugprobe.dir/home/teja/Pico/pico-sdk/lib/tinyusb/src/portable/raspberrypi/rp2040/rp2040_usb.c.obj
                0x0000000020004464                rp2040_usb_init
 .text.hw_endpoint_xfer_start
                0x00000000200044b0       0x50 CMakeFiles/debugprobe.dir/home/teja/Pico/pico-sdk/lib/tinyusb/src/portable/raspberrypi/rp2040/rp2040_usb.c.obj
                0x00000000200044b0                hw_endpoint_xfer_start
 .text.configuration_reset
                0x0000000020004500       0xac CMakeFiles/debugprobe.dir/home/teja/Pico/pico-sdk/lib/tinyusb/src/device/usbd.c.obj
 .text.tud_mounted
                0x00000000200045ac       0x10 CMakeFiles/debugprobe.dir/home/teja/Pico/pico-sdk/lib/tinyusb/src/device/usbd.c.obj
                0x00000000200045ac                tud_mounted
 .text.tud_suspended
                0x00000000200045bc       0x10 CMakeFiles/debugprobe.dir/home/teja/Pico/pico-sdk/lib/tinyusb/src/device/usbd.c.obj
                0x00000000200045bc                tud_suspended
 .text.tud_inited
                0x00000000200045cc       0x14 CMakeFiles/debugprobe.dir/home/teja/Pico/pico-sdk/lib/tinyusb/src/device/usbd.c.obj
                0x00000000200045cc                tud_inited
 .text.tud_init
                0x00000000200045e0      0x104 CMakeFiles/debugprobe.dir/home/teja/Pico/pico-sdk/lib/tinyusb/src/device/usbd.c.obj
                0x00000000200045e0                tud_init
 .text.tud_task_event_ready
                0x00000000200046e4       0x20 CMakeFiles/debugprobe.dir/home/teja/Pico/pico-sdk/lib/tinyusb/src/device/usbd.c.obj
                0x00000000200046e4                tud_task_event_ready
 .text.tud_task_ext
                0x0000000020004704      0x768 CMakeFiles/debugprobe.dir/home/teja/Pico/pico-sdk/lib/tinyusb/src/device/usbd.c.obj
                0x0000000020004704                tud_task_ext
 .text.usbd_open_edpt_pair
                0x0000000020004e6c       0x9c CMakeFiles/debugprobe.dir/home/teja/Pico/pico-sdk/lib/tinyusb/src/device/usbd.c.obj
                0x0000000020004e6c                usbd_open_edpt_pair
 .text.usbd_edpt_open
                0x0000000020004f08       0x34 CMakeFiles/debugprobe.dir/home/teja/Pico/pico-sdk/lib/tinyusb/src/device/usbd.c.obj
                0x0000000020004f08                usbd_edpt_open
 .text.usbd_edpt_claim
                0x0000000020004f3c       0x28 CMakeFiles/debugprobe.dir/home/teja/Pico/pico-sdk/lib/tinyusb/src/device/usbd.c.obj
                0x0000000020004f3c                usbd_edpt_claim
 .text.usbd_edpt_release
                0x0000000020004f64       0x28 CMakeFiles/debugprobe.dir/home/teja/Pico/pico-sdk/lib/tinyusb/src/device/usbd.c.obj
                0x0000000020004f64                usbd_edpt_release
 .text.usbd_edpt_xfer
                0x0000000020004f8c       0x4c CMakeFiles/debugprobe.dir/home/teja/Pico/pico-sdk/lib/tinyusb/src/device/usbd.c.obj
                0x0000000020004f8c                usbd_edpt_xfer
 .text.usbd_edpt_busy
                0x0000000020004fd8       0x1c CMakeFiles/debugprobe.dir/home/teja/Pico/pico-sdk/lib/tinyusb/src/device/usbd.c.obj
                0x0000000020004fd8                usbd_edpt_busy
 .text.tud_control_status
                0x0000000020004ff4       0x30 CMakeFiles/debugprobe.dir/home/teja/Pico/pico-sdk/lib/tinyusb/src/device/usbd_control.c.obj
                0x0000000020004ff4                tud_control_status
 .text.tud_control_xfer
                0x0000000020005024       0xbc CMakeFiles/debugprobe.dir/home/teja/Pico/pico-sdk/lib/tinyusb/src/device/usbd_control.c.obj
                0x0000000020005024                tud_control_xfer
 .text.usbd_control_reset
                0x00000000200050e0       0x14 CMakeFiles/debugprobe.dir/home/teja/Pico/pico-sdk/lib/tinyusb/src/device/usbd_control.c.obj
                0x00000000200050e0                usbd_control_reset
 .text.usbd_control_set_complete_callback
                0x00000000200050f4        0xc CMakeFiles/debugprobe.dir/home/teja/Pico/pico-sdk/lib/tinyusb/src/device/usbd_control.c.obj
                0x00000000200050f4                usbd_control_set_complete_callback
 .text.usbd_control_set_request
                0x0000000020005100       0x1c CMakeFiles/debugprobe.dir/home/teja/Pico/pico-sdk/lib/tinyusb/src/device/usbd_control.c.obj
                0x0000000020005100                usbd_control_set_request
 .text.usbd_control_xfer_cb
                0x000000002000511c       0xfc CMakeFiles/debugprobe.dir/home/teja/Pico/pico-sdk/lib/tinyusb/src/device/usbd_control.c.obj
                0x000000002000511c                usbd_control_xfer_cb
 .text.tud_cdc_n_write_flush
                0x0000000020005218       0x7c CMakeFiles/debugprobe.dir/home/teja/Pico/pico-sdk/lib/tinyusb/src/class/cdc/cdc_device.c.obj
                0x0000000020005218                tud_cdc_n_write_flush
 .text.cdcd_init
                0x0000000020005294       0x7c CMakeFiles/debugprobe.dir/home/teja/Pico/pico-sdk/lib/tinyusb/src/class/cdc/cdc_device.c.obj
                0x0000000020005294                cdcd_init
 .text.cdcd_reset
                0x0000000020005310       0x2c CMakeFiles/debugprobe.dir/home/teja/Pico/pico-sdk/lib/tinyusb/src/class/cdc/cdc_device.c.obj
                0x0000000020005310                cdcd_reset
 .text.cdcd_open
                0x000000002000533c       0xe8 CMakeFiles/debugprobe.dir/home/teja/Pico/pico-sdk/lib/tinyusb/src/class/cdc/cdc_device.c.obj
                0x000000002000533c                cdcd_open
 .text.cdcd_control_xfer_cb
                0x0000000020005424       0xe4 CMakeFiles/debugprobe.dir/home/teja/Pico/pico-sdk/lib/tinyusb/src/class/cdc/cdc_device.c.obj
                0x0000000020005424                cdcd_control_xfer_cb
 .text.cdcd_xfer_cb
                0x0000000020005508      0x14c CMakeFiles/debugprobe.dir/home/teja/Pico/pico-sdk/lib/tinyusb/src/class/cdc/cdc_device.c.obj
                0x0000000020005508                cdcd_xfer_cb
 .text.tud_hid_n_report
                0x0000000020005654       0x90 CMakeFiles/debugprobe.dir/home/teja/Pico/pico-sdk/lib/tinyusb/src/class/hid/hid_device.c.obj
                0x0000000020005654                tud_hid_n_report
 .text.hidd_init
                0x00000000200056e4       0x14 CMakeFiles/debugprobe.dir/home/teja/Pico/pico-sdk/lib/tinyusb/src/class/hid/hid_device.c.obj
                0x00000000200056e4                hidd_init
 .text.hidd_reset
                0x00000000200056f8       0x14 CMakeFiles/debugprobe.dir/home/teja/Pico/pico-sdk/lib/tinyusb/src/class/hid/hid_device.c.obj
                0x00000000200056f8                hidd_reset
 .text.hidd_open
                0x000000002000570c       0x90 CMakeFiles/debugprobe.dir/home/teja/Pico/pico-sdk/lib/tinyusb/src/class/hid/hid_device.c.obj
                0x000000002000570c                hidd_open
 .text.hidd_control_xfer_cb
                0x000000002000579c      0x1bc CMakeFiles/debugprobe.dir/home/teja/Pico/pico-sdk/lib/tinyusb/src/class/hid/hid_device.c.obj
                0x000000002000579c                hidd_control_xfer_cb
 .text.hidd_xfer_cb
                0x0000000020005958       0x68 CMakeFiles/debugprobe.dir/home/teja/Pico/pico-sdk/lib/tinyusb/src/class/hid/hid_device.c.obj
                0x0000000020005958                hidd_xfer_cb
 .text.vendord_init
                0x00000000200059c0       0x6c CMakeFiles/debugprobe.dir/home/teja/Pico/pico-sdk/lib/tinyusb/src/class/vendor/vendor_device.c.obj
                0x00000000200059c0                vendord_init
 .text.vendord_reset
                0x0000000020005a2c       0x1c CMakeFiles/debugprobe.dir/home/teja/Pico/pico-sdk/lib/tinyusb/src/class/vendor/vendor_device.c.obj
                0x0000000020005a2c                vendord_reset
 .text.vendord_open
                0x0000000020005a48       0xd0 CMakeFiles/debugprobe.dir/home/teja/Pico/pico-sdk/lib/tinyusb/src/class/vendor/vendor_device.c.obj
                0x0000000020005a48                vendord_open
 .text.vendord_xfer_cb
                0x0000000020005b18       0xb4 CMakeFiles/debugprobe.dir/home/teja/Pico/pico-sdk/lib/tinyusb/src/class/vendor/vendor_device.c.obj
                0x0000000020005b18                vendord_xfer_cb
 .text.tusb_init
                0x0000000020005bcc        0xc CMakeFiles/debugprobe.dir/home/teja/Pico/pico-sdk/lib/tinyusb/src/tusb.c.obj
                0x0000000020005bcc                tusb_init
 .text.tusb_inited
                0x0000000020005bd8        0x8 CMakeFiles/debugprobe.dir/home/teja/Pico/pico-sdk/lib/tinyusb/src/tusb.c.obj
                0x0000000020005bd8                tusb_inited
 .text.tu_edpt_claim
                0x0000000020005be0       0x50 CMakeFiles/debugprobe.dir/home/teja/Pico/pico-sdk/lib/tinyusb/src/tusb.c.obj
                0x0000000020005be0                tu_edpt_claim
 .text.tu_edpt_release
                0x0000000020005c30       0x38 CMakeFiles/debugprobe.dir/home/teja/Pico/pico-sdk/lib/tinyusb/src/tusb.c.obj
                0x0000000020005c30                tu_edpt_release
 .text.tu_edpt_validate
                0x0000000020005c68       0x78 CMakeFiles/debugprobe.dir/home/teja/Pico/pico-sdk/lib/tinyusb/src/tusb.c.obj
                0x0000000020005c68                tu_edpt_validate
 .text.tu_edpt_bind_driver
                0x0000000020005ce0       0x34 CMakeFiles/debugprobe.dir/home/teja/Pico/pico-sdk/lib/tinyusb/src/tusb.c.obj
                0x0000000020005ce0                tu_edpt_bind_driver
 .text.tu_fifo_config
                0x0000000020005d14       0x70 CMakeFiles/debugprobe.dir/home/teja/Pico/pico-sdk/lib/tinyusb/src/common/tusb_fifo.c.obj
                0x0000000020005d14                tu_fifo_config
 .text.tu_fifo_count
                0x0000000020005d84       0x2c CMakeFiles/debugprobe.dir/home/teja/Pico/pico-sdk/lib/tinyusb/src/common/tusb_fifo.c.obj
                0x0000000020005d84                tu_fifo_count
 .text.tu_fifo_empty
                0x0000000020005db0       0x10 CMakeFiles/debugprobe.dir/home/teja/Pico/pico-sdk/lib/tinyusb/src/common/tusb_fifo.c.obj
                0x0000000020005db0                tu_fifo_empty
 .text.tu_fifo_remaining
                0x0000000020005dc0       0x2c CMakeFiles/debugprobe.dir/home/teja/Pico/pico-sdk/lib/tinyusb/src/common/tusb_fifo.c.obj
                0x0000000020005dc0                tu_fifo_remaining
 .text.tu_fifo_read
                0x0000000020005dec       0xa0 CMakeFiles/debugprobe.dir/home/teja/Pico/pico-sdk/lib/tinyusb/src/common/tusb_fifo.c.obj
                0x0000000020005dec                tu_fifo_read
 .text.tu_fifo_read_n
                0x0000000020005e8c       0xec CMakeFiles/debugprobe.dir/home/teja/Pico/pico-sdk/lib/tinyusb/src/common/tusb_fifo.c.obj
                0x0000000020005e8c                tu_fifo_read_n
 .text.tu_fifo_write
                0x0000000020005f78       0x88 CMakeFiles/debugprobe.dir/home/teja/Pico/pico-sdk/lib/tinyusb/src/common/tusb_fifo.c.obj
                0x0000000020005f78                tu_fifo_write
 .text.tu_fifo_write_n
                0x0000000020006000      0x168 CMakeFiles/debugprobe.dir/home/teja/Pico/pico-sdk/lib/tinyusb/src/common/tusb_fifo.c.obj
                0x0000000020006000                tu_fifo_write_n
 .text.tu_fifo_clear
                0x0000000020006168       0x40 CMakeFiles/debugprobe.dir/home/teja/Pico/pico-sdk/lib/tinyusb/src/common/tusb_fifo.c.obj
                0x0000000020006168                tu_fifo_clear
 .text.tu_fifo_set_overwritable
                0x00000000200061a8       0x48 CMakeFiles/debugprobe.dir/home/teja/Pico/pico-sdk/lib/tinyusb/src/common/tusb_fifo.c.obj
                0x00000000200061a8                tu_fifo_set_overwritable
 .text.hw_enumeration_fix_force_ls_j_done
                0x00000000200061f0       0x44 CMakeFiles/debugprobe.dir/home/teja/Pico/pico-sdk/src/rp2_common/pico_fix/rp2040_usb_device_enumeration/rp2040_usb_device_enumeration.c.obj
                0x00000000200061f0                hw_enumeration_fix_force_ls_j_done
 .text.hw_enumeration_fix_force_ls_j
                0x0000000020006234      0x104 CMakeFiles/debugprobe.dir/home/teja/Pico/pico-sdk/src/rp2_common/pico_fix/rp2040_usb_device_enumeration/rp2040_usb_device_enumeration.c.obj
 .text.hw_enumeration_fix_wait_se0_callback
                0x0000000020006338       0x24 CMakeFiles/debugprobe.dir/home/teja/Pico/pico-sdk/src/rp2_common/pico_fix/rp2040_usb_device_enumeration/rp2040_usb_device_enumeration.c.obj
                0x0000000020006338                hw_enumeration_fix_wait_se0_callback
 .text.rp2040_usb_device_enumeration_fix
                0x000000002000635c       0x64 CMakeFiles/debugprobe.dir/home/teja/Pico/pico-sdk/src/rp2_common/pico_fix/rp2040_usb_device_enumeration/rp2040_usb_device_enumeration.c.obj
                0x000000002000635c                rp2040_usb_device_enumeration_fix
 .text.board_init
                0x00000000200063c0       0x30 CMakeFiles/debugprobe.dir/home/teja/Pico/pico-sdk/lib/tinyusb/hw/bsp/rp2040/family.c.obj
                0x00000000200063c0                board_init
 .text.vPortSVCHandler
                0x00000000200063f0        0x4 CMakeFiles/debugprobe.dir/freertos/portable/ThirdParty/GCC/RP2040/port.c.obj
                0x00000000200063f0                vPortSVCHandler
 .text.vPortStartFirstTask
                0x00000000200063f4       0x28 CMakeFiles/debugprobe.dir/freertos/portable/ThirdParty/GCC/RP2040/port.c.obj
 .text.xPortPendSVHandler
                0x000000002000641c       0x60 CMakeFiles/debugprobe.dir/freertos/portable/ThirdParty/GCC/RP2040/port.c.obj
                0x000000002000641c                xPortPendSVHandler
 .text.prvFIFOInterruptHandler
                0x000000002000647c       0x78 CMakeFiles/debugprobe.dir/freertos/portable/ThirdParty/GCC/RP2040/port.c.obj
 .text.prvTaskExitError
                0x00000000200064f4        0x8 CMakeFiles/debugprobe.dir/freertos/portable/ThirdParty/GCC/RP2040/port.c.obj
 .text.pxPortInitialiseStack
                0x00000000200064fc       0x20 CMakeFiles/debugprobe.dir/freertos/portable/ThirdParty/GCC/RP2040/port.c.obj
                0x00000000200064fc                pxPortInitialiseStack
 .text.vPortYield
                0x000000002000651c       0x18 CMakeFiles/debugprobe.dir/freertos/portable/ThirdParty/GCC/RP2040/port.c.obj
                0x000000002000651c                vPortYield
 .text.vPortEnterCritical
                0x0000000020006534       0x18 CMakeFiles/debugprobe.dir/freertos/portable/ThirdParty/GCC/RP2040/port.c.obj
                0x0000000020006534                vPortEnterCritical
 .text.vPortExitCritical
                0x000000002000654c       0x34 CMakeFiles/debugprobe.dir/freertos/portable/ThirdParty/GCC/RP2040/port.c.obj
                0x000000002000654c                vPortExitCritical
 .text.ulSetInterruptMaskFromISR
                0x0000000020006580        0x8 CMakeFiles/debugprobe.dir/freertos/portable/ThirdParty/GCC/RP2040/port.c.obj
                0x0000000020006580                ulSetInterruptMaskFromISR
 .text.vClearInterruptMaskFromISR
                0x0000000020006588        0x8 CMakeFiles/debugprobe.dir/freertos/portable/ThirdParty/GCC/RP2040/port.c.obj
                0x0000000020006588                vClearInterruptMaskFromISR
 .text.xPortSysTickHandler
                0x0000000020006590       0x24 CMakeFiles/debugprobe.dir/freertos/portable/ThirdParty/GCC/RP2040/port.c.obj
                0x0000000020006590                xPortSysTickHandler
 .text.vPortSetupTimerInterrupt
                0x00000000200065b4       0x34 CMakeFiles/debugprobe.dir/freertos/portable/ThirdParty/GCC/RP2040/port.c.obj
                0x00000000200065b4                vPortSetupTimerInterrupt
 .text.xPortStartScheduler
                0x00000000200065e8       0xa8 CMakeFiles/debugprobe.dir/freertos/portable/ThirdParty/GCC/RP2040/port.c.obj
                0x00000000200065e8                xPortStartScheduler
 .text.ulPortLockGetCurrentOwnerId
                0x0000000020006690       0x2c CMakeFiles/debugprobe.dir/freertos/portable/ThirdParty/GCC/RP2040/port.c.obj
                0x0000000020006690                ulPortLockGetCurrentOwnerId
 .text.vPortLockInternalSpinUnlockWithNotify
                0x00000000200066bc       0xc8 CMakeFiles/debugprobe.dir/freertos/portable/ThirdParty/GCC/RP2040/port.c.obj
                0x00000000200066bc                vPortLockInternalSpinUnlockWithNotify
 .text.xPortLockInternalSpinUnlockWithBestEffortWaitOrTimeout
                0x0000000020006784       0xf4 CMakeFiles/debugprobe.dir/freertos/portable/ThirdParty/GCC/RP2040/port.c.obj
                0x0000000020006784                xPortLockInternalSpinUnlockWithBestEffortWaitOrTimeout
 .text.startup.prvRuntimeInitializer
                0x0000000020006878       0x28 CMakeFiles/debugprobe.dir/freertos/portable/ThirdParty/GCC/RP2040/port.c.obj
 .text.vEventGroupSetBitsCallback
                0x00000000200068a0       0x8c CMakeFiles/debugprobe.dir/freertos/event_groups.c.obj
                0x00000000200068a0                vEventGroupSetBitsCallback
 .text.xEventGroupCreate
                0x000000002000692c       0x18 CMakeFiles/debugprobe.dir/freertos/event_groups.c.obj
                0x000000002000692c                xEventGroupCreate
 .text.xEventGroupWaitBits
                0x0000000020006944       0xb8 CMakeFiles/debugprobe.dir/freertos/event_groups.c.obj
                0x0000000020006944                xEventGroupWaitBits
 .text.xEventGroupSetBits
                0x00000000200069fc       0x90 CMakeFiles/debugprobe.dir/freertos/event_groups.c.obj
                0x00000000200069fc                xEventGroupSetBits
 .text.xEventGroupSetBitsFromISR
                0x0000000020006a8c       0x14 CMakeFiles/debugprobe.dir/freertos/event_groups.c.obj
                0x0000000020006a8c                xEventGroupSetBitsFromISR
 .text.vListInitialise
                0x0000000020006aa0       0x18 CMakeFiles/debugprobe.dir/freertos/list.c.obj
                0x0000000020006aa0                vListInitialise
 .text.vListInitialiseItem
                0x0000000020006ab8        0x8 CMakeFiles/debugprobe.dir/freertos/list.c.obj
                0x0000000020006ab8                vListInitialiseItem
 .text.vListInsertEnd
                0x0000000020006ac0       0x18 CMakeFiles/debugprobe.dir/freertos/list.c.obj
                0x0000000020006ac0                vListInsertEnd
 .text.vListInsert
                0x0000000020006ad8       0x30 CMakeFiles/debugprobe.dir/freertos/list.c.obj
                0x0000000020006ad8                vListInsert
 .text.uxListRemove
                0x0000000020006b08       0x24 CMakeFiles/debugprobe.dir/freertos/list.c.obj
                0x0000000020006b08                uxListRemove
 .text.prvUnlockQueue
                0x0000000020006b2c      0x148 CMakeFiles/debugprobe.dir/freertos/queue.c.obj
 .text.prvNotifyQueueSetContainer
                0x0000000020006c74       0x9c CMakeFiles/debugprobe.dir/freertos/queue.c.obj
 .text.xQueueGenericCreate
                0x0000000020006d10       0xa0 CMakeFiles/debugprobe.dir/freertos/queue.c.obj
                0x0000000020006d10                xQueueGenericCreate
 .text.xQueueGenericSendFromISR
                0x0000000020006db0      0x138 CMakeFiles/debugprobe.dir/freertos/queue.c.obj
                0x0000000020006db0                xQueueGenericSendFromISR
 .text.xQueueReceive
                0x0000000020006ee8      0x11c CMakeFiles/debugprobe.dir/freertos/queue.c.obj
                0x0000000020006ee8                xQueueReceive
 .text.vQueueAddToRegistry
                0x0000000020007004       0xec CMakeFiles/debugprobe.dir/freertos/queue.c.obj
                0x0000000020007004                vQueueAddToRegistry
 .text.vQueueWaitForMessageRestricted
                0x00000000200070f0       0x48 CMakeFiles/debugprobe.dir/freertos/queue.c.obj
                0x00000000200070f0                vQueueWaitForMessageRestricted
 .text.prvIdleTask
                0x0000000020007138       0x60 CMakeFiles/debugprobe.dir/freertos/tasks.c.obj
 .text.vTaskSwitchContext.part.0
                0x0000000020007198       0x80 CMakeFiles/debugprobe.dir/freertos/tasks.c.obj
 .text.xTaskCreate
                0x0000000020007218      0x280 CMakeFiles/debugprobe.dir/freertos/tasks.c.obj
                0x0000000020007218                xTaskCreate
 .text.vTaskSuspend
                0x0000000020007498       0xcc CMakeFiles/debugprobe.dir/freertos/tasks.c.obj
                0x0000000020007498                vTaskSuspend
 .text.vTaskResume
                0x0000000020007564       0x8c CMakeFiles/debugprobe.dir/freertos/tasks.c.obj
                0x0000000020007564                vTaskResume
 .text.vTaskStartScheduler
                0x00000000200075f0      0x1e0 CMakeFiles/debugprobe.dir/freertos/tasks.c.obj
                0x00000000200075f0                vTaskStartScheduler
 .text.vTaskSuspendAll
                0x00000000200077d0       0x10 CMakeFiles/debugprobe.dir/freertos/tasks.c.obj
                0x00000000200077d0                vTaskSuspendAll
 .text.xTaskGetTickCount
                0x00000000200077e0        0xc CMakeFiles/debugprobe.dir/freertos/tasks.c.obj
                0x00000000200077e0                xTaskGetTickCount
 .text.uxTaskGetNumberOfTasks
                0x00000000200077ec        0xc CMakeFiles/debugprobe.dir/freertos/tasks.c.obj
                0x00000000200077ec                uxTaskGetNumberOfTasks
 .text.xTaskIncrementTick
                0x00000000200077f8      0x1d0 CMakeFiles/debugprobe.dir/freertos/tasks.c.obj
                0x00000000200077f8                xTaskIncrementTick
 .text.xTaskResumeAll
                0x00000000200079c8      0x170 CMakeFiles/debugprobe.dir/freertos/tasks.c.obj
                0x00000000200079c8                xTaskResumeAll
 .text.xTaskDelayUntil
                0x0000000020007b38       0xa4 CMakeFiles/debugprobe.dir/freertos/tasks.c.obj
                0x0000000020007b38                xTaskDelayUntil
 .text.vTaskDelay
                0x0000000020007bdc       0x78 CMakeFiles/debugprobe.dir/freertos/tasks.c.obj
                0x0000000020007bdc                vTaskDelay
 .text.vTaskSwitchContext
                0x0000000020007c54       0x20 CMakeFiles/debugprobe.dir/freertos/tasks.c.obj
                0x0000000020007c54                vTaskSwitchContext
 .text.vTaskPlaceOnEventList
                0x0000000020007c74       0x98 CMakeFiles/debugprobe.dir/freertos/tasks.c.obj
                0x0000000020007c74                vTaskPlaceOnEventList
 .text.vTaskPlaceOnUnorderedEventList
                0x0000000020007d0c       0xbc CMakeFiles/debugprobe.dir/freertos/tasks.c.obj
                0x0000000020007d0c                vTaskPlaceOnUnorderedEventList
 .text.vTaskPlaceOnEventListRestricted
                0x0000000020007dc8       0xc4 CMakeFiles/debugprobe.dir/freertos/tasks.c.obj
                0x0000000020007dc8                vTaskPlaceOnEventListRestricted
 .text.xTaskRemoveFromEventList
                0x0000000020007e8c       0xd8 CMakeFiles/debugprobe.dir/freertos/tasks.c.obj
                0x0000000020007e8c                xTaskRemoveFromEventList
 .text.vTaskRemoveFromUnorderedEventList
                0x0000000020007f64       0x98 CMakeFiles/debugprobe.dir/freertos/tasks.c.obj
                0x0000000020007f64                vTaskRemoveFromUnorderedEventList
 .text.vTaskInternalSetTimeOutState
                0x0000000020007ffc       0x18 CMakeFiles/debugprobe.dir/freertos/tasks.c.obj
                0x0000000020007ffc                vTaskInternalSetTimeOutState
 .text.xTaskCheckForTimeOut
                0x0000000020008014       0x74 CMakeFiles/debugprobe.dir/freertos/tasks.c.obj
                0x0000000020008014                xTaskCheckForTimeOut
 .text.vTaskMissedYield
                0x0000000020008088        0xc CMakeFiles/debugprobe.dir/freertos/tasks.c.obj
                0x0000000020008088                vTaskMissedYield
 .text.xTaskGetCurrentTaskHandle
                0x0000000020008094        0xc CMakeFiles/debugprobe.dir/freertos/tasks.c.obj
                0x0000000020008094                xTaskGetCurrentTaskHandle
 .text.xTaskPriorityDisinherit
                0x00000000200080a0       0x64 CMakeFiles/debugprobe.dir/freertos/tasks.c.obj
                0x00000000200080a0                xTaskPriorityDisinherit
 .text.uxTaskResetEventItemValue
                0x0000000020008104       0x18 CMakeFiles/debugprobe.dir/freertos/tasks.c.obj
                0x0000000020008104                uxTaskResetEventItemValue
 .text.prvTimerTask
                0x000000002000811c      0x360 CMakeFiles/debugprobe.dir/freertos/timers.c.obj
 .text.xTimerCreateTimerTask
                0x000000002000847c       0x8c CMakeFiles/debugprobe.dir/freertos/timers.c.obj
                0x000000002000847c                xTimerCreateTimerTask
 .text.xTimerPendFunctionCallFromISR
                0x0000000020008508       0x28 CMakeFiles/debugprobe.dir/freertos/timers.c.obj
                0x0000000020008508                xTimerPendFunctionCallFromISR
 .text.exception_set_exclusive_handler
                0x0000000020008530       0x48 CMakeFiles/debugprobe.dir/home/teja/Pico/pico-sdk/src/rp2_common/hardware_exception/exception.c.obj
                0x0000000020008530                exception_set_exclusive_handler
 .text.pvPortMalloc
                0x0000000020008578       0x80 CMakeFiles/debugprobe.dir/freertos/portable/MemMang/heap_1.c.obj
                0x0000000020008578                pvPortMalloc
 .text.vPortFree
                0x00000000200085f8        0x4 CMakeFiles/debugprobe.dir/freertos/portable/MemMang/heap_1.c.obj
                0x00000000200085f8                vPortFree
 .text          0x00000000200085fc        0x4 /usr/lib/gcc/arm-none-eabi/10.3.1/thumb/v6-m/nofp/libgcc.a(_dvmd_tls.o)
                0x00000000200085fc                __aeabi_ldiv0
                0x00000000200085fc                __aeabi_idiv0
 .text          0x0000000020008600       0x5c /usr/lib/gcc/arm-none-eabi/10.3.1/../../../arm-none-eabi/lib/thumb/v6-m/nofp/libc.a(lib_a-strlen-stub.o)
                0x0000000020008600                strlen
 *(.fini)
 .fini          0x000000002000865c        0x4 /usr/lib/gcc/arm-none-eabi/10.3.1/thumb/v6-m/nofp/crti.o
                0x000000002000865c                _fini
 *crtbegin.o(.ctors)
 *crtbegin?.o(.ctors)
 *(EXCLUDE_FILE(*crtend.o *crtend?.o) .ctors)
 *(SORT_BY_NAME(.ctors.*))
 *(.ctors)
 *crtbegin.o(.dtors)
 *crtbegin?.o(.dtors)
 *(EXCLUDE_FILE(*crtend.o *crtend?.o) .dtors)
 *(SORT_BY_NAME(.dtors.*))
 *(.dtors)
 *(.eh_frame*)
 .eh_frame      0x0000000020008660        0x0 /usr/lib/gcc/arm-none-eabi/10.3.1/thumb/v6-m/nofp/crtbegin.o
                0x0000000020008660                . = ALIGN (0x4)
                0x0000000020008660                __ram_text_end__ = .
                0x0000000010000304                __ram_text_source__ = LOADADDR (.text)

.glue_7         0x0000000020008660        0x0 load address 0x00000000100088a4
 .glue_7        0x0000000020008660        0x0 linker stubs

.glue_7t        0x0000000020008660        0x0 load address 0x00000000100088a4
 .glue_7t       0x0000000020008660        0x0 linker stubs

.vfp11_veneer   0x0000000020008660        0x0 load address 0x00000000100088a4
 .vfp11_veneer  0x0000000020008660        0x0 linker stubs

.v4_bx          0x0000000020008660        0x0 load address 0x00000000100088a4
 .v4_bx         0x0000000020008660        0x0 linker stubs

.iplt           0x0000000020008660        0x0 load address 0x00000000100088a4
 .iplt          0x0000000020008660        0x0 /usr/lib/gcc/arm-none-eabi/10.3.1/thumb/v6-m/nofp/crtbegin.o

.rel.dyn        0x0000000020008660        0x0 load address 0x00000000100088a4
 .rel.iplt      0x0000000020008660        0x0 /usr/lib/gcc/arm-none-eabi/10.3.1/thumb/v6-m/nofp/crtbegin.o
                0x0000000020008660                . = ALIGN (0x4)

.data           0x0000000020008660     0x1390 load address 0x00000000100088a4
                0x0000000020008660                __data_start__ = .
 *(vtable)
 *(.time_critical*)
 .time_critical.mutex_try_enter_block_until
                0x0000000020008660       0x9c CMakeFiles/debugprobe.dir/home/teja/Pico/pico-sdk/src/common/pico_sync/mutex.c.obj
                0x0000000020008660                mutex_try_enter_block_until
 .time_critical.mutex_enter_timeout_ms
                0x00000000200086fc       0x78 CMakeFiles/debugprobe.dir/home/teja/Pico/pico-sdk/src/common/pico_sync/mutex.c.obj
                0x00000000200086fc                mutex_enter_timeout_ms
 .time_critical.mutex_exit
                0x0000000020008774       0x20 CMakeFiles/debugprobe.dir/home/teja/Pico/pico-sdk/src/common/pico_sync/mutex.c.obj
                0x0000000020008774                mutex_exit
 .time_critical.flash_init_boot2_copyout
                0x0000000020008794       0x30 CMakeFiles/debugprobe.dir/home/teja/Pico/pico-sdk/src/rp2_common/hardware_flash/flash.c.obj
 .time_critical.flash_enable_xip_via_boot2
                0x00000000200087c4       0x10 CMakeFiles/debugprobe.dir/home/teja/Pico/pico-sdk/src/rp2_common/hardware_flash/flash.c.obj
 .time_critical.flash_cs_force
                0x00000000200087d4       0x38 CMakeFiles/debugprobe.dir/home/teja/Pico/pico-sdk/src/rp2_common/hardware_flash/flash.c.obj
 .time_critical.flash_do_cmd
                0x000000002000880c       0xc4 CMakeFiles/debugprobe.dir/home/teja/Pico/pico-sdk/src/rp2_common/hardware_flash/flash.c.obj
                0x000000002000880c                flash_do_cmd
 .time_critical.reset_non_control_endpoints
                0x00000000200088d0       0xbc CMakeFiles/debugprobe.dir/home/teja/Pico/pico-sdk/lib/tinyusb/src/portable/raspberrypi/rp2040/dcd_rp2040.c.obj
 .time_critical.hw_handle_buff_status
                0x000000002000898c       0xa8 CMakeFiles/debugprobe.dir/home/teja/Pico/pico-sdk/lib/tinyusb/src/portable/raspberrypi/rp2040/dcd_rp2040.c.obj
 .time_critical.dcd_rp2040_irq
                0x0000000020008a34      0x4e0 CMakeFiles/debugprobe.dir/home/teja/Pico/pico-sdk/lib/tinyusb/src/portable/raspberrypi/rp2040/dcd_rp2040.c.obj
 .time_critical.e15_is_bulkin_ep
                0x0000000020008f14       0x28 CMakeFiles/debugprobe.dir/home/teja/Pico/pico-sdk/lib/tinyusb/src/portable/raspberrypi/rp2040/rp2040_usb.c.obj
 .time_critical.e15_is_critical_frame_period
                0x0000000020008f3c       0x34 CMakeFiles/debugprobe.dir/home/teja/Pico/pico-sdk/lib/tinyusb/src/portable/raspberrypi/rp2040/rp2040_usb.c.obj
 .time_critical.prepare_ep_buffer
                0x0000000020008f70       0x70 CMakeFiles/debugprobe.dir/home/teja/Pico/pico-sdk/lib/tinyusb/src/portable/raspberrypi/rp2040/rp2040_usb.c.obj
 .time_critical.sync_ep_buffer
                0x0000000020008fe0       0x4c CMakeFiles/debugprobe.dir/home/teja/Pico/pico-sdk/lib/tinyusb/src/portable/raspberrypi/rp2040/rp2040_usb.c.obj
 .time_critical._hw_endpoint_xfer_sync
                0x000000002000902c       0x28 CMakeFiles/debugprobe.dir/home/teja/Pico/pico-sdk/lib/tinyusb/src/portable/raspberrypi/rp2040/rp2040_usb.c.obj
 .time_critical.hw_endpoint_reset_transfer
                0x0000000020009054        0xc CMakeFiles/debugprobe.dir/home/teja/Pico/pico-sdk/lib/tinyusb/src/portable/raspberrypi/rp2040/rp2040_usb.c.obj
                0x0000000020009054                hw_endpoint_reset_transfer
 .time_critical._hw_endpoint_buffer_control_update32
                0x0000000020009060       0x58 CMakeFiles/debugprobe.dir/home/teja/Pico/pico-sdk/lib/tinyusb/src/portable/raspberrypi/rp2040/rp2040_usb.c.obj
                0x0000000020009060                _hw_endpoint_buffer_control_update32
 .time_critical.hw_endpoint_start_next_buffer
                0x00000000200090b8       0x6c CMakeFiles/debugprobe.dir/home/teja/Pico/pico-sdk/lib/tinyusb/src/portable/raspberrypi/rp2040/rp2040_usb.c.obj
                0x00000000200090b8                hw_endpoint_start_next_buffer
 .time_critical.hw_endpoint_xfer_continue
                0x0000000020009124       0x50 CMakeFiles/debugprobe.dir/home/teja/Pico/pico-sdk/lib/tinyusb/src/portable/raspberrypi/rp2040/rp2040_usb.c.obj
                0x0000000020009124                hw_endpoint_xfer_continue
 .time_critical.tinyusb
                0x0000000020009174      0x1b4 CMakeFiles/debugprobe.dir/home/teja/Pico/pico-sdk/lib/tinyusb/src/device/usbd.c.obj
                0x0000000020009174                dcd_event_handler
                0x0000000020009328                . = ALIGN (0x4)
 *(.rodata*)
 .rodata.DAP_ProcessCommand.str1.4
                0x0000000020009328        0x6 CMakeFiles/debugprobe.dir/src/DAP.c.obj
 *fill*         0x000000002000932e        0x2 
 .rodata.DAP_ProcessCommand
                0x0000000020009330       0x78 CMakeFiles/debugprobe.dir/src/DAP.c.obj
 .rodata.main.str1.4
                0x00000000200093a8        0xd CMakeFiles/debugprobe.dir/src/main.c.obj
 *fill*         0x00000000200093b5        0x3 
 .rodata.vApplicationStackOverflowHook.str1.4
                0x00000000200093b8       0x2e CMakeFiles/debugprobe.dir/src/main.c.obj
 *fill*         0x00000000200093e6        0x2 
 .rodata.vApplicationMallocFailedHook.str1.4
                0x00000000200093e8        0xf CMakeFiles/debugprobe.dir/src/main.c.obj
 *fill*         0x00000000200093f7        0x1 
 .rodata.str1.4
                0x00000000200093f8       0x77 CMakeFiles/debugprobe.dir/src/usb_descriptors.c.obj
 *fill*         0x000000002000946f        0x1 
 .rodata.__compound_literal.0
                0x0000000020009470        0x2 CMakeFiles/debugprobe.dir/src/usb_descriptors.c.obj
 *fill*         0x0000000020009472        0x2 
 .rodata.desc_bos
                0x0000000020009474       0x21 CMakeFiles/debugprobe.dir/src/usb_descriptors.c.obj
                0x0000000020009474                desc_bos
 *fill*         0x0000000020009495        0x3 
 .rodata.desc_device
                0x0000000020009498       0x12 CMakeFiles/debugprobe.dir/src/usb_descriptors.c.obj
                0x0000000020009498                desc_device
 *fill*         0x00000000200094aa        0x2 
 .rodata.desc_hid_report
                0x00000000200094ac       0x22 CMakeFiles/debugprobe.dir/src/usb_descriptors.c.obj
 *fill*         0x00000000200094ce        0x2 
 .rodata.desc_ms_os_20
                0x00000000200094d0       0xb2 CMakeFiles/debugprobe.dir/src/usb_descriptors.c.obj
                0x00000000200094d0                desc_ms_os_20
 *fill*         0x0000000020009582        0x2 
 .rodata._dap_edpt_driver
                0x0000000020009584       0x18 CMakeFiles/debugprobe.dir/src/tusb_edpt_handler.c.obj
                0x0000000020009584                _dap_edpt_driver
 .rodata.hardware_alarm_claim.str1.4
                0x000000002000959c       0x22 CMakeFiles/debugprobe.dir/home/teja/Pico/pico-sdk/src/rp2_common/hardware_timer/timer.c.obj
 *fill*         0x00000000200095be        0x2 
 .rodata.spin_lock_claim_unused.str1.4
                0x00000000200095c0       0x1b CMakeFiles/debugprobe.dir/home/teja/Pico/pico-sdk/src/rp2_common/hardware_sync/sync.c.obj
 *fill*         0x00000000200095db        0x1 
 .rodata.panic.str1.4
                0x00000000200095dc       0x10 CMakeFiles/debugprobe.dir/home/teja/Pico/pico-sdk/src/rp2_common/pico_runtime/runtime.c.obj
                                         0x12 (size before relaxing)
 .rodata.panic_unsupported.str1.4
                0x00000000200095ec        0xe CMakeFiles/debugprobe.dir/home/teja/Pico/pico-sdk/src/rp2_common/pico_runtime/runtime.c.obj
 *fill*         0x00000000200095fa        0x2 
 .rodata.hard_assertion_failure.str1.4
                0x00000000200095fc        0xc CMakeFiles/debugprobe.dir/home/teja/Pico/pico-sdk/src/rp2_common/pico_runtime/runtime.c.obj
 .rodata.str1.4
                0x0000000020009608       0x40 CMakeFiles/debugprobe.dir/home/teja/Pico/pico-sdk/src/rp2_common/pico_standard_link/binary_info.c.obj
 .rodata.__bi_44
                0x0000000020009648        0xc CMakeFiles/debugprobe.dir/home/teja/Pico/pico-sdk/src/rp2_common/pico_standard_link/binary_info.c.obj
 .rodata.__bi_75
                0x0000000020009654        0xc CMakeFiles/debugprobe.dir/home/teja/Pico/pico-sdk/src/rp2_common/pico_standard_link/binary_info.c.obj
 .rodata.__bi_81
                0x0000000020009660        0xc CMakeFiles/debugprobe.dir/home/teja/Pico/pico-sdk/src/rp2_common/pico_standard_link/binary_info.c.obj
 .rodata.crlf_str.0
                0x000000002000966c        0x2 CMakeFiles/debugprobe.dir/home/teja/Pico/pico-sdk/src/rp2_common/pico_stdio/stdio.c.obj
 *fill*         0x000000002000966e        0x2 
 .rodata.str1.4
                0x0000000020009670       0x2c CMakeFiles/debugprobe.dir/home/teja/Pico/pico-sdk/src/rp2_common/pico_stdio_uart/stdio_uart.c.obj
 .rodata.__bi_33.4
                0x000000002000969c        0xc CMakeFiles/debugprobe.dir/home/teja/Pico/pico-sdk/src/rp2_common/pico_stdio_uart/stdio_uart.c.obj
 .rodata.__bi_34.5
                0x00000000200096a8        0x8 CMakeFiles/debugprobe.dir/home/teja/Pico/pico-sdk/src/rp2_common/pico_stdio_uart/stdio_uart.c.obj
 .rodata.str1.4
                0x00000000200096b0       0x14 CMakeFiles/debugprobe.dir/home/teja/Pico/pico-sdk/lib/tinyusb/src/portable/raspberrypi/rp2040/dcd_rp2040.c.obj
 .rodata.str1.4
                0x00000000200096c4       0x49 CMakeFiles/debugprobe.dir/home/teja/Pico/pico-sdk/lib/tinyusb/src/portable/raspberrypi/rp2040/rp2040_usb.c.obj
                                         0x53 (size before relaxing)
 *fill*         0x000000002000970d        0x3 
 .rodata.tud_task_ext
                0x0000000020009710       0x8c CMakeFiles/debugprobe.dir/home/teja/Pico/pico-sdk/lib/tinyusb/src/device/usbd.c.obj
 .rodata._usbd_driver
                0x000000002000979c       0x48 CMakeFiles/debugprobe.dir/home/teja/Pico/pico-sdk/lib/tinyusb/src/device/usbd.c.obj
 .rodata.hidd_control_xfer_cb
                0x00000000200097e4       0x30 CMakeFiles/debugprobe.dir/home/teja/Pico/pico-sdk/lib/tinyusb/src/class/hid/hid_device.c.obj
 .rodata.str1.4
                0x0000000020009814        0x4 CMakeFiles/debugprobe.dir/home/teja/Pico/pico-sdk/lib/tinyusb/hw/bsp/rp2040/family.c.obj
 .rodata.__bi_142.0
                0x0000000020009818        0xc CMakeFiles/debugprobe.dir/home/teja/Pico/pico-sdk/lib/tinyusb/hw/bsp/rp2040/family.c.obj
 .rodata.__bi_152.1
                0x0000000020009824        0x8 CMakeFiles/debugprobe.dir/home/teja/Pico/pico-sdk/lib/tinyusb/hw/bsp/rp2040/family.c.obj
 .rodata.prvTimerTask
                0x000000002000982c       0x28 CMakeFiles/debugprobe.dir/freertos/timers.c.obj
 .rodata.xTimerCreateTimerTask.str1.4
                0x0000000020009854       0x10 CMakeFiles/debugprobe.dir/freertos/timers.c.obj
                0x0000000020009864                . = ALIGN (0x4)
 *(.data*)
 .data.desc_configuration
                0x0000000020009864       0x62 CMakeFiles/debugprobe.dir/src/usb_descriptors.c.obj
                0x0000000020009864                desc_configuration
 *fill*         0x00000000200098c6        0x2 
 .data.string_desc_arr
                0x00000000200098c8       0x1c CMakeFiles/debugprobe.dir/src/usb_descriptors.c.obj
                0x00000000200098c8                string_desc_arr
 .data.default_alarm_pool
                0x00000000200098e4       0x18 CMakeFiles/debugprobe.dir/home/teja/Pico/pico-sdk/src/common/pico_time/time.c.obj
 .data.default_alarm_pool_heap
                0x00000000200098fc       0x10 CMakeFiles/debugprobe.dir/home/teja/Pico/pico-sdk/src/common/pico_time/time.c.obj
 .data.striped_spin_lock_num
                0x000000002000990c        0x1 CMakeFiles/debugprobe.dir/home/teja/Pico/pico-sdk/src/rp2_common/hardware_sync/sync.c.obj
 *fill*         0x000000002000990d        0x3 
 .data          0x0000000020009910       0x48 CMakeFiles/debugprobe.dir/home/teja/Pico/pico-sdk/src/rp2_common/hardware_irq/irq_handler_chain.S.obj
                0x0000000020009910                irq_handler_chain_slots
                0x0000000020009940                irq_handler_chain_first_slot
                0x000000002000994a                irq_handler_chain_remove_tail
 *fill*         0x0000000020009958        0x8 
 .data.aeabi_bits_funcs
                0x0000000020009960       0x10 CMakeFiles/debugprobe.dir/home/teja/Pico/pico-sdk/src/rp2_common/pico_bit_ops/bit_ops_aeabi.S.obj
                0x0000000020009960                aeabi_bits_funcs
                0x0000000020009970                aeabi_bits_funcs_end
 .data.aeabi_mem_funcs
                0x0000000020009970       0x10 CMakeFiles/debugprobe.dir/home/teja/Pico/pico-sdk/src/rp2_common/pico_mem_ops/mem_ops_aeabi.S.obj
                0x0000000020009970                aeabi_mem_funcs
                0x0000000020009980                aeabi_mem_funcs_end
 .data.stdio_uart
                0x0000000020009980       0x18 CMakeFiles/debugprobe.dir/home/teja/Pico/pico-sdk/src/rp2_common/pico_stdio_uart/stdio_uart.c.obj
                0x0000000020009980                stdio_uart
 .data.ep_dir_string
                0x0000000020009998        0x8 CMakeFiles/debugprobe.dir/home/teja/Pico/pico-sdk/lib/tinyusb/src/portable/raspberrypi/rp2040/rp2040_usb.c.obj
                0x0000000020009998                ep_dir_string
 .data._usbd_qdef
                0x00000000200099a0       0x1c CMakeFiles/debugprobe.dir/home/teja/Pico/pico-sdk/lib/tinyusb/src/device/usbd.c.obj
                0x00000000200099a0                _usbd_qdef
 .data._usbd_rhport
                0x00000000200099bc        0x1 CMakeFiles/debugprobe.dir/home/teja/Pico/pico-sdk/lib/tinyusb/src/device/usbd.c.obj
 .data.ucLaunchCoreNum
                0x00000000200099bd        0x1 CMakeFiles/debugprobe.dir/freertos/portable/ThirdParty/GCC/RP2040/port.c.obj
 *fill*         0x00000000200099be        0x2 
 .data.uxTopUsedPriority
                0x00000000200099c0        0x4 CMakeFiles/debugprobe.dir/freertos/tasks.c.obj
                0x00000000200099c0                uxTopUsedPriority
                0x00000000200099c4                . = ALIGN (0x4)
 *(.after_data.*)
                0x00000000200099c4                . = ALIGN (0x4)
                0x00000000200099c4                PROVIDE (__mutex_array_start = .)
 *(SORT_BY_NAME(.mutex_array.*))
 *(.mutex_array)
 .mutex_array   0x00000000200099c4        0x8 CMakeFiles/debugprobe.dir/home/teja/Pico/pico-sdk/src/rp2_common/pico_malloc/pico_malloc.c.obj
 .mutex_array   0x00000000200099cc        0x8 CMakeFiles/debugprobe.dir/home/teja/Pico/pico-sdk/src/rp2_common/pico_stdio/stdio.c.obj
                0x00000000200099d4                PROVIDE (__mutex_array_end = .)
                0x00000000200099d4                . = ALIGN (0x4)
                0x00000000200099d4                PROVIDE (__preinit_array_start = .)
 *(SORT_BY_NAME(.preinit_array.*))
 .preinit_array.00001
                0x00000000200099d4        0x4 CMakeFiles/debugprobe.dir/home/teja/Pico/pico-sdk/src/rp2_common/pico_mem_ops/mem_ops_aeabi.S.obj
 .preinit_array.00010
                0x00000000200099d8        0x4 CMakeFiles/debugprobe.dir/home/teja/Pico/pico-sdk/src/rp2_common/pico_bit_ops/bit_ops_aeabi.S.obj
 .preinit_array.00020
                0x00000000200099dc        0x4 CMakeFiles/debugprobe.dir/home/teja/Pico/pico-sdk/src/rp2_common/pico_double/double_aeabi.S.obj
 .preinit_array.00020
                0x00000000200099e0        0x4 CMakeFiles/debugprobe.dir/home/teja/Pico/pico-sdk/src/rp2_common/pico_float/float_aeabi.S.obj
 *(.preinit_array)
                0x00000000200099e4                PROVIDE (__preinit_array_end = .)
                0x00000000200099e4                . = ALIGN (0x4)
                0x00000000200099e4                PROVIDE (__init_array_start = .)
 *(SORT_BY_NAME(.init_array.*))
 *(.init_array)
 .init_array    0x00000000200099e4        0x4 /usr/lib/gcc/arm-none-eabi/10.3.1/thumb/v6-m/nofp/crtbegin.o
 .init_array    0x00000000200099e8        0x4 CMakeFiles/debugprobe.dir/home/teja/Pico/pico-sdk/src/rp2_common/pico_unique_id/unique_id.c.obj
 .init_array    0x00000000200099ec        0x4 CMakeFiles/debugprobe.dir/freertos/portable/ThirdParty/GCC/RP2040/port.c.obj
                0x00000000200099f0                PROVIDE (__init_array_end = .)
                0x00000000200099f0                . = ALIGN (0x4)
                0x00000000200099f0                PROVIDE (__fini_array_start = .)
 *(SORT_BY_NAME(.fini_array.*))
 *(.fini_array)
                0x00000000200099f0                PROVIDE (__fini_array_end = .)
 *(.jcr)
                0x00000000200099f0                . = ALIGN (0x4)
                0x00000000200099f0                __data_end__ = .
                0x00000000100088a4                __etext = LOADADDR (.data)

.tm_clone_table
                0x00000000200099f0        0x0 load address 0x0000000010009c34
 .tm_clone_table
                0x00000000200099f0        0x0 /usr/lib/gcc/arm-none-eabi/10.3.1/thumb/v6-m/nofp/crtbegin.o
 .tm_clone_table
                0x00000000200099f0        0x0 /usr/lib/gcc/arm-none-eabi/10.3.1/thumb/v6-m/nofp/crtend.o

.igot.plt       0x00000000200099f0        0x0 load address 0x0000000010009c34
 .igot.plt      0x00000000200099f0        0x0 /usr/lib/gcc/arm-none-eabi/10.3.1/thumb/v6-m/nofp/crtbegin.o

.uninitialized_data
                0x00000000200099f0        0x0 load address 0x0000000010009c34
                0x00000000200099f0                . = ALIGN (0x4)
 *(.uninitialized_data*)

.scratch_x      0x0000000020040000        0x0 load address 0x0000000010009c34
                0x0000000020040000                __scratch_x_start__ = .
 *(.scratch_x.*)
                0x0000000020040000                . = ALIGN (0x4)
                0x0000000020040000                __scratch_x_end__ = .
                0x0000000010009c34                __scratch_x_source__ = LOADADDR (.scratch_x)

.scratch_y      0x0000000020041000        0x0 load address 0x0000000010009c34
                0x0000000020041000                __scratch_y_start__ = .
 *(.scratch_y.*)
                0x0000000020041000                . = ALIGN (0x4)
                0x0000000020041000                __scratch_y_end__ = .
                0x0000000010009c34                __scratch_y_source__ = LOADADDR (.scratch_y)

.bss            0x00000000200099f0    0x16354
                0x00000000200099f0                . = ALIGN (0x4)
                0x00000000200099f0                __bss_start__ = .
 *(SORT_BY_ALIGNMENT(SORT_BY_NAME(.bss*)))
 .bss.default_alarm_pool_entries
                0x00000000200099f0      0x100 CMakeFiles/debugprobe.dir/home/teja/Pico/pico-sdk/src/common/pico_time/time.c.obj
 .bss.sd_table  0x0000000020009af0      0x100 CMakeFiles/debugprobe.dir/home/teja/Pico/pico-sdk/src/rp2_common/pico_double/double_init_rom.c.obj
                0x0000000020009af0                sd_table
 .bss.sf_table  0x0000000020009bf0      0x100 CMakeFiles/debugprobe.dir/home/teja/Pico/pico-sdk/src/rp2_common/pico_float/float_init_rom.c.obj
                0x0000000020009bf0                sf_table
 .bss.xQueueRegistry
                0x0000000020009cf0       0x40 CMakeFiles/debugprobe.dir/freertos/queue.c.obj
                0x0000000020009cf0                xQueueRegistry
 .bss           0x0000000020009d30       0x1c /usr/lib/gcc/arm-none-eabi/10.3.1/thumb/v6-m/nofp/crtbegin.o
 .bss.DAPRequestBuffer
                0x0000000020009d4c       0x40 CMakeFiles/debugprobe.dir/src/tusb_edpt_handler.c.obj
 .bss.DAPResponseBuffer
                0x0000000020009d8c       0x40 CMakeFiles/debugprobe.dir/src/tusb_edpt_handler.c.obj
 .bss.DAP_Data  0x0000000020009dcc       0x44 CMakeFiles/debugprobe.dir/src/DAP.c.obj
                0x0000000020009dcc                DAP_Data
 .bss.TxDataBuffer
                0x0000000020009e10       0x40 CMakeFiles/debugprobe.dir/src/main.c.obj
 .bss.USBRequestBuffer
                0x0000000020009e50       0x8c CMakeFiles/debugprobe.dir/src/tusb_edpt_handler.c.obj
 .bss.USBResponseBuffer
                0x0000000020009edc       0x8c CMakeFiles/debugprobe.dir/src/tusb_edpt_handler.c.obj
 .bss._app_driver
                0x0000000020009f68        0x4 CMakeFiles/debugprobe.dir/home/teja/Pico/pico-sdk/lib/tinyusb/src/device/usbd.c.obj
 .bss._cdcd_itf
                0x0000000020009f6c     0x1148 CMakeFiles/debugprobe.dir/home/teja/Pico/pico-sdk/lib/tinyusb/src/class/cdc/cdc_device.c.obj
 .bss._ctrl_xfer
                0x000000002000b0b4       0x14 CMakeFiles/debugprobe.dir/home/teja/Pico/pico-sdk/lib/tinyusb/src/device/usbd_control.c.obj
 .bss._desc_str
                0x000000002000b0c8       0x40 CMakeFiles/debugprobe.dir/src/usb_descriptors.c.obj
 .bss._hidd_itf
                0x000000002000b108       0x8c CMakeFiles/debugprobe.dir/home/teja/Pico/pico-sdk/lib/tinyusb/src/class/hid/hid_device.c.obj
 .bss._resp_len
                0x000000002000b194        0x4 CMakeFiles/debugprobe.dir/src/tusb_edpt_handler.c.obj
                0x000000002000b194                _resp_len
 .bss._ubsd_mutexdef
                0x000000002000b198        0x8 CMakeFiles/debugprobe.dir/home/teja/Pico/pico-sdk/lib/tinyusb/src/device/usbd.c.obj
 .bss._usbd_ctrl_buf
                0x000000002000b1a0       0x40 CMakeFiles/debugprobe.dir/home/teja/Pico/pico-sdk/lib/tinyusb/src/device/usbd_control.c.obj
 .bss._usbd_dev
                0x000000002000b1e0       0x53 CMakeFiles/debugprobe.dir/home/teja/Pico/pico-sdk/lib/tinyusb/src/device/usbd.c.obj
 *fill*         0x000000002000b233        0x1 
 .bss._usbd_mutex
                0x000000002000b234        0x4 CMakeFiles/debugprobe.dir/home/teja/Pico/pico-sdk/lib/tinyusb/src/device/usbd.c.obj
 .bss._usbd_q   0x000000002000b238        0x4 CMakeFiles/debugprobe.dir/home/teja/Pico/pico-sdk/lib/tinyusb/src/device/usbd.c.obj
 .bss._usbd_qdef_buf
                0x000000002000b23c       0xc0 CMakeFiles/debugprobe.dir/home/teja/Pico/pico-sdk/lib/tinyusb/src/device/usbd.c.obj
                0x000000002000b23c                _usbd_qdef_buf
 .bss._vendord_itf
                0x000000002000b2fc     0x40bc CMakeFiles/debugprobe.dir/home/teja/Pico/pico-sdk/lib/tinyusb/src/class/vendor/vendor_device.c.obj
 .bss.alarm_callbacks
                0x000000002000f3b8       0x10 CMakeFiles/debugprobe.dir/home/teja/Pico/pico-sdk/src/rp2_common/hardware_timer/timer.c.obj
 .bss.boot2_copyout
                0x000000002000f3c8      0x100 CMakeFiles/debugprobe.dir/home/teja/Pico/pico-sdk/src/rp2_common/hardware_flash/flash.c.obj
 .bss.chars_available_callback
                0x000000002000f4c8        0x4 CMakeFiles/debugprobe.dir/home/teja/Pico/pico-sdk/src/rp2_common/pico_stdio_uart/stdio_uart.c.obj
 .bss.chars_available_param
                0x000000002000f4cc        0x4 CMakeFiles/debugprobe.dir/home/teja/Pico/pico-sdk/src/rp2_common/pico_stdio_uart/stdio_uart.c.obj
 .bss.claimed   0x000000002000f4d0        0x4 CMakeFiles/debugprobe.dir/home/teja/Pico/pico-sdk/src/rp2_common/hardware_sync/sync.c.obj
 .bss.configured_freq
                0x000000002000f4d4       0x28 CMakeFiles/debugprobe.dir/home/teja/Pico/pico-sdk/src/rp2_common/hardware_clocks/clocks.c.obj
 .bss.dap_taskhandle
                0x000000002000f4fc        0x4 CMakeFiles/debugprobe.dir/src/main.c.obj
                0x000000002000f4fc                dap_taskhandle
 .bss.default_alarm_pool_entry_ids_high
                0x000000002000f500       0x10 CMakeFiles/debugprobe.dir/home/teja/Pico/pico-sdk/src/common/pico_time/time.c.obj
 .bss.default_alarm_pool_heap_nodes
                0x000000002000f510       0x30 CMakeFiles/debugprobe.dir/home/teja/Pico/pico-sdk/src/common/pico_time/time.c.obj
 .bss.drivers   0x000000002000f540        0x4 CMakeFiles/debugprobe.dir/home/teja/Pico/pico-sdk/src/rp2_common/pico_stdio/stdio.c.obj
 .bss.e15_last_sof
                0x000000002000f544        0x4 CMakeFiles/debugprobe.dir/home/teja/Pico/pico-sdk/lib/tinyusb/src/portable/raspberrypi/rp2040/rp2040_usb.c.obj
                0x000000002000f544                e15_last_sof
 .bss.filter    0x000000002000f548        0x4 CMakeFiles/debugprobe.dir/home/teja/Pico/pico-sdk/src/rp2_common/pico_stdio/stdio.c.obj
 .bss.gpio_ctrl_prev
                0x000000002000f54c        0x4 CMakeFiles/debugprobe.dir/home/teja/Pico/pico-sdk/src/rp2_common/pico_fix/rp2040_usb_device_enumeration/rp2040_usb_device_enumeration.c.obj
 .bss.hw_endpoints
                0x000000002000f550      0x400 CMakeFiles/debugprobe.dir/home/teja/Pico/pico-sdk/lib/tinyusb/src/portable/raspberrypi/rp2040/dcd_rp2040.c.obj
 .bss.jtag_taskhandle
                0x000000002000f950        0x4 CMakeFiles/debugprobe.dir/src/main.c.obj
                0x000000002000f950                jtag_taskhandle
 .bss.lazy_vsnprintf
                0x000000002000f954        0x4 CMakeFiles/debugprobe.dir/home/teja/Pico/pico-sdk/src/rp2_common/pico_printf/printf.c.obj
 .bss.next_buffer_ptr
                0x000000002000f958        0x4 CMakeFiles/debugprobe.dir/home/teja/Pico/pico-sdk/lib/tinyusb/src/portable/raspberrypi/rp2040/dcd_rp2040.c.obj
 .bss.pad_ctrl_prev
                0x000000002000f95c        0x4 CMakeFiles/debugprobe.dir/home/teja/Pico/pico-sdk/src/rp2_common/pico_fix/rp2040_usb_device_enumeration/rp2040_usb_device_enumeration.c.obj
 .bss.pools     0x000000002000f960       0x10 CMakeFiles/debugprobe.dir/home/teja/Pico/pico-sdk/src/common/pico_time/time.c.obj
 .bss.pucAlignedHeap.0
                0x000000002000f970        0x4 CMakeFiles/debugprobe.dir/freertos/portable/MemMang/heap_1.c.obj
 .bss.pxCrossCoreSpinLock
                0x000000002000f974        0x4 CMakeFiles/debugprobe.dir/freertos/portable/ThirdParty/GCC/RP2040/port.c.obj
 .bss.pxCurrentTCB
                0x000000002000f978        0x4 CMakeFiles/debugprobe.dir/freertos/tasks.c.obj
                0x000000002000f978                pxCurrentTCB
 .bss.pxCurrentTimerList
                0x000000002000f97c        0x4 CMakeFiles/debugprobe.dir/freertos/timers.c.obj
 .bss.pxDelayedTaskList
                0x000000002000f980        0x4 CMakeFiles/debugprobe.dir/freertos/tasks.c.obj
 .bss.pxOverflowDelayedTaskList
                0x000000002000f984        0x4 CMakeFiles/debugprobe.dir/freertos/tasks.c.obj
 .bss.pxOverflowTimerList
                0x000000002000f988        0x4 CMakeFiles/debugprobe.dir/freertos/timers.c.obj
 .bss.pxReadyTasksLists
                0x000000002000f98c      0x280 CMakeFiles/debugprobe.dir/freertos/tasks.c.obj
 .bss.pxYieldSpinLock
                0x000000002000fc0c        0x4 CMakeFiles/debugprobe.dir/freertos/portable/ThirdParty/GCC/RP2040/port.c.obj
 .bss.retrieved_id
                0x000000002000fc10        0x8 CMakeFiles/debugprobe.dir/home/teja/Pico/pico-sdk/src/rp2_common/pico_unique_id/unique_id.c.obj
 .bss.sf_clz_func
                0x000000002000fc18        0x4 CMakeFiles/debugprobe.dir/home/teja/Pico/pico-sdk/src/rp2_common/pico_double/double_init_rom.c.obj
                0x000000002000fc18                sf_clz_func
 .bss.sleep_notifier
                0x000000002000fc1c        0x4 CMakeFiles/debugprobe.dir/home/teja/Pico/pico-sdk/src/common/pico_time/time.c.obj
 .bss.target_hi
                0x000000002000fc20       0x10 CMakeFiles/debugprobe.dir/home/teja/Pico/pico-sdk/src/rp2_common/hardware_timer/timer.c.obj
 .bss.tud_taskhandle
                0x000000002000fc30        0x4 CMakeFiles/debugprobe.dir/src/main.c.obj
                0x000000002000fc30                tud_taskhandle
 .bss.uID       0x000000002000fc34        0x8 CMakeFiles/debugprobe.dir/src/get_serial.c.obj
 .bss.uart_char_to_line_feed
                0x000000002000fc3c        0x4 CMakeFiles/debugprobe.dir/home/teja/Pico/pico-sdk/src/rp2_common/hardware_uart/uart.c.obj
                0x000000002000fc3c                uart_char_to_line_feed
 .bss.uart_inst
                0x000000002000fc40        0x4 CMakeFiles/debugprobe.dir/home/teja/Pico/pico-sdk/lib/tinyusb/hw/bsp/rp2040/family.c.obj
 .bss.uart_instance
                0x000000002000fc44        0x4 CMakeFiles/debugprobe.dir/home/teja/Pico/pico-sdk/src/rp2_common/pico_stdio_uart/stdio_uart.c.obj
 .bss.ucHeap    0x000000002000fc48    0x10000 CMakeFiles/debugprobe.dir/freertos/portable/MemMang/heap_1.c.obj
 .bss.ulYieldSpinLockSaveValue
                0x000000002001fc48        0x4 CMakeFiles/debugprobe.dir/freertos/portable/ThirdParty/GCC/RP2040/port.c.obj
 .bss.usb_serial
                0x000000002001fc4c       0x11 CMakeFiles/debugprobe.dir/src/get_serial.c.obj
                0x000000002001fc4c                usb_serial
 *fill*         0x000000002001fc5d        0x3 
 .bss.uxCriticalNesting
                0x000000002001fc60        0x4 CMakeFiles/debugprobe.dir/freertos/portable/ThirdParty/GCC/RP2040/port.c.obj
 .bss.uxCrossCoreEventBits
                0x000000002001fc64        0x4 CMakeFiles/debugprobe.dir/freertos/portable/ThirdParty/GCC/RP2040/port.c.obj
 .bss.uxCurrentNumberOfTasks
                0x000000002001fc68        0x4 CMakeFiles/debugprobe.dir/freertos/tasks.c.obj
 .bss.uxDeletedTasksWaitingCleanUp
                0x000000002001fc6c        0x4 CMakeFiles/debugprobe.dir/freertos/tasks.c.obj
 .bss.uxSchedulerSuspended
                0x000000002001fc70        0x4 CMakeFiles/debugprobe.dir/freertos/tasks.c.obj
 .bss.uxTaskNumber