Archive member included to satisfy reference by file (symbol)

/usr/lib/gcc/arm-none-eabi/13.2.1/thumb/v6-m/nofp/libgcc.a(_dvmd_tls.o)
                              CMakeFiles/JTAGprobe.dir/home/teja/pico/pico-sdk/src/rp2_common/pico_divider/divider_hardware.S.obj (__aeabi_idiv0)
/usr/lib/gcc/arm-none-eabi/13.2.1/../../../arm-none-eabi/lib/thumb/v6-m/nofp/libg.a(libc_a-calloc.o)
                              CMakeFiles/JTAGprobe.dir/home/teja/pico/pico-sdk/src/rp2_common/pico_malloc/malloc.c.obj (calloc)
/usr/lib/gcc/arm-none-eabi/13.2.1/../../../arm-none-eabi/lib/thumb/v6-m/nofp/libg.a(libc_a-impure.o)
                              /usr/lib/gcc/arm-none-eabi/13.2.1/../../../arm-none-eabi/lib/thumb/v6-m/nofp/libg.a(libc_a-calloc.o) (_impure_ptr)
/usr/lib/gcc/arm-none-eabi/13.2.1/../../../arm-none-eabi/lib/thumb/v6-m/nofp/libg.a(libc_a-callocr.o)
                              /usr/lib/gcc/arm-none-eabi/13.2.1/../../../arm-none-eabi/lib/thumb/v6-m/nofp/libg.a(libc_a-calloc.o) (_calloc_r)
/usr/lib/gcc/arm-none-eabi/13.2.1/../../../arm-none-eabi/lib/thumb/v6-m/nofp/libg.a(libc_a-realloc.o)
                              CMakeFiles/JTAGprobe.dir/home/teja/pico/pico-sdk/src/rp2_common/pico_malloc/malloc.c.obj (realloc)
/usr/lib/gcc/arm-none-eabi/13.2.1/../../../arm-none-eabi/lib/thumb/v6-m/nofp/libg.a(libc_a-mallocr.o)
                              /usr/lib/gcc/arm-none-eabi/13.2.1/../../../arm-none-eabi/lib/thumb/v6-m/nofp/libg.a(libc_a-callocr.o) (_malloc_r)
/usr/lib/gcc/arm-none-eabi/13.2.1/../../../arm-none-eabi/lib/thumb/v6-m/nofp/libg.a(libc_a-freer.o)
                              /usr/lib/gcc/arm-none-eabi/13.2.1/../../../arm-none-eabi/lib/thumb/v6-m/nofp/libg.a(libc_a-mallocr.o) (_free_r)
/usr/lib/gcc/arm-none-eabi/13.2.1/../../../arm-none-eabi/lib/thumb/v6-m/nofp/libg.a(libc_a-memcmp.o)
                              CMakeFiles/JTAGprobe.dir/home/teja/pico/pico-sdk/src/rp2_common/pico_atomic/atomic.c.obj (memcmp)
/usr/lib/gcc/arm-none-eabi/13.2.1/../../../arm-none-eabi/lib/thumb/v6-m/nofp/libg.a(libc_a-malloc.o)
                              CMakeFiles/JTAGprobe.dir/home/teja/pico/pico-sdk/src/rp2_common/pico_malloc/malloc.c.obj (malloc)
/usr/lib/gcc/arm-none-eabi/13.2.1/../../../arm-none-eabi/lib/thumb/v6-m/nofp/libg.a(libc_a-sysconf.o)
                              /usr/lib/gcc/arm-none-eabi/13.2.1/../../../arm-none-eabi/lib/thumb/v6-m/nofp/libg.a(libc_a-mallocr.o) (sysconf)
/usr/lib/gcc/arm-none-eabi/13.2.1/../../../arm-none-eabi/lib/thumb/v6-m/nofp/libg.a(libc_a-init.o)
                              /usr/lib/gcc/arm-none-eabi/13.2.1/../../../arm-none-eabi/lib/thumb/v6-m/nofp/crt0.o (__libc_init_array)
/usr/lib/gcc/arm-none-eabi/13.2.1/../../../arm-none-eabi/lib/thumb/v6-m/nofp/libg.a(libc_a-reallocr.o)
                              /usr/lib/gcc/arm-none-eabi/13.2.1/../../../arm-none-eabi/lib/thumb/v6-m/nofp/libg.a(libc_a-realloc.o) (_realloc_r)
/usr/lib/gcc/arm-none-eabi/13.2.1/../../../arm-none-eabi/lib/thumb/v6-m/nofp/libg.a(libc_a-mktime.o)
                              CMakeFiles/JTAGprobe.dir/home/teja/pico/pico-sdk/src/common/pico_util/datetime.c.obj (mktime)
/usr/lib/gcc/arm-none-eabi/13.2.1/../../../arm-none-eabi/lib/thumb/v6-m/nofp/libg.a(libc_a-mlock.o)
                              /usr/lib/gcc/arm-none-eabi/13.2.1/../../../arm-none-eabi/lib/thumb/v6-m/nofp/libg.a(libc_a-mallocr.o) (__malloc_lock)
/usr/lib/gcc/arm-none-eabi/13.2.1/../../../arm-none-eabi/lib/thumb/v6-m/nofp/libg.a(libc_a-findfp.o)
                              /usr/lib/gcc/arm-none-eabi/13.2.1/../../../arm-none-eabi/lib/thumb/v6-m/nofp/libg.a(libc_a-impure.o) (__sf)
/usr/lib/gcc/arm-none-eabi/13.2.1/../../../arm-none-eabi/lib/thumb/v6-m/nofp/libg.a(libc_a-tzlock.o)
                              /usr/lib/gcc/arm-none-eabi/13.2.1/../../../arm-none-eabi/lib/thumb/v6-m/nofp/libg.a(libc_a-mktime.o) (__tz_lock)
/usr/lib/gcc/arm-none-eabi/13.2.1/../../../arm-none-eabi/lib/thumb/v6-m/nofp/libg.a(libc_a-atexit.o)
                              /usr/lib/gcc/arm-none-eabi/13.2.1/../../../arm-none-eabi/lib/thumb/v6-m/nofp/crt0.o (atexit)
/usr/lib/gcc/arm-none-eabi/13.2.1/../../../arm-none-eabi/lib/thumb/v6-m/nofp/libg.a(libc_a-lcltime_r.o)
                              CMakeFiles/JTAGprobe.dir/home/teja/pico/pico-sdk/src/common/pico_util/datetime.c.obj (localtime_r)
/usr/lib/gcc/arm-none-eabi/13.2.1/../../../arm-none-eabi/lib/thumb/v6-m/nofp/libg.a(libc_a-strlen-stub.o)
                              CMakeFiles/JTAGprobe.dir/src/usb_descriptors.c.obj (strlen)
/usr/lib/gcc/arm-none-eabi/13.2.1/../../../arm-none-eabi/lib/thumb/v6-m/nofp/libg.a(libc_a-sbrkr.o)
                              /usr/lib/gcc/arm-none-eabi/13.2.1/../../../arm-none-eabi/lib/thumb/v6-m/nofp/libg.a(libc_a-mallocr.o) (_sbrk_r)
/usr/lib/gcc/arm-none-eabi/13.2.1/../../../arm-none-eabi/lib/thumb/v6-m/nofp/libg.a(libc_a-fini.o)
                              /usr/lib/gcc/arm-none-eabi/13.2.1/../../../arm-none-eabi/lib/thumb/v6-m/nofp/crt0.o (__libc_fini_array)
[...]
Memory Configuration

Name             Origin             Length             Attributes
FLASH            0x10000000         0x00200000         xr
RAM              0x20000000         0x00040000         xrw
SCRATCH_X        0x20040000         0x00001000         xrw
SCRATCH_Y        0x20041000         0x00001000         xrw
*default*        0x00000000         0xffffffff

Linker script and memory map

LOAD /usr/lib/gcc/arm-none-eabi/13.2.1/thumb/v6-m/nofp/crti.o
LOAD /usr/lib/gcc/arm-none-eabi/13.2.1/thumb/v6-m/nofp/crtbegin.o
LOAD /usr/lib/gcc/arm-none-eabi/13.2.1/../../../arm-none-eabi/lib/thumb/v6-m/nofp/crt0.o

.flash_begin    0x10000000        0x0
                0x10000000                        __flash_binary_start = .

.boot2          0x10000000      0x100
                0x10000000                        __boot2_start__ = .
 *(.boot2)
 .boot2         0x10000000      0x100 /tmp/ccLesd40.o
                0x10000100                        __boot2_end__ = .
                0x00000001                        ASSERT (((__boot2_end__ - __boot2_start__) == 0x100), ERROR: Pico second stage bootloader must be 256 bytes in size)

.flashtext      0x10000100      0x190
                0x10000100                        __logical_binary_start = .
 *(.vectors)
 .vectors       0x10000100       0xd4 CMakeFiles/JTAGprobe.dir/home/teja/pico/pico-sdk/src/rp2_common/pico_crt0/crt0.S.obj
                0x10000100                __vectors
                0x10000100                __VECTOR_TABLE
                0x100001c0                isr_invalid
                0x100001c0                __default_isrs_start
                0x100001c2                isr_nmi
                0x100001c4                isr_hardfault
                0x100001c6                isr_svcall
                0x100001c8                isr_pendsv
                0x100001ca                isr_systick
                0x100001cc                isr_irq30
                0x100001cc                __unhandled_user_irq
                0x100001cc                isr_irq13
                0x100001cc                isr_irq27
                0x100001cc                isr_irq31
                0x100001cc                isr_irq5
                0x100001cc                isr_irq11
                0x100001cc                isr_irq23
                0x100001cc                isr_irq18
                0x100001cc                isr_irq28
                0x100001cc                isr_irq19
                0x100001cc                isr_irq0
                0x100001cc                isr_irq6
                0x100001cc                isr_irq22
                0x100001cc                isr_irq17
                0x100001cc                isr_irq14
                0x100001cc                isr_irq2
                0x100001cc                isr_irq10
                0x100001cc                isr_irq8
                0x100001cc                isr_irq24
                0x100001cc                isr_irq1
                0x100001cc                isr_irq7
                0x100001cc                isr_irq21
                0x100001cc                isr_irq20
                0x100001cc                isr_irq15
                0x100001cc                isr_irq25
                0x100001cc                isr_irq4
                0x100001cc                isr_irq16
                0x100001cc                isr_irq29
                0x100001cc                isr_irq26
                0x100001cc                __default_isrs_end
                0x100001cc                isr_irq3
                0x100001cc                isr_irq12
                0x100001cc                isr_irq9
                0x100001d2                unhandled_user_irq_num_in_r0
 *(.binary_info_header)
 .binary_info_header
                0x100001d4       0x14 CMakeFiles/JTAGprobe.dir/home/teja/pico/pico-sdk/src/rp2_common/pico_crt0/crt0.S.obj
                0x100001e8                        __binary_info_header_end = .
 *(.embedded_block)
                0x100001e8                        __embedded_block_end = .
 *(.reset)
 .reset         0x100001e8       0xa8 CMakeFiles/JTAGprobe.dir/home/teja/pico/pico-sdk/src/rp2_common/pico_crt0/crt0.S.obj
                0x100001e8                _entry_point

.rodata         0x10000290        0x0
 *(SORT_BY_ALIGNMENT(SORT_BY_NAME(.flashdata*)))
                0x10000290                        . = ALIGN (0x4)

.ARM.extab
 *(.ARM.extab* .gnu.linkonce.armextab.*)
                0x10000290                        __exidx_start = .

.ARM.exidx
 *(.ARM.exidx* .gnu.linkonce.armexidx.*)
                0x10000290                        __exidx_end = .
                0x10000290                        . = ALIGN (0x4)
                0x10000290                        __binary_info_start = .

.binary_info    0x10000290       0x2c
 *(.binary_info.keep.*)
 .binary_info.keep.__bi_ptr84
                0x10000290        0x4 CMakeFiles/JTAGprobe.dir/home/teja/pico/pico-sdk/src/rp2_common/pico_standard_binary_info/standard_binary_info.c.obj
 .binary_info.keep.__bi_ptr54
                0x10000294        0x4 CMakeFiles/JTAGprobe.dir/home/teja/pico/pico-sdk/src/rp2_common/pico_standard_binary_info/standard_binary_info.c.obj
 .binary_info.keep.__bi_ptr48
                0x10000298        0x4 CMakeFiles/JTAGprobe.dir/home/teja/pico/pico-sdk/src/rp2_common/pico_standard_binary_info/standard_binary_info.c.obj
 .binary_info.keep.__bi_ptr42
                0x1000029c        0x4 CMakeFiles/JTAGprobe.dir/home/teja/pico/pico-sdk/src/rp2_common/pico_standard_binary_info/standard_binary_info.c.obj
 .binary_info.keep.__bi_ptr34
                0x100002a0        0x4 CMakeFiles/JTAGprobe.dir/home/teja/pico/pico-sdk/src/rp2_common/pico_standard_binary_info/standard_binary_info.c.obj
 .binary_info.keep.__bi_ptr26
                0x100002a4        0x4 CMakeFiles/JTAGprobe.dir/home/teja/pico/pico-sdk/src/rp2_common/pico_standard_binary_info/standard_binary_info.c.obj
 .binary_info.keep.__bi_ptr152
                0x100002a8        0x4 CMakeFiles/JTAGprobe.dir/home/teja/pico/pico-sdk/lib/tinyusb/hw/bsp/rp2040/family.c.obj
 .binary_info.keep.__bi_ptr142
                0x100002ac        0x4 CMakeFiles/JTAGprobe.dir/home/teja/pico/pico-sdk/lib/tinyusb/hw/bsp/rp2040/family.c.obj
 *(.binary_info.*)
 .binary_info.__bi_ptr50
                0x100002b0        0x4 CMakeFiles/JTAGprobe.dir/home/teja/pico/pico-sdk/src/rp2_common/pico_stdio_uart/stdio_uart.c.obj
 .binary_info.__bi_ptr49
                0x100002b4        0x4 CMakeFiles/JTAGprobe.dir/home/teja/pico/pico-sdk/src/rp2_common/pico_stdio_uart/stdio_uart.c.obj
 .binary_info.__bi_ptr45
                0x100002b8        0x4 CMakeFiles/JTAGprobe.dir/home/teja/pico/pico-sdk/src/rp2_common/pico_stdio_uart/stdio_uart.c.obj
                0x100002bc                        __binary_info_end = .
                0x100002bc                        . = ALIGN (0x4)

.ram_vector_table
                0x20000000       0xc0
 *(.ram_vector_table)
 .ram_vector_table
                0x20000000       0xc0 CMakeFiles/JTAGprobe.dir/home/teja/pico/pico-sdk/src/rp2_common/pico_runtime_init/runtime_init.c.obj
                0x20000000                ram_vector_table

.uninitialized_data
                0x200000c0        0x0
                0x200000c0                        . = ALIGN (0x4)
 *(.uninitialized_data*)

.text           0x200000c0     0xbb34 load address 0x100002bc
                0x200000c0                        __ram_text_start__ = .
 *(.init)
 .init          0x200000c0        0x4 /usr/lib/gcc/arm-none-eabi/13.2.1/thumb/v6-m/nofp/crti.o
                0x200000c0                _init
 *(.text*)
 .text          0x200000c4       0x98 /usr/lib/gcc/arm-none-eabi/13.2.1/thumb/v6-m/nofp/crtbegin.o
 .text.DAP_ProcessCommand
                0x2000015c     0x14e0 CMakeFiles/JTAGprobe.dir/src/DAP.c.obj
                0x2000015c                DAP_ProcessCommand
 .text.DAP_ExecuteCommand
                0x2000163c       0x44 CMakeFiles/JTAGprobe.dir/src/DAP.c.obj
                0x2000163c                DAP_ExecuteCommand
 .text.DAP_Setup
                0x20001680       0x70 CMakeFiles/JTAGprobe.dir/src/DAP.c.obj
                0x20001680                DAP_Setup
 .text.usb_serial_init
                0x200016f0      0x1e8 CMakeFiles/JTAGprobe.dir/src/get_serial.c.obj
                0x200016f0                usb_serial_init
 .text.JTAG_Sequence
                0x200018d8      0x3cc CMakeFiles/JTAGprobe.dir/src/JTAG_DP.c.obj
                0x200018d8                JTAG_Sequence
 .text.JTAG_ReadIDCode
                0x20001ca4       0xd4 CMakeFiles/JTAGprobe.dir/src/JTAG_DP.c.obj
                0x20001ca4                JTAG_ReadIDCode
 .text.JTAG_WriteAbort
                0x20001d78      0x19c CMakeFiles/JTAGprobe.dir/src/JTAG_DP.c.obj
                0x20001d78                JTAG_WriteAbort
 .text.JTAG_IR  0x20001f14      0x2a4 CMakeFiles/JTAGprobe.dir/src/JTAG_DP.c.obj
                0x20001f14                JTAG_IR
 .text.JTAG_Transfer
                0x200021b8      0x4fc CMakeFiles/JTAGprobe.dir/src/JTAG_DP.c.obj
                0x200021b8                JTAG_Transfer
 .text.SWJ_Sequence
                0x200026b4       0x6c CMakeFiles/JTAGprobe.dir/src/SW_DP.c.obj
                0x200026b4                SWJ_Sequence
 .text.SWD_Sequence
                0x20002720      0x2dc CMakeFiles/JTAGprobe.dir/src/SW_DP.c.obj
                0x20002720                SWD_Sequence
 .text.SWD_Transfer
                0x200029fc      0x6f0 CMakeFiles/JTAGprobe.dir/src/SW_DP.c.obj
                0x200029fc                SWD_Transfer
 .text.DAP_ProcessVendorCommand
                0x200030ec        0xc CMakeFiles/JTAGprobe.dir/src/DAP_vendor.c.obj
                0x200030ec                DAP_ProcessVendorCommand
 .text.usb_thread
                0x200030f8       0x44 CMakeFiles/JTAGprobe.dir/src/main.c.obj
                0x200030f8                usb_thread
 .text.startup.main
                0x2000313c       0x84 CMakeFiles/JTAGprobe.dir/src/main.c.obj
                0x2000313c                main
 .text.tud_hid_get_report_cb
                0x200031c0        0x4 CMakeFiles/JTAGprobe.dir/src/main.c.obj
                0x200031c0                tud_hid_get_report_cb
 .text.tud_hid_set_report_cb
                0x200031c4       0x2c CMakeFiles/JTAGprobe.dir/src/main.c.obj
                0x200031c4                tud_hid_set_report_cb
 .text.tud_vendor_control_xfer_cb
                0x200031f0       0x54 CMakeFiles/JTAGprobe.dir/src/main.c.obj
                0x200031f0                tud_vendor_control_xfer_cb
 .text.vApplicationTickHook
                0x20003244        0x4 CMakeFiles/JTAGprobe.dir/src/main.c.obj
                0x20003244                vApplicationTickHook
 .text.vApplicationStackOverflowHook
                0x20003248       0x10 CMakeFiles/JTAGprobe.dir/src/main.c.obj
                0x20003248                vApplicationStackOverflowHook
 .text.vApplicationMallocFailedHook
                0x20003258        0xc CMakeFiles/JTAGprobe.dir/src/main.c.obj
                0x20003258                vApplicationMallocFailedHook
 .text.tud_descriptor_device_cb
                0x20003264        0x8 CMakeFiles/JTAGprobe.dir/src/usb_descriptors.c.obj
                0x20003264                tud_descriptor_device_cb
 .text.tud_hid_descriptor_report_cb
                0x2000326c        0x8 CMakeFiles/JTAGprobe.dir/src/usb_descriptors.c.obj
                0x2000326c                tud_hid_descriptor_report_cb
 .text.tud_descriptor_configuration_cb
                0x20003274       0x10 CMakeFiles/JTAGprobe.dir/src/usb_descriptors.c.obj
                0x20003274                tud_descriptor_configuration_cb
 .text.tud_descriptor_string_cb
                0x20003284       0x70 CMakeFiles/JTAGprobe.dir/src/usb_descriptors.c.obj
                0x20003284                tud_descriptor_string_cb
 .text.tud_descriptor_bos_cb
                0x200032f4        0x8 CMakeFiles/JTAGprobe.dir/src/usb_descriptors.c.obj
                0x200032f4                tud_descriptor_bos_cb
 .text.dap_edpt_init
                0x200032fc        0x4 CMakeFiles/JTAGprobe.dir/src/tusb_edpt_handler.c.obj
                0x200032fc                dap_edpt_init
 .text.dap_edpt_reset
                0x20003300        0x4 CMakeFiles/JTAGprobe.dir/src/tusb_edpt_handler.c.obj
                0x20003300                dap_edpt_reset
 .text.dap_edpt_control_xfer_cb
                0x20003304        0x4 CMakeFiles/JTAGprobe.dir/src/tusb_edpt_handler.c.obj
                0x20003304                dap_edpt_control_xfer_cb
 .text.dap_edpt_open
                0x20003308       0xb0 CMakeFiles/JTAGprobe.dir/src/tusb_edpt_handler.c.obj
                0x20003308                dap_edpt_open
 .text.dap_edpt_xfer_cb
                0x200033b8       0xa8 CMakeFiles/JTAGprobe.dir/src/tusb_edpt_handler.c.obj
                0x200033b8                dap_edpt_xfer_cb
 .text.dap_thread
                0x20003460      0x248 CMakeFiles/JTAGprobe.dir/src/tusb_edpt_handler.c.obj
                0x20003460                dap_thread
 .text.usbd_app_driver_get_cb
                0x200036a8        0xc CMakeFiles/JTAGprobe.dir/src/tusb_edpt_handler.c.obj
                0x200036a8                usbd_app_driver_get_cb
 .text.lock_init
                0x200036b4       0x10 CMakeFiles/JTAGprobe.dir/home/teja/pico/pico-sdk/src/common/pico_sync/lock_core.c.obj
                0x200036b4                lock_init
 .text.runtime_init_mutex
                0x200036c4       0x54 CMakeFiles/JTAGprobe.dir/home/teja/pico/pico-sdk/src/common/pico_sync/mutex.c.obj
                0x200036c4                runtime_init_mutex
 .text.mutex_init
                0x20003718       0x1c CMakeFiles/JTAGprobe.dir/home/teja/pico/pico-sdk/src/common/pico_sync/mutex.c.obj
                0x20003718                mutex_init
 .text.critical_section_init
                0x20003734       0x1c CMakeFiles/JTAGprobe.dir/home/teja/pico/pico-sdk/src/common/pico_sync/critical_section.c.obj
                0x20003734                critical_section_init
 .text.alarm_pool_irq_handler
                0x20003750      0x2e4 CMakeFiles/JTAGprobe.dir/home/teja/pico/pico-sdk/src/common/pico_time/time.c.obj
 .text.sleep_until_callback
                0x20003a34       0x24 CMakeFiles/JTAGprobe.dir/home/teja/pico/pico-sdk/src/common/pico_time/time.c.obj
 .text.runtime_init_default_alarm_pool
                0x20003a58       0xdc CMakeFiles/JTAGprobe.dir/home/teja/pico/pico-sdk/src/common/pico_time/time.c.obj
                0x20003a58                runtime_init_default_alarm_pool
 .text.alarm_pool_get_default
                0x20003b34        0x8 CMakeFiles/JTAGprobe.dir/home/teja/pico/pico-sdk/src/common/pico_time/time.c.obj
                0x20003b34                alarm_pool_get_default
 .text.alarm_pool_add_alarm_at
                0x20003b3c       0xd4 CMakeFiles/JTAGprobe.dir/home/teja/pico/pico-sdk/src/common/pico_time/time.c.obj
                0x20003b3c                alarm_pool_add_alarm_at
 .text.alarm_pool_cancel_alarm
                0x20003c10       0x74 CMakeFiles/JTAGprobe.dir/home/teja/pico/pico-sdk/src/common/pico_time/time.c.obj
                0x20003c10                alarm_pool_cancel_alarm
 .text.best_effort_wfe_or_timeout
                0x20003c84      0x134 CMakeFiles/JTAGprobe.dir/home/teja/pico/pico-sdk/src/common/pico_time/time.c.obj
                0x20003c84                best_effort_wfe_or_timeout
 .text.timer_hardware_alarm_claim
                0x20003db8       0x14 CMakeFiles/JTAGprobe.dir/home/teja/pico/pico-sdk/src/rp2_common/hardware_timer/timer.c.obj
                0x20003db8                timer_hardware_alarm_claim
 .text.timer_time_us_64
                0x20003dcc       0x10 CMakeFiles/JTAGprobe.dir/home/teja/pico/pico-sdk/src/rp2_common/hardware_timer/timer.c.obj
                0x20003dcc                timer_time_us_64
 .text.time_us_64
                0x20003ddc       0x14 CMakeFiles/JTAGprobe.dir/home/teja/pico/pico-sdk/src/rp2_common/hardware_timer/timer.c.obj
                0x20003ddc                time_us_64
 .text.busy_wait_us
                0x20003df0       0x68 CMakeFiles/JTAGprobe.dir/home/teja/pico/pico-sdk/src/rp2_common/hardware_timer/timer.c.obj
                0x20003df0                busy_wait_us
 .text.rp2040_chip_version
                0x20003e58        0xc CMakeFiles/JTAGprobe.dir/home/teja/pico/pico-sdk/src/rp2040/pico_platform/platform.c.obj
                0x20003e58                rp2040_chip_version
 .text.panic    0x20003e64       0x30 CMakeFiles/JTAGprobe.dir/home/teja/pico/pico-sdk/src/rp2_common/pico_platform_panic/panic.c.obj
                0x20003e64                panic
 .text.panic_unsupported
                0x20003e94        0xc CMakeFiles/JTAGprobe.dir/home/teja/pico/pico-sdk/src/rp2_common/pico_platform_panic/panic.c.obj
                0x20003e94                panic_unsupported
 .text.hw_claim_or_assert
                0x20003ea0       0x44 CMakeFiles/JTAGprobe.dir/home/teja/pico/pico-sdk/src/common/hardware_claim/claim.c.obj
                0x20003ea0                hw_claim_or_assert
 .text.hw_claim_unused_from_range
                0x20003ee4       0x9c CMakeFiles/JTAGprobe.dir/home/teja/pico/pico-sdk/src/common/hardware_claim/claim.c.obj
                0x20003ee4                hw_claim_unused_from_range
 .text.next_striped_spin_lock_num
                0x20003f80       0x18 CMakeFiles/JTAGprobe.dir/home/teja/pico/pico-sdk/src/rp2_common/hardware_sync/sync.c.obj
                0x20003f80                next_striped_spin_lock_num
 .text.spin_lock_claim_unused
                0x20003f98       0x24 CMakeFiles/JTAGprobe.dir/home/teja/pico/pico-sdk/src/rp2_common/hardware_sync/sync.c.obj
                0x20003f98                spin_lock_claim_unused
 .text.spin_locks_reset
                0x20003fbc       0x1c CMakeFiles/JTAGprobe.dir/home/teja/pico/pico-sdk/src/rp2_common/hardware_sync_spin_lock/sync_spin_lock.c.obj
                0x20003fbc                spin_locks_reset
 .text.runtime_init_per_core_irq_priorities
                0x20003fd8       0x24 CMakeFiles/JTAGprobe.dir/home/teja/pico/pico-sdk/src/rp2_common/hardware_irq/irq.c.obj
                0x20003fd8                runtime_init_per_core_irq_priorities
 .text.irq_set_enabled
                0x20003ffc       0x24 CMakeFiles/JTAGprobe.dir/home/teja/pico/pico-sdk/src/rp2_common/hardware_irq/irq.c.obj
                0x20003ffc                irq_set_enabled
 .text.irq_set_exclusive_handler
                0x20004020       0x54 CMakeFiles/JTAGprobe.dir/home/teja/pico/pico-sdk/src/rp2_common/hardware_irq/irq.c.obj
                0x20004020                irq_set_exclusive_handler
 .text.irq_add_shared_handler
                0x20004074      0x1f4 CMakeFiles/JTAGprobe.dir/home/teja/pico/pico-sdk/src/rp2_common/hardware_irq/irq.c.obj
                0x20004074                irq_add_shared_handler
 .text.irq_remove_handler
                0x20004268      0x1d4 CMakeFiles/JTAGprobe.dir/home/teja/pico/pico-sdk/src/rp2_common/hardware_irq/irq.c.obj
                0x20004268                irq_remove_handler
 .text.irq_set_priority
                0x2000443c       0x28 CMakeFiles/JTAGprobe.dir/home/teja/pico/pico-sdk/src/rp2_common/hardware_irq/irq.c.obj
                0x2000443c                irq_set_priority
 .text.irq_add_tail_to_free_list
                0x20004464       0xb4 CMakeFiles/JTAGprobe.dir/home/teja/pico/pico-sdk/src/rp2_common/hardware_irq/irq.c.obj
                0x20004464                irq_add_tail_to_free_list
 .text.gpio_set_function
                0x20004518       0x34 CMakeFiles/JTAGprobe.dir/home/teja/pico/pico-sdk/src/rp2_common/hardware_gpio/gpio.c.obj
                0x20004518                gpio_set_function
 .text.gpio_get_function
                0x2000454c       0x14 CMakeFiles/JTAGprobe.dir/home/teja/pico/pico-sdk/src/rp2_common/hardware_gpio/gpio.c.obj
                0x2000454c                gpio_get_function
 .text.gpio_set_pulls
                0x20004560       0x28 CMakeFiles/JTAGprobe.dir/home/teja/pico/pico-sdk/src/rp2_common/hardware_gpio/gpio.c.obj
                0x20004560                gpio_set_pulls
 .text.gpio_set_inover
                0x20004588       0x24 CMakeFiles/JTAGprobe.dir/home/teja/pico/pico-sdk/src/rp2_common/hardware_gpio/gpio.c.obj
                0x20004588                gpio_set_inover
 .text.gpio_set_oeover
                0x200045ac       0x24 CMakeFiles/JTAGprobe.dir/home/teja/pico/pico-sdk/src/rp2_common/hardware_gpio/gpio.c.obj
                0x200045ac                gpio_set_oeover
 .text.gpio_init
                0x200045d0       0x40 CMakeFiles/JTAGprobe.dir/home/teja/pico/pico-sdk/src/rp2_common/hardware_gpio/gpio.c.obj
                0x200045d0                gpio_init
 .text.uart_init
                0x20004610      0x120 CMakeFiles/JTAGprobe.dir/home/teja/pico/pico-sdk/src/rp2_common/hardware_uart/uart.c.obj
                0x20004610                uart_init
 .text.clock_configure_int_divider
                0x20004730       0xf4 CMakeFiles/JTAGprobe.dir/home/teja/pico/pico-sdk/src/rp2_common/hardware_clocks/clocks.c.obj
                0x20004730                clock_configure_int_divider
 .text.clock_configure_undivided
                0x20004824       0xe8 CMakeFiles/JTAGprobe.dir/home/teja/pico/pico-sdk/src/rp2_common/hardware_clocks/clocks.c.obj
                0x20004824                clock_configure_undivided
 .text.clock_get_hz
                0x2000490c        0xc CMakeFiles/JTAGprobe.dir/home/teja/pico/pico-sdk/src/rp2_common/hardware_clocks/clocks.c.obj
                0x2000490c                clock_get_hz
 .text.pll_init
                0x20004918       0xa4 CMakeFiles/JTAGprobe.dir/home/teja/pico/pico-sdk/src/rp2_common/hardware_pll/pll.c.obj
                0x20004918                pll_init
 .text.tick_start
                0x200049bc       0x10 CMakeFiles/JTAGprobe.dir/home/teja/pico/pico-sdk/src/rp2_common/hardware_ticks/ticks.c.obj
                0x200049bc                tick_start
 .text.xosc_init
                0x200049cc       0x28 CMakeFiles/JTAGprobe.dir/home/teja/pico/pico-sdk/src/rp2_common/hardware_xosc/xosc.c.obj
                0x200049cc                xosc_init
 .text.first_per_core_initializer
                0x200049f4        0x4 CMakeFiles/JTAGprobe.dir/home/teja/pico/pico-sdk/src/rp2_common/pico_runtime/runtime.c.obj
 .text.hard_assertion_failure
                0x200049f8        0xc CMakeFiles/JTAGprobe.dir/home/teja/pico/pico-sdk/src/rp2_common/pico_runtime/runtime.c.obj
                0x200049f8                hard_assertion_failure
 .text.runtime_run_initializers
                0x20004a04       0x28 CMakeFiles/JTAGprobe.dir/home/teja/pico/pico-sdk/src/rp2_common/pico_runtime/runtime.c.obj
                0x20004a04                runtime_run_initializers
 .text.runtime_init_early_resets
                0x20004a2c       0x2c CMakeFiles/JTAGprobe.dir/home/teja/pico/pico-sdk/src/rp2_common/pico_runtime_init/runtime_init.c.obj
                0x20004a2c                runtime_init_early_resets
 .text.runtime_init_usb_power_down
                0x20004a58       0x1c CMakeFiles/JTAGprobe.dir/home/teja/pico/pico-sdk/src/rp2_common/pico_runtime_init/runtime_init.c.obj
                0x20004a58                runtime_init_usb_power_down
 .text.runtime_init_post_clock_resets
                0x20004a74       0x20 CMakeFiles/JTAGprobe.dir/home/teja/pico/pico-sdk/src/rp2_common/pico_runtime_init/runtime_init.c.obj
                0x20004a74                runtime_init_post_clock_resets
 .text.runtime_init_rp2040_gpio_ie_disable
                0x20004a94       0x14 CMakeFiles/JTAGprobe.dir/home/teja/pico/pico-sdk/src/rp2_common/pico_runtime_init/runtime_init.c.obj
                0x20004a94                runtime_init_rp2040_gpio_ie_disable
 .text.runtime_init_spin_locks_reset
                0x20004aa8        0x8 CMakeFiles/JTAGprobe.dir/home/teja/pico/pico-sdk/src/rp2_common/pico_runtime_init/runtime_init.c.obj
                0x20004aa8                runtime_init_spin_locks_reset
 .text.runtime_init_install_ram_vector_table
                0x20004ab0       0x1c CMakeFiles/JTAGprobe.dir/home/teja/pico/pico-sdk/src/rp2_common/pico_runtime_init/runtime_init.c.obj
                0x20004ab0                runtime_init_install_ram_vector_table
 .text.runtime_init_clocks
                0x20004acc       0xd8 CMakeFiles/JTAGprobe.dir/home/teja/pico/pico-sdk/src/rp2_common/pico_runtime_init/runtime_init_clocks.c.obj
                0x20004acc                runtime_init_clocks
 .text          0x20004ba4       0x10 CMakeFiles/JTAGprobe.dir/home/teja/pico/pico-sdk/src/rp2_common/pico_bit_ops/bit_ops_aeabi.S.obj
 .text.rom_func_lookup
                0x20004bb4       0x10 CMakeFiles/JTAGprobe.dir/home/teja/pico/pico-sdk/src/rp2_common/pico_bootrom/bootrom.c.obj
                0x20004bb4                rom_func_lookup
 .text.rom_data_lookup
                0x20004bc4       0x10 CMakeFiles/JTAGprobe.dir/home/teja/pico/pico-sdk/src/rp2_common/pico_bootrom/bootrom.c.obj
                0x20004bc4                rom_data_lookup
 .text.rom_funcs_lookup
                0x20004bd4       0x44 CMakeFiles/JTAGprobe.dir/home/teja/pico/pico-sdk/src/rp2_common/pico_bootrom/bootrom.c.obj
                0x20004bd4                rom_funcs_lookup
 .text.__wrap___aeabi_idiv
                0x20004c18       0x50 CMakeFiles/JTAGprobe.dir/home/teja/pico/pico-sdk/src/rp2_common/pico_divider/divider_hardware.S.obj
                0x20004c18                __wrap___aeabi_idivmod
                0x20004c18                divmod_s32s32
                0x20004c18                div_s32s32
                0x20004c18                __wrap___aeabi_idiv
                0x20004c20                divmod_s32s32_unsafe
                0x20004c4c                divmod_s32s32_savestate
 .text.__wrap___aeabi_uidiv
                0x20004c68       0x4c CMakeFiles/JTAGprobe.dir/home/teja/pico/pico-sdk/src/rp2_common/pico_divider/divider_hardware.S.obj
                0x20004c68                __wrap___aeabi_uidiv
                0x20004c68                __wrap___aeabi_uidivmod
                0x20004c68                div_u32u32
                0x20004c68                divmod_u32u32
                0x20004c70                divmod_u32u32_unsafe
                0x20004c98                divmod_u32u32_savestate
 .text.__wrap___aeabi_ldiv
                0x20004cb4      0x424 CMakeFiles/JTAGprobe.dir/home/teja/pico/pico-sdk/src/rp2_common/pico_divider/divider_hardware.S.obj
                0x20004cb4                div_s64s64
                0x20004cb4                divmod_s64s64
                0x20004cb4                __wrap___aeabi_ldivmod
                0x20004ce4                div_u64u64
                0x20004ce4                divmod_u64u64
                0x20004ce4                __wrap___aeabi_uldivmod
                0x20004cf4                divmod_u64u64_savestate
                0x20004d14                divmod_s64s64_unsafe
                0x20004d9c                divmod_u64u64_unsafe
 .text.__wrap___aeabi_darithmetic
                0x200050d8       0x80 CMakeFiles/JTAGprobe.dir/home/teja/pico/pico-sdk/src/rp2_common/pico_double/double_aeabi_rp2040.S.obj
                0x200050d8                __wrap___aeabi_drsub
                0x200050de                __wrap___aeabi_dsub
                0x200050f0                __wrap___aeabi_dadd
                0x20005102                __wrap___aeabi_ddiv
                0x2000513e                __wrap___aeabi_dmul
 .text.__wrap___aeabi_cdcmple
                0x20005158       0x6c CMakeFiles/JTAGprobe.dir/home/teja/pico/pico-sdk/src/rp2_common/pico_double/double_aeabi_rp2040.S.obj
                0x20005158                __wrap___aeabi_cdrcmple
                0x20005168                __wrap___aeabi_cdcmple
                0x20005168                __wrap___aeabi_cdcmpeq
 .text.__wrap___aeabi_dcmplt
                0x200051c4        0xc CMakeFiles/JTAGprobe.dir/home/teja/pico/pico-sdk/src/rp2_common/pico_double/double_aeabi_rp2040.S.obj
                0x200051c4                __wrap___aeabi_dcmplt
 .text.__wrap___aeabi_dcmpge
                0x200051d0       0x10 CMakeFiles/JTAGprobe.dir/home/teja/pico/pico-sdk/src/rp2_common/pico_double/double_aeabi_rp2040.S.obj
                0x200051d0                __wrap___aeabi_dcmpge
 .text.__wrap___aeabi_dcmpgt
                0x200051e0        0xa CMakeFiles/JTAGprobe.dir/home/teja/pico/pico-sdk/src/rp2_common/pico_double/double_aeabi_rp2040.S.obj
                0x200051e0                __wrap___aeabi_dcmpgt
 .text.__wrap___aeabi_dcmpun
                0x200051ea       0x18 CMakeFiles/JTAGprobe.dir/home/teja/pico/pico-sdk/src/rp2_common/pico_double/double_aeabi_rp2040.S.obj
                0x200051ea                __wrap___aeabi_dcmpun
 *fill*         0x20005202        0x2 
 .text.__wrap___aeabi_i2d
                0x20005204       0x38 CMakeFiles/JTAGprobe.dir/home/teja/pico/pico-sdk/src/rp2_common/pico_double/double_aeabi_rp2040.S.obj
                0x20005204                __wrap___aeabi_ui2d
                0x2000520c                __wrap___aeabi_i2d
 .text.__wrap___aeabi_d2iz
                0x2000523c       0x48 CMakeFiles/JTAGprobe.dir/home/teja/pico/pico-sdk/src/rp2_common/pico_double/double_aeabi_rp2040.S.obj
                0x2000523c                __wrap___aeabi_d2iz
                0x2000523c                double2int_z
 .text.__wrap___aeabi_d2uiz
                0x20005284       0x18 CMakeFiles/JTAGprobe.dir/home/teja/pico/pico-sdk/src/rp2_common/pico_double/double_aeabi_rp2040.S.obj
                0x20005284                double2uint
                0x20005284                __wrap___aeabi_d2uiz
 .text.__aeabi_double_init
                0x2000529c       0xa4 CMakeFiles/JTAGprobe.dir/home/teja/pico/pico-sdk/src/rp2_common/pico_double/double_init_rom_rp2040.c.obj
                0x2000529c                __aeabi_double_init
 .text.double_table_shim_on_use_helper
                0x20005340       0x2c CMakeFiles/JTAGprobe.dir/home/teja/pico/pico-sdk/src/rp2_common/pico_double/double_v1_rom_shim_rp2040.S.obj
                0x20005340                double_table_shim_on_use_helper
 .text.__wrap___aeabi_dsub
                0x2000536c       0x10 CMakeFiles/JTAGprobe.dir/home/teja/pico/pico-sdk/src/rp2_common/pico_double/double_v1_rom_shim_rp2040.S.obj
                0x2000536c                drsub_shim
                0x20005372                dsub_shim
 .text.dadd_shim
                0x2000537c      0x15c CMakeFiles/JTAGprobe.dir/home/teja/pico/pico-sdk/src/rp2_common/pico_double/double_v1_rom_shim_rp2040.S.obj
                0x2000537c                dadd_shim
 .text.dmul_shim
                0x200054d8      0x15c CMakeFiles/JTAGprobe.dir/home/teja/pico/pico-sdk/src/rp2_common/pico_double/double_v1_rom_shim_rp2040.S.obj
                0x200054d8                dmul_shim
 .text.ddiv_shim
                0x20005634      0x1b0 CMakeFiles/JTAGprobe.dir/home/teja/pico/pico-sdk/src/rp2_common/pico_double/double_v1_rom_shim_rp2040.S.obj
                0x20005634                ddiv_shim
 .text.double2uint_shim
                0x200057e4        0xe CMakeFiles/JTAGprobe.dir/home/teja/pico/pico-sdk/src/rp2_common/pico_double/double_v1_rom_shim_rp2040.S.obj
                0x200057e4                double2uint_shim
                0x200057e6                double2ufix_shim
 *fill*         0x200057f2        0x2 
 .text.double2uint64_shim
                0x200057f4       0x70 CMakeFiles/JTAGprobe.dir/home/teja/pico/pico-sdk/src/rp2_common/pico_double/double_v1_rom_shim_rp2040.S.obj
                0x200057f4                double2uint64_shim
                0x200057f6                double2ufix64_shim
                0x20005816                d2fix_a
 .text.dunpacks
                0x20005864       0x3c CMakeFiles/JTAGprobe.dir/home/teja/pico/pico-sdk/src/rp2_common/pico_double/double_v1_rom_shim_rp2040.S.obj
                0x20005864                dunpacks
 .text.__aeabi_lmul
                0x200058a0       0x32 CMakeFiles/JTAGprobe.dir/home/teja/pico/pico-sdk/src/rp2_common/pico_int64_ops/pico_int64_ops_aeabi.S.obj
                0x200058a0                __wrap___aeabi_lmul
 *fill*         0x200058d2        0x2 
 .text.__aeabi_float_init
                0x200058d4       0x64 CMakeFiles/JTAGprobe.dir/home/teja/pico/pico-sdk/src/rp2_common/pico_float/float_init_rom_rp2040.c.obj
                0x200058d4                __aeabi_float_init
 .text.float_table_shim_on_use_helper
                0x20005938       0x2c CMakeFiles/JTAGprobe.dir/home/teja/pico/pico-sdk/src/rp2_common/pico_float/float_v1_rom_shim_rp2040.S.obj
                0x20005938                float_table_shim_on_use_helper
 .text          0x20005964       0x10 CMakeFiles/JTAGprobe.dir/home/teja/pico/pico-sdk/src/rp2_common/pico_mem_ops/mem_ops_aeabi.S.obj
                0x20005964                __aeabi_mem_init
 .text.memset   0x20005974        0xc CMakeFiles/JTAGprobe.dir/home/teja/pico/pico-sdk/src/rp2_common/pico_mem_ops/mem_ops_aeabi.S.obj
                0x20005974                __wrap_memset
 .text.memcpy   0x20005980        0xc CMakeFiles/JTAGprobe.dir/home/teja/pico/pico-sdk/src/rp2_common/pico_mem_ops/mem_ops_aeabi.S.obj
                0x20005980                __wrap___aeabi_memcpy
                0x20005980                __wrap_memcpy
 .text._out_null
                0x2000598c        0x4 CMakeFiles/JTAGprobe.dir/home/teja/pico/pico-sdk/src/rp2_common/pico_printf/printf.c.obj
 .text._out_rev
                0x20005990       0xac CMakeFiles/JTAGprobe.dir/home/teja/pico/pico-sdk/src/rp2_common/pico_printf/printf.c.obj
 .text._ntoa_format
                0x20005a3c      0x250 CMakeFiles/JTAGprobe.dir/home/teja/pico/pico-sdk/src/rp2_common/pico_printf/printf.c.obj
 .text._out_char
                0x20005c8c       0x10 CMakeFiles/JTAGprobe.dir/home/teja/pico/pico-sdk/src/rp2_common/pico_printf/printf.c.obj
 .text._out_fct
                0x20005c9c       0x10 CMakeFiles/JTAGprobe.dir/home/teja/pico/pico-sdk/src/rp2_common/pico_printf/printf.c.obj
 .text._etoa    0x20005cac      0x464 CMakeFiles/JTAGprobe.dir/home/teja/pico/pico-sdk/src/rp2_common/pico_printf/printf.c.obj
 .text._ftoa    0x20006110      0x3c0 CMakeFiles/JTAGprobe.dir/home/teja/pico/pico-sdk/src/rp2_common/pico_printf/printf.c.obj
 .text._vsnprintf
                0x200064d0      0xbc8 CMakeFiles/JTAGprobe.dir/home/teja/pico/pico-sdk/src/rp2_common/pico_printf/printf.c.obj
 .text.vfctprintf
                0x20007098       0x20 CMakeFiles/JTAGprobe.dir/home/teja/pico/pico-sdk/src/rp2_common/pico_printf/printf.c.obj
                0x20007098                vfctprintf
 .text.weak_raw_vprintf
                0x200070b8       0x30 CMakeFiles/JTAGprobe.dir/home/teja/pico/pico-sdk/src/rp2_common/pico_printf/printf.c.obj
                0x200070b8                weak_raw_vprintf
 .text._exit    0x200070e8        0x4 CMakeFiles/JTAGprobe.dir/home/teja/pico/pico-sdk/src/rp2_common/pico_clib_interface/newlib_interface.c.obj
                0x200070e8                _exit
 .text.exit     0x200070ec        0x8 CMakeFiles/JTAGprobe.dir/home/teja/pico/pico-sdk/src/rp2_common/pico_clib_interface/newlib_interface.c.obj
                0x200070ec                exit
 .text.runtime_init
                0x200070f4       0x2c CMakeFiles/JTAGprobe.dir/home/teja/pico/pico-sdk/src/rp2_common/pico_clib_interface/newlib_interface.c.obj
                0x200070f4                runtime_init
 .text.stdio_out_chars_no_crlf
                0x20007120       0x10 CMakeFiles/JTAGprobe.dir/home/teja/pico/pico-sdk/src/rp2_common/pico_stdio/stdio.c.obj
 .text.stdio_out_chars_crlf
                0x20007130       0x94 CMakeFiles/JTAGprobe.dir/home/teja/pico/pico-sdk/src/rp2_common/pico_stdio/stdio.c.obj
 .text.stdio_buffered_printer
                0x200071c4       0x64 CMakeFiles/JTAGprobe.dir/home/teja/pico/pico-sdk/src/rp2_common/pico_stdio/stdio.c.obj
 .text.stdio_put_string
                0x20007228      0x100 CMakeFiles/JTAGprobe.dir/home/teja/pico/pico-sdk/src/rp2_common/pico_stdio/stdio.c.obj
                0x20007228                stdio_put_string
 .text.stdio_set_driver_enabled
                0x20007328       0x30 CMakeFiles/JTAGprobe.dir/home/teja/pico/pico-sdk/src/rp2_common/pico_stdio/stdio.c.obj
                0x20007328                stdio_set_driver_enabled
 .text.__wrap_putchar
                0x20007358       0x98 CMakeFiles/JTAGprobe.dir/home/teja/pico/pico-sdk/src/rp2_common/pico_stdio/stdio.c.obj
                0x20007358                stdio_putchar
                0x20007358                __wrap_putchar
 .text.__wrap_puts
                0x200073f0       0x3c CMakeFiles/JTAGprobe.dir/home/teja/pico/pico-sdk/src/rp2_common/pico_stdio/stdio.c.obj
                0x200073f0                __wrap_puts
                0x200073f0                stdio_puts
 .text.__wrap_vprintf
                0x2000742c       0xd4 CMakeFiles/JTAGprobe.dir/home/teja/pico/pico-sdk/src/rp2_common/pico_stdio/stdio.c.obj
                0x2000742c                __wrap_vprintf
                0x2000742c                stdio_vprintf
 .text.__wrap_printf
                0x20007500       0x18 CMakeFiles/JTAGprobe.dir/home/teja/pico/pico-sdk/src/rp2_common/pico_stdio/stdio.c.obj
                0x20007500                stdio_printf
                0x20007500                __wrap_printf
 .text.stdio_uart_out_chars
                0x20007518       0x4c CMakeFiles/JTAGprobe.dir/home/teja/pico/pico-sdk/src/rp2_common/pico_stdio_uart/stdio_uart.c.obj
 .text.stdio_uart_in_chars
                0x20007564       0x90 CMakeFiles/JTAGprobe.dir/home/teja/pico/pico-sdk/src/rp2_common/pico_stdio_uart/stdio_uart.c.obj
                0x20007564                stdio_uart_in_chars
 .text.on_uart_rx
                0x200075f4       0x28 CMakeFiles/JTAGprobe.dir/home/teja/pico/pico-sdk/src/rp2_common/pico_stdio_uart/stdio_uart.c.obj
 .text.stdio_uart_out_flush
                0x2000761c       0x10 CMakeFiles/JTAGprobe.dir/home/teja/pico/pico-sdk/src/rp2_common/pico_stdio_uart/stdio_uart.c.obj
 .text.stdio_uart_set_chars_available_callback
                0x2000762c       0x8c CMakeFiles/JTAGprobe.dir/home/teja/pico/pico-sdk/src/rp2_common/pico_stdio_uart/stdio_uart.c.obj
 .text.stdio_uart_init
                0x200076b8       0x50 CMakeFiles/JTAGprobe.dir/home/teja/pico/pico-sdk/src/rp2_common/pico_stdio_uart/stdio_uart.c.obj
                0x200076b8                stdio_uart_init
 .text.stdio_uart_init_full
                0x20007708       0x3c CMakeFiles/JTAGprobe.dir/home/teja/pico/pico-sdk/src/rp2_common/pico_stdio_uart/stdio_uart.c.obj
                0x20007708                stdio_uart_init_full
 .text.startup._retrieve_unique_id_on_boot
                0x20007744       0x10 CMakeFiles/JTAGprobe.dir/home/teja/pico/pico-sdk/src/rp2_common/pico_unique_id/unique_id.c.obj
 .text.pico_get_unique_board_id
                0x20007754       0x10 CMakeFiles/JTAGprobe.dir/home/teja/pico/pico-sdk/src/rp2_common/pico_unique_id/unique_id.c.obj
                0x20007754                pico_get_unique_board_id
 .text.flash_get_unique_id
                0x20007764       0x3c CMakeFiles/JTAGprobe.dir/home/teja/pico/pico-sdk/src/rp2_common/hardware_flash/flash.c.obj
                0x20007764                flash_get_unique_id
 .text.dcd_int_enable
                0x200077a0        0xc CMakeFiles/JTAGprobe.dir/home/teja/pico/pico-sdk/lib/tinyusb/src/portable/raspberrypi/rp2040/dcd_rp2040.c.obj
                0x200077a0                dcd_int_enable
 .text.dcd_set_address
                0x200077ac       0x14 CMakeFiles/JTAGprobe.dir/home/teja/pico/pico-sdk/lib/tinyusb/src/portable/raspberrypi/rp2040/dcd_rp2040.c.obj
                0x200077ac                dcd_set_address
 .text.dcd_connect
                0x200077c0       0x10 CMakeFiles/JTAGprobe.dir/home/teja/pico/pico-sdk/lib/tinyusb/src/portable/raspberrypi/rp2040/dcd_rp2040.c.obj
                0x200077c0                dcd_connect
 .text.dcd_init
                0x200077d0       0x98 CMakeFiles/JTAGprobe.dir/home/teja/pico/pico-sdk/lib/tinyusb/src/portable/raspberrypi/rp2040/dcd_rp2040.c.obj
                0x200077d0                dcd_init
 .text.dcd_edpt0_status_complete
                0x20007868       0x1c CMakeFiles/JTAGprobe.dir/home/teja/pico/pico-sdk/lib/tinyusb/src/portable/raspberrypi/rp2040/dcd_rp2040.c.obj
                0x20007868                dcd_edpt0_status_complete
 .text.dcd_edpt_open
                0x20007884      0x108 CMakeFiles/JTAGprobe.dir/home/teja/pico/pico-sdk/lib/tinyusb/src/portable/raspberrypi/rp2040/dcd_rp2040.c.obj
                0x20007884                dcd_edpt_open
 .text.dcd_edpt_close_all
                0x2000798c        0x8 CMakeFiles/JTAGprobe.dir/home/teja/pico/pico-sdk/lib/tinyusb/src/portable/raspberrypi/rp2040/dcd_rp2040.c.obj
                0x2000798c                dcd_edpt_close_all
 .text.dcd_edpt_xfer
                0x20007994       0x24 CMakeFiles/JTAGprobe.dir/home/teja/pico/pico-sdk/lib/tinyusb/src/portable/raspberrypi/rp2040/dcd_rp2040.c.obj
                0x20007994                dcd_edpt_xfer
 .text.dcd_edpt_stall
                0x200079b8       0x34 CMakeFiles/JTAGprobe.dir/home/teja/pico/pico-sdk/lib/tinyusb/src/portable/raspberrypi/rp2040/dcd_rp2040.c.obj
                0x200079b8                dcd_edpt_stall
 .text.dcd_edpt_clear_stall
                0x200079ec       0x30 CMakeFiles/JTAGprobe.dir/home/teja/pico/pico-sdk/lib/tinyusb/src/portable/raspberrypi/rp2040/dcd_rp2040.c.obj
                0x200079ec                dcd_edpt_clear_stall
 .text.rp2040_usb_init
                0x20007a1c       0x4c CMakeFiles/JTAGprobe.dir/home/teja/pico/pico-sdk/lib/tinyusb/src/portable/raspberrypi/rp2040/rp2040_usb.c.obj
                0x20007a1c                rp2040_usb_init
 .text.hw_endpoint_xfer_start
                0x20007a68       0x40 CMakeFiles/JTAGprobe.dir/home/teja/pico/pico-sdk/lib/tinyusb/src/portable/raspberrypi/rp2040/rp2040_usb.c.obj
                0x20007a68                hw_endpoint_xfer_start
 .text.configuration_reset
                0x20007aa8       0x90 CMakeFiles/JTAGprobe.dir/home/teja/pico/pico-sdk/lib/tinyusb/src/device/usbd.c.obj
 .text.tud_mounted
                0x20007b38       0x10 CMakeFiles/JTAGprobe.dir/home/teja/pico/pico-sdk/lib/tinyusb/src/device/usbd.c.obj
                0x20007b38                tud_mounted
 .text.tud_suspended
                0x20007b48       0x10 CMakeFiles/JTAGprobe.dir/home/teja/pico/pico-sdk/lib/tinyusb/src/device/usbd.c.obj
                0x20007b48                tud_suspended
 .text.tud_inited
                0x20007b58       0x14 CMakeFiles/JTAGprobe.dir/home/teja/pico/pico-sdk/lib/tinyusb/src/device/usbd.c.obj
                0x20007b58                tud_inited
 .text.tud_init
                0x20007b6c       0xe4 CMakeFiles/JTAGprobe.dir/home/teja/pico/pico-sdk/lib/tinyusb/src/device/usbd.c.obj
                0x20007b6c                tud_init
 .text.tud_task_event_ready
                0x20007c50       0x20 CMakeFiles/JTAGprobe.dir/home/teja/pico/pico-sdk/lib/tinyusb/src/device/usbd.c.obj
                0x20007c50                tud_task_event_ready
 .text.tud_task_ext
                0x20007c70      0x710 CMakeFiles/JTAGprobe.dir/home/teja/pico/pico-sdk/lib/tinyusb/src/device/usbd.c.obj
                0x20007c70                tud_task_ext
 .text.usbd_open_edpt_pair
                0x20008380       0x9c CMakeFiles/JTAGprobe.dir/home/teja/pico/pico-sdk/lib/tinyusb/src/device/usbd.c.obj
                0x20008380                usbd_open_edpt_pair
 .text.usbd_edpt_open
                0x2000841c       0x34 CMakeFiles/JTAGprobe.dir/home/teja/pico/pico-sdk/lib/tinyusb/src/device/usbd.c.obj
                0x2000841c                usbd_edpt_open
 .text.usbd_edpt_claim
                0x20008450       0x28 CMakeFiles/JTAGprobe.dir/home/teja/pico/pico-sdk/lib/tinyusb/src/device/usbd.c.obj
                0x20008450                usbd_edpt_claim
 .text.usbd_edpt_release
                0x20008478       0x28 CMakeFiles/JTAGprobe.dir/home/teja/pico/pico-sdk/lib/tinyusb/src/device/usbd.c.obj
                0x20008478                usbd_edpt_release
 .text.usbd_edpt_xfer
                0x200084a0       0x4c CMakeFiles/JTAGprobe.dir/home/teja/pico/pico-sdk/lib/tinyusb/src/device/usbd.c.obj
                0x200084a0                usbd_edpt_xfer
 .text.usbd_edpt_busy
                0x200084ec       0x1c CMakeFiles/JTAGprobe.dir/home/teja/pico/pico-sdk/lib/tinyusb/src/device/usbd.c.obj
                0x200084ec                usbd_edpt_busy
 .text.tud_control_status
                0x20008508       0x2c CMakeFiles/JTAGprobe.dir/home/teja/pico/pico-sdk/lib/tinyusb/src/device/usbd_control.c.obj
                0x20008508                tud_control_status
 .text.tud_control_xfer
                0x20008534       0xac CMakeFiles/JTAGprobe.dir/home/teja/pico/pico-sdk/lib/tinyusb/src/device/usbd_control.c.obj
                0x20008534                tud_control_xfer
 .text.usbd_control_reset
                0x200085e0       0x14 CMakeFiles/JTAGprobe.dir/home/teja/pico/pico-sdk/lib/tinyusb/src/device/usbd_control.c.obj
                0x200085e0                usbd_control_reset
 .text.usbd_control_set_complete_callback
                0x200085f4        0xc CMakeFiles/JTAGprobe.dir/home/teja/pico/pico-sdk/lib/tinyusb/src/device/usbd_control.c.obj
                0x200085f4                usbd_control_set_complete_callback
 .text.usbd_control_set_request
                0x20008600       0x1c CMakeFiles/JTAGprobe.dir/home/teja/pico/pico-sdk/lib/tinyusb/src/device/usbd_control.c.obj
                0x20008600                usbd_control_set_request
 .text.usbd_control_xfer_cb
                0x2000861c       0xf4 CMakeFiles/JTAGprobe.dir/home/teja/pico/pico-sdk/lib/tinyusb/src/device/usbd_control.c.obj
                0x2000861c                usbd_control_xfer_cb
 .text.tud_cdc_n_write_flush
                0x20008710       0x7c CMakeFiles/JTAGprobe.dir/home/teja/pico/pico-sdk/lib/tinyusb/src/class/cdc/cdc_device.c.obj
                0x20008710                tud_cdc_n_write_flush
 .text.cdcd_init
                0x2000878c       0x7c CMakeFiles/JTAGprobe.dir/home/teja/pico/pico-sdk/lib/tinyusb/src/class/cdc/cdc_device.c.obj
                0x2000878c                cdcd_init
 .text.cdcd_reset
                0x20008808       0x2c CMakeFiles/JTAGprobe.dir/home/teja/pico/pico-sdk/lib/tinyusb/src/class/cdc/cdc_device.c.obj
                0x20008808                cdcd_reset
 .text.cdcd_open
                0x20008834       0xe4 CMakeFiles/JTAGprobe.dir/home/teja/pico/pico-sdk/lib/tinyusb/src/class/cdc/cdc_device.c.obj
                0x20008834                cdcd_open
 .text.cdcd_control_xfer_cb
                0x20008918       0xe4 CMakeFiles/JTAGprobe.dir/home/teja/pico/pico-sdk/lib/tinyusb/src/class/cdc/cdc_device.c.obj
                0x20008918                cdcd_control_xfer_cb
 .text.cdcd_xfer_cb
                0x200089fc      0x140 CMakeFiles/JTAGprobe.dir/home/teja/pico/pico-sdk/lib/tinyusb/src/class/cdc/cdc_device.c.obj
                0x200089fc                cdcd_xfer_cb
 .text.tud_hid_n_report
                0x20008b3c       0x94 CMakeFiles/JTAGprobe.dir/home/teja/pico/pico-sdk/lib/tinyusb/src/class/hid/hid_device.c.obj
                0x20008b3c                tud_hid_n_report
 .text.hidd_init
                0x20008bd0       0x14 CMakeFiles/JTAGprobe.dir/home/teja/pico/pico-sdk/lib/tinyusb/src/class/hid/hid_device.c.obj
                0x20008bd0                hidd_init
 .text.hidd_reset
                0x20008be4       0x14 CMakeFiles/JTAGprobe.dir/home/teja/pico/pico-sdk/lib/tinyusb/src/class/hid/hid_device.c.obj
                0x20008be4                hidd_reset
 .text.hidd_open
                0x20008bf8       0x8c CMakeFiles/JTAGprobe.dir/home/teja/pico/pico-sdk/lib/tinyusb/src/class/hid/hid_device.c.obj
                0x20008bf8                hidd_open
 .text.hidd_control_xfer_cb
                0x20008c84      0x1c8 CMakeFiles/JTAGprobe.dir/home/teja/pico/pico-sdk/lib/tinyusb/src/class/hid/hid_device.c.obj
                0x20008c84                hidd_control_xfer_cb
 .text.hidd_xfer_cb
                0x20008e4c       0x60 CMakeFiles/JTAGprobe.dir/home/teja/pico/pico-sdk/lib/tinyusb/src/class/hid/hid_device.c.obj
                0x20008e4c                hidd_xfer_cb
 .text.vendord_init
                0x20008eac       0x6c CMakeFiles/JTAGprobe.dir/home/teja/pico/pico-sdk/lib/tinyusb/src/class/vendor/vendor_device.c.obj
                0x20008eac                vendord_init
 .text.vendord_reset
                0x20008f18       0x1c CMakeFiles/JTAGprobe.dir/home/teja/pico/pico-sdk/lib/tinyusb/src/class/vendor/vendor_device.c.obj
                0x20008f18                vendord_reset
 .text.vendord_open
                0x20008f34       0xdc CMakeFiles/JTAGprobe.dir/home/teja/pico/pico-sdk/lib/tinyusb/src/class/vendor/vendor_device.c.obj
                0x20008f34                vendord_open
 .text.vendord_xfer_cb
                0x20009010       0xb4 CMakeFiles/JTAGprobe.dir/home/teja/pico/pico-sdk/lib/tinyusb/src/class/vendor/vendor_device.c.obj
                0x20009010                vendord_xfer_cb
 .text.tusb_init
                0x200090c4        0xc CMakeFiles/JTAGprobe.dir/home/teja/pico/pico-sdk/lib/tinyusb/src/tusb.c.obj
                0x200090c4                tusb_init
 .text.tusb_inited
                0x200090d0        0x8 CMakeFiles/JTAGprobe.dir/home/teja/pico/pico-sdk/lib/tinyusb/src/tusb.c.obj
                0x200090d0                tusb_inited
 .text.tu_edpt_claim
                0x200090d8       0x50 CMakeFiles/JTAGprobe.dir/home/teja/pico/pico-sdk/lib/tinyusb/src/tusb.c.obj
                0x200090d8                tu_edpt_claim
 .text.tu_edpt_release
                0x20009128       0x38 CMakeFiles/JTAGprobe.dir/home/teja/pico/pico-sdk/lib/tinyusb/src/tusb.c.obj
                0x20009128                tu_edpt_release
 .text.tu_edpt_validate
                0x20009160       0x7c CMakeFiles/JTAGprobe.dir/home/teja/pico/pico-sdk/lib/tinyusb/src/tusb.c.obj
                0x20009160                tu_edpt_validate
 .text.tu_edpt_bind_driver
                0x200091dc       0x34 CMakeFiles/JTAGprobe.dir/home/teja/pico/pico-sdk/lib/tinyusb/src/tusb.c.obj
                0x200091dc                tu_edpt_bind_driver
 .text.tu_fifo_config
                0x20009210       0x6c CMakeFiles/JTAGprobe.dir/home/teja/pico/pico-sdk/lib/tinyusb/src/common/tusb_fifo.c.obj
                0x20009210                tu_fifo_config
 .text.tu_fifo_count
                0x2000927c       0x2c CMakeFiles/JTAGprobe.dir/home/teja/pico/pico-sdk/lib/tinyusb/src/common/tusb_fifo.c.obj
                0x2000927c                tu_fifo_count
 .text.tu_fifo_empty
                0x200092a8       0x10 CMakeFiles/JTAGprobe.dir/home/teja/pico/pico-sdk/lib/tinyusb/src/common/tusb_fifo.c.obj
                0x200092a8                tu_fifo_empty
 .text.tu_fifo_remaining
                0x200092b8       0x2c CMakeFiles/JTAGprobe.dir/home/teja/pico/pico-sdk/lib/tinyusb/src/common/tusb_fifo.c.obj
                0x200092b8                tu_fifo_remaining
 .text.tu_fifo_read
                0x200092e4       0x9c CMakeFiles/JTAGprobe.dir/home/teja/pico/pico-sdk/lib/tinyusb/src/common/tusb_fifo.c.obj
                0x200092e4                tu_fifo_read
 .text.tu_fifo_read_n
                0x20009380       0xe8 CMakeFiles/JTAGprobe.dir/home/teja/pico/pico-sdk/lib/tinyusb/src/common/tusb_fifo.c.obj
                0x20009380                tu_fifo_read_n
 .text.tu_fifo_write
                0x20009468       0xa8 CMakeFiles/JTAGprobe.dir/home/teja/pico/pico-sdk/lib/tinyusb/src/common/tusb_fifo.c.obj
                0x20009468                tu_fifo_write
 .text.tu_fifo_write_n
                0x20009510      0x178 CMakeFiles/JTAGprobe.dir/home/teja/pico/pico-sdk/lib/tinyusb/src/common/tusb_fifo.c.obj
                0x20009510                tu_fifo_write_n
 .text.tu_fifo_clear
                0x20009688       0x40 CMakeFiles/JTAGprobe.dir/home/teja/pico/pico-sdk/lib/tinyusb/src/common/tusb_fifo.c.obj
                0x20009688                tu_fifo_clear
 .text.tu_fifo_set_overwritable
                0x200096c8       0x48 CMakeFiles/JTAGprobe.dir/home/teja/pico/pico-sdk/lib/tinyusb/src/common/tusb_fifo.c.obj
                0x200096c8                tu_fifo_set_overwritable
 .text.hw_enumeration_fix_force_ls_j_done
                0x20009710       0x44 CMakeFiles/JTAGprobe.dir/home/teja/pico/pico-sdk/src/rp2_common/pico_fix/rp2040_usb_device_enumeration/rp2040_usb_device_enumeration.c.obj
                0x20009710                hw_enumeration_fix_force_ls_j_done
 .text.hw_enumeration_fix_force_ls_j
                0x20009754      0x108 CMakeFiles/JTAGprobe.dir/home/teja/pico/pico-sdk/src/rp2_common/pico_fix/rp2040_usb_device_enumeration/rp2040_usb_device_enumeration.c.obj
 .text.hw_enumeration_fix_wait_se0_callback
                0x2000985c       0x24 CMakeFiles/JTAGprobe.dir/home/teja/pico/pico-sdk/src/rp2_common/pico_fix/rp2040_usb_device_enumeration/rp2040_usb_device_enumeration.c.obj
                0x2000985c                hw_enumeration_fix_wait_se0_callback
 .text.rp2040_usb_device_enumeration_fix
                0x20009880       0x68 CMakeFiles/JTAGprobe.dir/home/teja/pico/pico-sdk/src/rp2_common/pico_fix/rp2040_usb_device_enumeration/rp2040_usb_device_enumeration.c.obj
                0x20009880                rp2040_usb_device_enumeration_fix
 .text.board_init
                0x200098e8       0x30 CMakeFiles/JTAGprobe.dir/home/teja/pico/pico-sdk/lib/tinyusb/hw/bsp/rp2040/family.c.obj
                0x200098e8                board_init
 .text.vPortSVCHandler
                0x20009918        0x4 CMakeFiles/JTAGprobe.dir/freertos/portable/ThirdParty/GCC/RP2040/port.c.obj
                0x20009918                vPortSVCHandler
 .text.vPortStartFirstTask
                0x2000991c       0x28 CMakeFiles/JTAGprobe.dir/freertos/portable/ThirdParty/GCC/RP2040/port.c.obj
 .text.xPortPendSVHandler
                0x20009944       0x60 CMakeFiles/JTAGprobe.dir/freertos/portable/ThirdParty/GCC/RP2040/port.c.obj
                0x20009944                xPortPendSVHandler
 .text.prvFIFOInterruptHandler
                0x200099a4       0x78 CMakeFiles/JTAGprobe.dir/freertos/portable/ThirdParty/GCC/RP2040/port.c.obj
 .text.prvTaskExitError
                0x20009a1c        0x8 CMakeFiles/JTAGprobe.dir/freertos/portable/ThirdParty/GCC/RP2040/port.c.obj
 .text.pxPortInitialiseStack
                0x20009a24       0x20 CMakeFiles/JTAGprobe.dir/freertos/portable/ThirdParty/GCC/RP2040/port.c.obj
                0x20009a24                pxPortInitialiseStack
 .text.vPortYield
                0x20009a44       0x18 CMakeFiles/JTAGprobe.dir/freertos/portable/ThirdParty/GCC/RP2040/port.c.obj
                0x20009a44                vPortYield
 .text.vPortEnterCritical
                0x20009a5c       0x18 CMakeFiles/JTAGprobe.dir/freertos/portable/ThirdParty/GCC/RP2040/port.c.obj
                0x20009a5c                vPortEnterCritical
 .text.vPortExitCritical
                0x20009a74       0x34 CMakeFiles/JTAGprobe.dir/freertos/portable/ThirdParty/GCC/RP2040/port.c.obj
                0x20009a74                vPortExitCritical
 .text.ulSetInterruptMaskFromISR
                0x20009aa8        0x8 CMakeFiles/JTAGprobe.dir/freertos/portable/ThirdParty/GCC/RP2040/port.c.obj
                0x20009aa8                ulSetInterruptMaskFromISR
 .text.vClearInterruptMaskFromISR
                0x20009ab0        0x8 CMakeFiles/JTAGprobe.dir/freertos/portable/ThirdParty/GCC/RP2040/port.c.obj
                0x20009ab0                vClearInterruptMaskFromISR
 .text.xPortSysTickHandler
                0x20009ab8       0x24 CMakeFiles/JTAGprobe.dir/freertos/portable/ThirdParty/GCC/RP2040/port.c.obj
                0x20009ab8                xPortSysTickHandler
 .text.vPortSetupTimerInterrupt
                0x20009adc       0x34 CMakeFiles/JTAGprobe.dir/freertos/portable/ThirdParty/GCC/RP2040/port.c.obj
                0x20009adc                vPortSetupTimerInterrupt
 .text.xPortStartScheduler
                0x20009b10       0x9c CMakeFiles/JTAGprobe.dir/freertos/portable/ThirdParty/GCC/RP2040/port.c.obj
                0x20009b10                xPortStartScheduler
 .text.ulPortLockGetCurrentOwnerId
                0x20009bac       0x2c CMakeFiles/JTAGprobe.dir/freertos/portable/ThirdParty/GCC/RP2040/port.c.obj
                0x20009bac                ulPortLockGetCurrentOwnerId
 .text.vPortLockInternalSpinUnlockWithNotify
                0x20009bd8       0xc8 CMakeFiles/JTAGprobe.dir/freertos/portable/ThirdParty/GCC/RP2040/port.c.obj
                0x20009bd8                vPortLockInternalSpinUnlockWithNotify
 .text.xPortLockInternalSpinUnlockWithBestEffortWaitOrTimeout
                0x20009ca0       0xf4 CMakeFiles/JTAGprobe.dir/freertos/portable/ThirdParty/GCC/RP2040/port.c.obj
                0x20009ca0                xPortLockInternalSpinUnlockWithBestEffortWaitOrTimeout
 .text.startup.prvRuntimeInitializer
                0x20009d94       0x28 CMakeFiles/JTAGprobe.dir/freertos/portable/ThirdParty/GCC/RP2040/port.c.obj
 .text.vEventGroupSetBitsCallback
                0x20009dbc       0x90 CMakeFiles/JTAGprobe.dir/freertos/event_groups.c.obj
                0x20009dbc                vEventGroupSetBitsCallback
 .text.xEventGroupCreate
                0x20009e4c       0x18 CMakeFiles/JTAGprobe.dir/freertos/event_groups.c.obj
                0x20009e4c                xEventGroupCreate
 .text.xEventGroupWaitBits
                0x20009e64       0xb8 CMakeFiles/JTAGprobe.dir/freertos/event_groups.c.obj
                0x20009e64                xEventGroupWaitBits
 .text.xEventGroupSetBits
                0x20009f1c       0x94 CMakeFiles/JTAGprobe.dir/freertos/event_groups.c.obj
                0x20009f1c                xEventGroupSetBits
 .text.xEventGroupSetBitsFromISR
                0x20009fb0       0x18 CMakeFiles/JTAGprobe.dir/freertos/event_groups.c.obj
                0x20009fb0                xEventGroupSetBitsFromISR
 .text.vListInitialise
                0x20009fc8       0x18 CMakeFiles/JTAGprobe.dir/freertos/list.c.obj
                0x20009fc8                vListInitialise
 .text.vListInitialiseItem
                0x20009fe0        0x8 CMakeFiles/JTAGprobe.dir/freertos/list.c.obj
                0x20009fe0                vListInitialiseItem
 .text.vListInsertEnd
                0x20009fe8       0x18 CMakeFiles/JTAGprobe.dir/freertos/list.c.obj
                0x20009fe8                vListInsertEnd
 .text.vListInsert
                0x2000a000       0x30 CMakeFiles/JTAGprobe.dir/freertos/list.c.obj
                0x2000a000                vListInsert
 .text.uxListRemove
                0x2000a030       0x24 CMakeFiles/JTAGprobe.dir/freertos/list.c.obj
                0x2000a030                uxListRemove
 .text.prvUnlockQueue
                0x2000a054      0x180 CMakeFiles/JTAGprobe.dir/freertos/queue.c.obj
 .text.prvNotifyQueueSetContainer
                0x2000a1d4       0x90 CMakeFiles/JTAGprobe.dir/freertos/queue.c.obj
 .text.xQueueGenericCreate
                0x2000a264       0xa4 CMakeFiles/JTAGprobe.dir/freertos/queue.c.obj
                0x2000a264                xQueueGenericCreate
 .text.xQueueGenericSendFromISR
                0x2000a308      0x134 CMakeFiles/JTAGprobe.dir/freertos/queue.c.obj
                0x2000a308                xQueueGenericSendFromISR
 .text.xQueueReceive
                0x2000a43c      0x11c CMakeFiles/JTAGprobe.dir/freertos/queue.c.obj
                0x2000a43c                xQueueReceive
 .text.vQueueAddToRegistry
                0x2000a558      0x118 CMakeFiles/JTAGprobe.dir/freertos/queue.c.obj
                0x2000a558                vQueueAddToRegistry
 .text.vQueueWaitForMessageRestricted
                0x2000a670       0x48 CMakeFiles/JTAGprobe.dir/freertos/queue.c.obj
                0x2000a670                vQueueWaitForMessageRestricted
 .text.prvIdleTask
                0x2000a6b8       0x60 CMakeFiles/JTAGprobe.dir/freertos/tasks.c.obj
 .text.vTaskSwitchContext.part.0
                0x2000a718       0x80 CMakeFiles/JTAGprobe.dir/freertos/tasks.c.obj
 .text.xTaskCreate
                0x2000a798      0x244 CMakeFiles/JTAGprobe.dir/freertos/tasks.c.obj
                0x2000a798                xTaskCreate
 .text.vTaskSuspend
                0x2000a9dc       0xcc CMakeFiles/JTAGprobe.dir/freertos/tasks.c.obj
                0x2000a9dc                vTaskSuspend
 .text.vTaskResume
                0x2000aaa8       0x90 CMakeFiles/JTAGprobe.dir/freertos/tasks.c.obj
                0x2000aaa8                vTaskResume
 .text.vTaskStartScheduler
                0x2000ab38      0x1d8 CMakeFiles/JTAGprobe.dir/freertos/tasks.c.obj
                0x2000ab38                vTaskStartScheduler
 .text.vTaskSuspendAll
                0x2000ad10       0x10 CMakeFiles/JTAGprobe.dir/freertos/tasks.c.obj
                0x2000ad10                vTaskSuspendAll
 .text.xTaskGetTickCount
                0x2000ad20        0xc CMakeFiles/JTAGprobe.dir/freertos/tasks.c.obj
                0x2000ad20                xTaskGetTickCount
 .text.uxTaskGetNumberOfTasks
                0x2000ad2c        0xc CMakeFiles/JTAGprobe.dir/freertos/tasks.c.obj
                0x2000ad2c                uxTaskGetNumberOfTasks
 .text.xTaskIncrementTick
                0x2000ad38      0x1c0 CMakeFiles/JTAGprobe.dir/freertos/tasks.c.obj
                0x2000ad38                xTaskIncrementTick
 .text.xTaskResumeAll
                0x2000aef8      0x168 CMakeFiles/JTAGprobe.dir/freertos/tasks.c.obj
                0x2000aef8                xTaskResumeAll
 .text.xTaskDelayUntil
                0x2000b060       0xa4 CMakeFiles/JTAGprobe.dir/freertos/tasks.c.obj
                0x2000b060                xTaskDelayUntil
 .text.vTaskSwitchContext
                0x2000b104       0x20 CMakeFiles/JTAGprobe.dir/freertos/tasks.c.obj
                0x2000b104                vTaskSwitchContext
 .text.vTaskPlaceOnEventList
                0x2000b124       0x94 CMakeFiles/JTAGprobe.dir/freertos/tasks.c.obj
                0x2000b124                vTaskPlaceOnEventList
 .text.vTaskPlaceOnUnorderedEventList
                0x2000b1b8       0xb8 CMakeFiles/JTAGprobe.dir/freertos/tasks.c.obj
                0x2000b1b8                vTaskPlaceOnUnorderedEventList
 .text.vTaskPlaceOnEventListRestricted
                0x2000b270       0xc0 CMakeFiles/JTAGprobe.dir/freertos/tasks.c.obj
                0x2000b270                vTaskPlaceOnEventListRestricted
 .text.xTaskRemoveFromEventList
                0x2000b330       0xcc CMakeFiles/JTAGprobe.dir/freertos/tasks.c.obj
                0x2000b330                xTaskRemoveFromEventList
 .text.vTaskRemoveFromUnorderedEventList
                0x2000b3fc       0x94 CMakeFiles/JTAGprobe.dir/freertos/tasks.c.obj
                0x2000b3fc                vTaskRemoveFromUnorderedEventList
 .text.vTaskInternalSetTimeOutState
                0x2000b490       0x18 CMakeFiles/JTAGprobe.dir/freertos/tasks.c.obj
                0x2000b490                vTaskInternalSetTimeOutState
 .text.xTaskCheckForTimeOut
                0x2000b4a8       0x74 CMakeFiles/JTAGprobe.dir/freertos/tasks.c.obj
                0x2000b4a8                xTaskCheckForTimeOut
 .text.vTaskMissedYield
                0x2000b51c        0xc CMakeFiles/JTAGprobe.dir/freertos/tasks.c.obj
                0x2000b51c                vTaskMissedYield
 .text.xTaskGetCurrentTaskHandle
                0x2000b528        0xc CMakeFiles/JTAGprobe.dir/freertos/tasks.c.obj
                0x2000b528                xTaskGetCurrentTaskHandle
 .text.xTaskPriorityDisinherit
                0x2000b534       0x64 CMakeFiles/JTAGprobe.dir/freertos/tasks.c.obj
                0x2000b534                xTaskPriorityDisinherit
 .text.uxTaskResetEventItemValue
                0x2000b598       0x18 CMakeFiles/JTAGprobe.dir/freertos/tasks.c.obj
                0x2000b598                uxTaskResetEventItemValue
 .text.prvTimerTask
                0x2000b5b0      0x384 CMakeFiles/JTAGprobe.dir/freertos/timers.c.obj
 .text.xTimerCreateTimerTask
                0x2000b934       0x8c CMakeFiles/JTAGprobe.dir/freertos/timers.c.obj
                0x2000b934                xTimerCreateTimerTask
 .text.xTimerPendFunctionCallFromISR
                0x2000b9c0       0x28 CMakeFiles/JTAGprobe.dir/freertos/timers.c.obj
                0x2000b9c0                xTimerPendFunctionCallFromISR
 .text.exception_set_exclusive_handler
                0x2000b9e8       0x48 CMakeFiles/JTAGprobe.dir/home/teja/pico/pico-sdk/src/rp2_common/hardware_exception/exception.c.obj
                0x2000b9e8                exception_set_exclusive_handler
 .text.pvPortMalloc
                0x2000ba30       0x94 CMakeFiles/JTAGprobe.dir/freertos/portable/MemMang/heap_1.c.obj
                0x2000ba30                pvPortMalloc
 .text.vPortFree
                0x2000bac4        0x4 CMakeFiles/JTAGprobe.dir/freertos/portable/MemMang/heap_1.c.obj
                0x2000bac4                vPortFree
 .text          0x2000bac8        0x4 /usr/lib/gcc/arm-none-eabi/13.2.1/thumb/v6-m/nofp/libgcc.a(_dvmd_tls.o)
                0x2000bac8                __aeabi_ldiv0
                0x2000bac8                __aeabi_idiv0
 .text          0x2000bacc       0x10 /usr/lib/gcc/arm-none-eabi/13.2.1/../../../arm-none-eabi/lib/thumb/v6-m/nofp/libg.a(libc_a-atexit.o)
                0x2000bacc                atexit
 .text          0x2000badc       0x5c /usr/lib/gcc/arm-none-eabi/13.2.1/../../../arm-none-eabi/lib/thumb/v6-m/nofp/libg.a(libc_a-strlen-stub.o)
                0x2000badc                strlen
 .text          0x2000bb38       0x28 /usr/lib/gcc/arm-none-eabi/13.2.1/../../../arm-none-eabi/lib/thumb/v6-m/nofp/libg.a(libc_a-fini.o)
                0x2000bb38                __libc_fini_array
 .text          0x2000bb60       0x78 /usr/lib/gcc/arm-none-eabi/13.2.1/../../../arm-none-eabi/lib/thumb/v6-m/nofp/libg.a(libc_a-__atexit.o)
                0x2000bb60                __register_exitproc
 .text.startup  0x2000bbd8       0x18 /usr/lib/gcc/arm-none-eabi/13.2.1/../../../arm-none-eabi/lib/thumb/v6-m/nofp/libg.a(libc_a-__call_atexit.o)
 *(.fini)
 .fini          0x2000bbf0        0x4 /usr/lib/gcc/arm-none-eabi/13.2.1/thumb/v6-m/nofp/crti.o
                0x2000bbf0                _fini
 *crtbegin.o(.ctors)
 *crtbegin?.o(.ctors)
 *(EXCLUDE_FILE(*crtend.o *crtend?.o) .ctors)
 *(SORT_BY_NAME(.ctors.*))
 *(.ctors)
 *crtbegin.o(.dtors)
 *crtbegin?.o(.dtors)
 *(EXCLUDE_FILE(*crtend.o *crtend?.o) .dtors)
 *(SORT_BY_NAME(.dtors.*))
 *(.dtors)
 *(.eh_frame*)
 .eh_frame      0x2000bbf4        0x0 /usr/lib/gcc/arm-none-eabi/13.2.1/thumb/v6-m/nofp/crtbegin.o
                0x2000bbf4                        . = ALIGN (0x4)
                0x2000bbf4                        __ram_text_end__ = .
                0x100002bc                        __ram_text_source__ = LOADADDR (.text)

.glue_7         0x2000bbf4        0x0 load address 0x1000bdf0
 .glue_7        0x2000bbf4        0x0 linker stubs

.glue_7t        0x2000bbf4        0x0 load address 0x1000bdf0
 .glue_7t       0x2000bbf4        0x0 linker stubs

.vfp11_veneer   0x2000bbf4        0x0 load address 0x1000bdf0
 .vfp11_veneer  0x2000bbf4        0x0 linker stubs

.v4_bx          0x2000bbf4        0x0 load address 0x1000bdf0
 .v4_bx         0x2000bbf4        0x0 linker stubs

.iplt           0x2000bbf4        0x0 load address 0x1000bdf0
 .iplt          0x2000bbf4        0x0 /usr/lib/gcc/arm-none-eabi/13.2.1/thumb/v6-m/nofp/crtbegin.o

.rel.dyn        0x2000bbf4        0x0 load address 0x1000bdf0
 .rel.iplt      0x2000bbf4        0x0 /usr/lib/gcc/arm-none-eabi/13.2.1/thumb/v6-m/nofp/crtbegin.o
                0x2000bbf4                        . = ALIGN (0x4)

.data           0x2000bc00     0x19ec load address 0x1000bdf0
                0x2000bc00                        __data_start__ = .
 *(vtable)
 *(.time_critical*)
 .time_critical.mutex_try_enter_block_until
                0x2000bc00       0xa0 CMakeFiles/JTAGprobe.dir/home/teja/pico/pico-sdk/src/common/pico_sync/mutex.c.obj
                0x2000bc00                mutex_try_enter_block_until
 .time_critical.mutex_enter_timeout_ms
                0x2000bca0       0x78 CMakeFiles/JTAGprobe.dir/home/teja/pico/pico-sdk/src/common/pico_sync/mutex.c.obj
                0x2000bca0                mutex_enter_timeout_ms
 .time_critical.mutex_exit
                0x2000bd18       0x20 CMakeFiles/JTAGprobe.dir/home/teja/pico/pico-sdk/src/common/pico_sync/mutex.c.obj
                0x2000bd18                mutex_exit
 .time_critical.flash_init_boot2_copyout
                0x2000bd38       0x30 CMakeFiles/JTAGprobe.dir/home/teja/pico/pico-sdk/src/rp2_common/hardware_flash/flash.c.obj
 .time_critical.flash_enable_xip_via_boot2
                0x2000bd68        0xc CMakeFiles/JTAGprobe.dir/home/teja/pico/pico-sdk/src/rp2_common/hardware_flash/flash.c.obj
 .time_critical.flash_cs_force
                0x2000bd74       0x38 CMakeFiles/JTAGprobe.dir/home/teja/pico/pico-sdk/src/rp2_common/hardware_flash/flash.c.obj
 .time_critical.flash_do_cmd
                0x2000bdac       0xc0 CMakeFiles/JTAGprobe.dir/home/teja/pico/pico-sdk/src/rp2_common/hardware_flash/flash.c.obj
                0x2000bdac                flash_do_cmd
 .time_critical.reset_non_control_endpoints
                0x2000be6c       0x68 CMakeFiles/JTAGprobe.dir/home/teja/pico/pico-sdk/lib/tinyusb/src/portable/raspberrypi/rp2040/dcd_rp2040.c.obj
 .time_critical.hw_handle_buff_status
                0x2000bed4       0xb0 CMakeFiles/JTAGprobe.dir/home/teja/pico/pico-sdk/lib/tinyusb/src/portable/raspberrypi/rp2040/dcd_rp2040.c.obj
 .time_critical.dcd_rp2040_irq
                0x2000bf84      0x520 CMakeFiles/JTAGprobe.dir/home/teja/pico/pico-sdk/lib/tinyusb/src/portable/raspberrypi/rp2040/dcd_rp2040.c.obj
 .time_critical.e15_is_bulkin_ep
                0x2000c4a4       0x28 CMakeFiles/JTAGprobe.dir/home/teja/pico/pico-sdk/lib/tinyusb/src/portable/raspberrypi/rp2040/rp2040_usb.c.obj
 .time_critical.e15_is_critical_frame_period
                0x2000c4cc       0x34 CMakeFiles/JTAGprobe.dir/home/teja/pico/pico-sdk/lib/tinyusb/src/portable/raspberrypi/rp2040/rp2040_usb.c.obj
 .time_critical.prepare_ep_buffer
                0x2000c500       0x6c CMakeFiles/JTAGprobe.dir/home/teja/pico/pico-sdk/lib/tinyusb/src/portable/raspberrypi/rp2040/rp2040_usb.c.obj
 .time_critical.sync_ep_buffer
                0x2000c56c       0x48 CMakeFiles/JTAGprobe.dir/home/teja/pico/pico-sdk/lib/tinyusb/src/portable/raspberrypi/rp2040/rp2040_usb.c.obj
 .time_critical._hw_endpoint_xfer_sync
                0x2000c5b4       0x28 CMakeFiles/JTAGprobe.dir/home/teja/pico/pico-sdk/lib/tinyusb/src/portable/raspberrypi/rp2040/rp2040_usb.c.obj
 .time_critical.hw_endpoint_reset_transfer
                0x2000c5dc        0xc CMakeFiles/JTAGprobe.dir/home/teja/pico/pico-sdk/lib/tinyusb/src/portable/raspberrypi/rp2040/rp2040_usb.c.obj
                0x2000c5dc                hw_endpoint_reset_transfer
 .time_critical._hw_endpoint_buffer_control_update32
                0x2000c5e8       0x58 CMakeFiles/JTAGprobe.dir/home/teja/pico/pico-sdk/lib/tinyusb/src/portable/raspberrypi/rp2040/rp2040_usb.c.obj
                0x2000c5e8                _hw_endpoint_buffer_control_update32
 .time_critical.hw_endpoint_start_next_buffer
                0x2000c640       0x6c CMakeFiles/JTAGprobe.dir/home/teja/pico/pico-sdk/lib/tinyusb/src/portable/raspberrypi/rp2040/rp2040_usb.c.obj
                0x2000c640                hw_endpoint_start_next_buffer
 .time_critical.hw_endpoint_xfer_continue
                0x2000c6ac       0x50 CMakeFiles/JTAGprobe.dir/home/teja/pico/pico-sdk/lib/tinyusb/src/portable/raspberrypi/rp2040/rp2040_usb.c.obj
                0x2000c6ac                hw_endpoint_xfer_continue
 .time_critical.tinyusb
                0x2000c6fc      0x194 CMakeFiles/JTAGprobe.dir/home/teja/pico/pico-sdk/lib/tinyusb/src/device/usbd.c.obj
                0x2000c6fc                dcd_event_handler
                0x2000c890                        . = ALIGN (0x4)
 *(.rodata*)
 .rodata.DAP_ProcessCommand.str1.4
                0x2000c890      0x480 CMakeFiles/JTAGprobe.dir/src/DAP.c.obj
                                  0x6 (size before relaxing)
 .rodata.DAP_ProcessCommand
                0x2000cd10       0x78 CMakeFiles/JTAGprobe.dir/src/DAP.c.obj
 .rodata.main.str1.4
                0x2000cd88       0x20 CMakeFiles/JTAGprobe.dir/src/main.c.obj
 .rodata.vApplicationStackOverflowHook.str1.4
                0x2000cd88       0x2e CMakeFiles/JTAGprobe.dir/src/main.c.obj
 .rodata.vApplicationMallocFailedHook.str1.4
                0x2000cd88        0xf CMakeFiles/JTAGprobe.dir/src/main.c.obj
 .rodata.desc_ms_os_20
                0x2000cd88       0xb2 CMakeFiles/JTAGprobe.dir/src/usb_descriptors.c.obj
                0x2000cd88                desc_ms_os_20
 *fill*         0x2000ce3a        0x2 
 .rodata.desc_bos
                0x2000ce3c       0x21 CMakeFiles/JTAGprobe.dir/src/usb_descriptors.c.obj
                0x2000ce3c                desc_bos
 .rodata.str1.4
                0x2000ce5d       0x77 CMakeFiles/JTAGprobe.dir/src/usb_descriptors.c.obj
 *fill*         0x2000ce5d        0x3 
 .rodata.__compound_literal.0
                0x2000ce60        0x2 CMakeFiles/JTAGprobe.dir/src/usb_descriptors.c.obj
 *fill*         0x2000ce62        0x2 
 .rodata.desc_hid_report
                0x2000ce64       0x22 CMakeFiles/JTAGprobe.dir/src/usb_descriptors.c.obj
 *fill*         0x2000ce86        0x2 
 .rodata.desc_device
                0x2000ce88       0x12 CMakeFiles/JTAGprobe.dir/src/usb_descriptors.c.obj
                0x2000ce88                desc_device
 .rodata.dap_thread.str1.4
                0x2000ce9a       0x5f CMakeFiles/JTAGprobe.dir/src/tusb_edpt_handler.c.obj
 *fill*         0x2000ce9a        0x2 
 .rodata._dap_edpt_driver
                0x2000ce9c       0x18 CMakeFiles/JTAGprobe.dir/src/tusb_edpt_handler.c.obj
                0x2000ce9c                _dap_edpt_driver
 .rodata.str1.4
                0x2000ceb4      0x1f0 CMakeFiles/JTAGprobe.dir/src/tusb_edpt_handler.c.obj
 .rodata.timer_hardware_alarm_claim.str1.4
                0x2000ceb4       0x22 CMakeFiles/JTAGprobe.dir/home/teja/pico/pico-sdk/src/rp2_common/hardware_timer/timer.c.obj
 .rodata.panic.str1.4
                0x2000ceb4       0x12 CMakeFiles/JTAGprobe.dir/home/teja/pico/pico-sdk/src/rp2_common/pico_platform_panic/panic.c.obj
 .rodata.panic_unsupported.str1.4
                0x2000ceb4        0xe CMakeFiles/JTAGprobe.dir/home/teja/pico/pico-sdk/src/rp2_common/pico_platform_panic/panic.c.obj
 .rodata.spin_lock_claim_unused.str1.4
                0x2000ceb4       0x1b CMakeFiles/JTAGprobe.dir/home/teja/pico/pico-sdk/src/rp2_common/hardware_sync/sync.c.obj
 .rodata.hard_assertion_failure.str1.4
                0x2000ceb4        0xc CMakeFiles/JTAGprobe.dir/home/teja/pico/pico-sdk/src/rp2_common/pico_runtime/runtime.c.obj
 .rodata.str1.4
                0x2000ceb4       0x30 CMakeFiles/JTAGprobe.dir/home/teja/pico/pico-sdk/src/rp2_common/pico_standard_binary_info/standard_binary_info.c.obj
 .rodata.__bi_84
                0x2000ceb4        0xc CMakeFiles/JTAGprobe.dir/home/teja/pico/pico-sdk/src/rp2_common/pico_standard_binary_info/standard_binary_info.c.obj
 .rodata.__bi_54
                0x2000cec0        0xc CMakeFiles/JTAGprobe.dir/home/teja/pico/pico-sdk/src/rp2_common/pico_standard_binary_info/standard_binary_info.c.obj
 .rodata.__bi_48
                0x2000cecc        0xc CMakeFiles/JTAGprobe.dir/home/teja/pico/pico-sdk/src/rp2_common/pico_standard_binary_info/standard_binary_info.c.obj
 .rodata.__bi_42
                0x2000ced8        0xc CMakeFiles/JTAGprobe.dir/home/teja/pico/pico-sdk/src/rp2_common/pico_standard_binary_info/standard_binary_info.c.obj
 .rodata.__bi_34
                0x2000cee4        0xc CMakeFiles/JTAGprobe.dir/home/teja/pico/pico-sdk/src/rp2_common/pico_standard_binary_info/standard_binary_info.c.obj
 .rodata.__bi_26
                0x2000cef0        0xc CMakeFiles/JTAGprobe.dir/home/teja/pico/pico-sdk/src/rp2_common/pico_standard_binary_info/standard_binary_info.c.obj
 .rodata._ftoa.str1.4
                0x2000cefc       0x15 CMakeFiles/JTAGprobe.dir/home/teja/pico/pico-sdk/src/rp2_common/pico_printf/printf.c.obj
 .rodata._vsnprintf
                0x2000cefc      0x19c CMakeFiles/JTAGprobe.dir/home/teja/pico/pico-sdk/src/rp2_common/pico_printf/printf.c.obj
 .rodata.pow10.0
                0x2000d098       0x50 CMakeFiles/JTAGprobe.dir/home/teja/pico/pico-sdk/src/rp2_common/pico_printf/printf.c.obj
 .rodata.crlf_str.0
                0x2000d0e8        0x2 CMakeFiles/JTAGprobe.dir/home/teja/pico/pico-sdk/src/rp2_common/pico_stdio/stdio.c.obj
 .rodata.str1.4
                0x2000d0ea       0x2c CMakeFiles/JTAGprobe.dir/home/teja/pico/pico-sdk/src/rp2_common/pico_stdio_uart/stdio_uart.c.obj
 *fill*         0x2000d0ea        0x2 
 .rodata.__bi_45.4
                0x2000d0ec        0xc CMakeFiles/JTAGprobe.dir/home/teja/pico/pico-sdk/src/rp2_common/pico_stdio_uart/stdio_uart.c.obj
 .rodata.__bi_49.5
                0x2000d0f8        0x8 CMakeFiles/JTAGprobe.dir/home/teja/pico/pico-sdk/src/rp2_common/pico_stdio_uart/stdio_uart.c.obj
 .rodata.__bi_50.6
                0x2000d100        0x8 CMakeFiles/JTAGprobe.dir/home/teja/pico/pico-sdk/src/rp2_common/pico_stdio_uart/stdio_uart.c.obj
 .rodata.str1.4
                0x2000d108       0x14 CMakeFiles/JTAGprobe.dir/home/teja/pico/pico-sdk/lib/tinyusb/src/portable/raspberrypi/rp2040/dcd_rp2040.c.obj
 .rodata.str1.4
                0x2000d108       0x53 CMakeFiles/JTAGprobe.dir/home/teja/pico/pico-sdk/lib/tinyusb/src/portable/raspberrypi/rp2040/rp2040_usb.c.obj
 .rodata.tud_task_ext
                0x2000d108       0x8c CMakeFiles/JTAGprobe.dir/home/teja/pico/pico-sdk/lib/tinyusb/src/device/usbd.c.obj
 .rodata._usbd_driver
                0x2000d194       0x48 CMakeFiles/JTAGprobe.dir/home/teja/pico/pico-sdk/lib/tinyusb/src/device/usbd.c.obj
 .rodata.hidd_control_xfer_cb
                0x2000d1dc       0x30 CMakeFiles/JTAGprobe.dir/home/teja/pico/pico-sdk/lib/tinyusb/src/class/hid/hid_device.c.obj
 .rodata.str1.4
                0x2000d20c        0x4 CMakeFiles/JTAGprobe.dir/home/teja/pico/pico-sdk/lib/tinyusb/hw/bsp/rp2040/family.c.obj
 .rodata.__bi_142.0
                0x2000d20c        0xc CMakeFiles/JTAGprobe.dir/home/teja/pico/pico-sdk/lib/tinyusb/hw/bsp/rp2040/family.c.obj
 .rodata.__bi_152.1
                0x2000d218        0x8 CMakeFiles/JTAGprobe.dir/home/teja/pico/pico-sdk/lib/tinyusb/hw/bsp/rp2040/family.c.obj
 .rodata.uxTopUsedPriority
                0x2000d220        0x4 CMakeFiles/JTAGprobe.dir/freertos/tasks.c.obj
                0x2000d220                uxTopUsedPriority
 .rodata.prvTimerTask
                0x2000d224       0x28 CMakeFiles/JTAGprobe.dir/freertos/timers.c.obj
 .rodata.xTimerCreateTimerTask.str1.4
                0x2000d24c       0x10 CMakeFiles/JTAGprobe.dir/freertos/timers.c.obj
                0x2000d25c                        . = ALIGN (0x4)
 *(.data*)
 .data.string_desc_arr
                0x2000d24c       0x1c CMakeFiles/JTAGprobe.dir/src/usb_descriptors.c.obj
                0x2000d24c                string_desc_arr
 .data.desc_configuration
                0x2000d268       0x62 CMakeFiles/JTAGprobe.dir/src/usb_descriptors.c.obj
                0x2000d268                desc_configuration
 *fill*         0x2000d2ca        0x2 
 .data.dap_cmd_string
                0x2000d2cc      0x200 CMakeFiles/JTAGprobe.dir/src/tusb_edpt_handler.c.obj
                0x2000d2cc                dap_cmd_string
 .data.default_alarm_pool
                0x2000d4cc       0x18 CMakeFiles/JTAGprobe.dir/home/teja/pico/pico-sdk/src/common/pico_time/time.c.obj
 .data.striped_spin_lock_num
                0x2000d4e4        0x1 CMakeFiles/JTAGprobe.dir/home/teja/pico/pico-sdk/src/rp2_common/hardware_sync/sync.c.obj
 *fill*         0x2000d4e5        0x3 
 .data          0x2000d4e8       0x48 CMakeFiles/JTAGprobe.dir/home/teja/pico/pico-sdk/src/rp2_common/hardware_irq/irq_handler_chain.S.obj
                0x2000d4e8                irq_handler_chain_slots
                0x2000d518                irq_handler_chain_first_slot
                0x2000d522                irq_handler_chain_remove_tail
 .data.aeabi_bits_funcs
                0x2000d530       0x10 CMakeFiles/JTAGprobe.dir/home/teja/pico/pico-sdk/src/rp2_common/pico_bit_ops/bit_ops_aeabi.S.obj
                0x2000d530                aeabi_bits_funcs
                0x2000d540                aeabi_bits_funcs_end
 .data.aeabi_mem_funcs
                0x2000d540       0x10 CMakeFiles/JTAGprobe.dir/home/teja/pico/pico-sdk/src/rp2_common/pico_mem_ops/mem_ops_aeabi.S.obj
                0x2000d540                aeabi_mem_funcs
                0x2000d550                aeabi_mem_funcs_end
 .data.stdio_uart
                0x2000d550       0x18 CMakeFiles/JTAGprobe.dir/home/teja/pico/pico-sdk/src/rp2_common/pico_stdio_uart/stdio_uart.c.obj
                0x2000d550                stdio_uart
 .data.ep_dir_string
                0x2000d568        0x8 CMakeFiles/JTAGprobe.dir/home/teja/pico/pico-sdk/lib/tinyusb/src/portable/raspberrypi/rp2040/rp2040_usb.c.obj
                0x2000d568                ep_dir_string
 .data._usbd_qdef
                0x2000d570       0x1c CMakeFiles/JTAGprobe.dir/home/teja/pico/pico-sdk/lib/tinyusb/src/device/usbd.c.obj
                0x2000d570                _usbd_qdef
 .data._usbd_rhport
                0x2000d58c        0x1 CMakeFiles/JTAGprobe.dir/home/teja/pico/pico-sdk/lib/tinyusb/src/device/usbd.c.obj
 .data.ucLaunchCoreNum
                0x2000d58d        0x1 CMakeFiles/JTAGprobe.dir/freertos/portable/ThirdParty/GCC/RP2040/port.c.obj
                0x2000d590                        . = ALIGN (0x4)
 *fill*         0x2000d58e        0x2 
 *(.after_data.*)
                0x2000d590                        . = ALIGN (0x4)
                0x2000d590                        PROVIDE (__mutex_array_start = .)
 *(SORT_BY_NAME(.mutex_array.*))
 *(.mutex_array)
 .mutex_array   0x2000d590        0x8 CMakeFiles/JTAGprobe.dir/home/teja/pico/pico-sdk/src/rp2_common/pico_malloc/malloc.c.obj
 .mutex_array   0x2000d598        0x8 CMakeFiles/JTAGprobe.dir/home/teja/pico/pico-sdk/src/rp2_common/pico_stdio/stdio.c.obj
                0x2000d5a0                        PROVIDE (__mutex_array_end = .)
                0x2000d5a0                        . = ALIGN (0x4)
                0x2000d5a0                        PROVIDE (__preinit_array_start = .)
 *(SORT_BY_NAME(.preinit_array.*))
 .preinit_array.00100
                0x2000d5a0        0x4 CMakeFiles/JTAGprobe.dir/home/teja/pico/pico-sdk/src/rp2_common/pico_runtime_init/runtime_init.c.obj
                0x2000d5a0                __pre_init_runtime_init_early_resets
 .preinit_array.00101
                0x2000d5a4        0x4 CMakeFiles/JTAGprobe.dir/home/teja/pico/pico-sdk/src/rp2_common/pico_runtime_init/runtime_init.c.obj
                0x2000d5a4                __pre_init_runtime_init_usb_power_down
 .preinit_array.00275
                0x2000d5a8        0x4 CMakeFiles/JTAGprobe.dir/home/teja/pico/pico-sdk/src/rp2_common/pico_bit_ops/bit_ops_aeabi.S.obj
 .preinit_array.00300
                0x2000d5ac        0x4 CMakeFiles/JTAGprobe.dir/home/teja/pico/pico-sdk/src/rp2_common/pico_mem_ops/mem_ops_aeabi.S.obj
 .preinit_array.00350
                0x2000d5b0        0x4 CMakeFiles/JTAGprobe.dir/home/teja/pico/pico-sdk/src/rp2_common/pico_double/double_aeabi_rp2040.S.obj
 .preinit_array.00350
                0x2000d5b4        0x4 CMakeFiles/JTAGprobe.dir/home/teja/pico/pico-sdk/src/rp2_common/pico_float/float_aeabi_rp2040.S.obj
 .preinit_array.00500
                0x2000d5b8        0x4 CMakeFiles/JTAGprobe.dir/home/teja/pico/pico-sdk/src/rp2_common/pico_runtime_init/runtime_init.c.obj
                0x2000d5b8                __pre_init_runtime_init_clocks
 .preinit_array.00600
                0x2000d5bc        0x4 CMakeFiles/JTAGprobe.dir/home/teja/pico/pico-sdk/src/rp2_common/pico_runtime_init/runtime_init.c.obj
                0x2000d5bc                __pre_init_runtime_init_post_clock_resets
 .preinit_array.00700
                0x2000d5c0        0x4 CMakeFiles/JTAGprobe.dir/home/teja/pico/pico-sdk/src/rp2_common/pico_runtime_init/runtime_init.c.obj
                0x2000d5c0                __pre_init_runtime_init_rp2040_gpio_ie_disable
 .preinit_array.01000
                0x2000d5c4        0x4 CMakeFiles/JTAGprobe.dir/home/teja/pico/pico-sdk/src/rp2_common/pico_runtime_init/runtime_init.c.obj
                0x2000d5c4                __pre_init_runtime_init_spin_locks_reset
 .preinit_array.01100
                0x2000d5c8        0x4 CMakeFiles/JTAGprobe.dir/home/teja/pico/pico-sdk/src/common/pico_sync/mutex.c.obj
                0x2000d5c8                __pre_init_runtime_init_mutex
 .preinit_array.10080
                0x2000d5cc        0x4 CMakeFiles/JTAGprobe.dir/home/teja/pico/pico-sdk/src/rp2_common/pico_runtime_init/runtime_init.c.obj
                0x2000d5cc                __pre_init_runtime_init_install_ram_vector_table
 .preinit_array.11000
                0x2000d5d0        0x4 CMakeFiles/JTAGprobe.dir/home/teja/pico/pico-sdk/src/common/pico_time/time.c.obj
                0x2000d5d0                __pre_init_runtime_init_default_alarm_pool
 .preinit_array.YYYYY
                0x2000d5d4        0x4 CMakeFiles/JTAGprobe.dir/home/teja/pico/pico-sdk/src/rp2_common/pico_runtime/runtime.c.obj
                0x2000d5d4                __pre_init_first_per_core_initializer
 .preinit_array.ZZZZZ.01200
                0x2000d5d8        0x4 CMakeFiles/JTAGprobe.dir/home/teja/pico/pico-sdk/src/rp2_common/hardware_irq/irq.c.obj
                0x2000d5d8                __pre_init_runtime_init_per_core_irq_priorities
 *(.preinit_array)
                0x2000d5dc                        PROVIDE (__preinit_array_end = .)
                0x2000d5dc                        . = ALIGN (0x4)
                0x2000d5dc                        PROVIDE (__init_array_start = .)
 *(SORT_BY_NAME(.init_array.*))
 .init_array.00000
                0x2000d5dc        0x4 /usr/lib/gcc/arm-none-eabi/13.2.1/../../../arm-none-eabi/lib/thumb/v6-m/nofp/libg.a(libc_a-__call_atexit.o)
 *(.init_array)
 .init_array    0x2000d5e0        0x4 /usr/lib/gcc/arm-none-eabi/13.2.1/thumb/v6-m/nofp/crtbegin.o
 .init_array    0x2000d5e4        0x4 CMakeFiles/JTAGprobe.dir/home/teja/pico/pico-sdk/src/rp2_common/pico_unique_id/unique_id.c.obj
 .init_array    0x2000d5e8        0x4 CMakeFiles/JTAGprobe.dir/freertos/portable/ThirdParty/GCC/RP2040/port.c.obj
                0x2000d5ec                        PROVIDE (__init_array_end = .)
                0x2000d5ec                        . = ALIGN (0x4)
                0x2000d5ec                        PROVIDE (__fini_array_start = .)
 *(SORT_BY_NAME(.fini_array.*))
 *(.fini_array)
                0x2000d5ec                        PROVIDE (__fini_array_end = .)
 *(.jcr)
                0x2000d5ec                        . = ALIGN (0x4)

.tm_clone_table
                0x2000d5ec        0x0 load address 0x1000d7dc
 .tm_clone_table
                0x2000d5ec        0x0 /usr/lib/gcc/arm-none-eabi/13.2.1/thumb/v6-m/nofp/crtbegin.o
 .tm_clone_table
                0x2000d5ec        0x0 /usr/lib/gcc/arm-none-eabi/13.2.1/thumb/v6-m/nofp/crtend.o

.igot.plt       0x2000d5ec        0x0 load address 0x1000d7dc
 .igot.plt      0x2000d5ec        0x0 /usr/lib/gcc/arm-none-eabi/13.2.1/thumb/v6-m/nofp/crtbegin.o

.tdata          0x2000d5ec        0x0 load address 0x1000d7dc
                0x2000d5ec                        . = ALIGN (0x4)
 *(.tdata .tdata.* .gnu.linkonce.td.*)
                0x2000d5ec                        __tdata_end = .
                0x2000d5ec                        PROVIDE (__data_end__ = .)
                0x1000bdf0                        __etext = LOADADDR (.data)

.tbss           0x2000d5ec        0x0 load address 0x1000d7dc
                0x2000d5ec                        . = ALIGN (0x4)
                0x2000d5ec                        __bss_start__ = .
                0x2000d5ec                        __tls_base = .
 *(.tbss .tbss.* .gnu.linkonce.tb.*)
 *(.tcommon)
                0x2000d5ec                        __tls_end = .

.bss            0x2000d5f0    0x16504 load address 0x1000d7dc
                0x2000d5f0                        . = ALIGN (0x4)
                0x2000d5f0                        __tbss_end = .
 *(SORT_BY_ALIGNMENT(SORT_BY_NAME(.bss*)))
 .bss.default_alarm_pool_entries
                0x2000d5f0      0x180 CMakeFiles/JTAGprobe.dir/home/teja/pico/pico-sdk/src/common/pico_time/time.c.obj
 .bss.sd_table  0x2000d770      0x100 CMakeFiles/JTAGprobe.dir/home/teja/pico/pico-sdk/src/rp2_common/pico_double/double_init_rom_rp2040.c.obj
                0x2000d770                sd_table
 .bss.sf_table  0x2000d870      0x100 CMakeFiles/JTAGprobe.dir/home/teja/pico/pico-sdk/src/rp2_common/pico_float/float_init_rom_rp2040.c.obj
                0x2000d870                sf_table
 .bss.xQueueRegistry
                0x2000d970       0x40 CMakeFiles/JTAGprobe.dir/freertos/queue.c.obj
                0x2000d970                xQueueRegistry
 .bss           0x2000d9b0       0x1c /usr/lib/gcc/arm-none-eabi/13.2.1/thumb/v6-m/nofp/crtbegin.o
 .bss           0x2000d9cc      0x190 /usr/lib/gcc/arm-none-eabi/13.2.1/../../../arm-none-eabi/lib/thumb/v6-m/nofp/libg.a(libc_a-__atexit.o)
                0x2000d9cc                __atexit0
 .bss           0x2000db5c        0x4 /usr/lib/gcc/arm-none-eabi/13.2.1/../../../arm-none-eabi/lib/thumb/v6-m/nofp/libg.a(libc_a-__call_atexit.o)
                0x2000db5c                __atexit
 .bss.DAPRequestBuffer
                0x2000db60       0x40 CMakeFiles/JTAGprobe.dir/src/tusb_edpt_handler.c.obj
 .bss.DAPResponseBuffer
                0x2000dba0       0x40 CMakeFiles/JTAGprobe.dir/src/tusb_edpt_handler.c.obj
 .bss.DAP_Data  0x2000dbe0       0x44 CMakeFiles/JTAGprobe.dir/src/DAP.c.obj
                0x2000dbe0                DAP_Data
 .bss.TxDataBuffer
                0x2000dc24       0x40 CMakeFiles/JTAGprobe.dir/src/main.c.obj
 .bss.USBRequestBuffer
                0x2000dc64       0x8c CMakeFiles/JTAGprobe.dir/src/tusb_edpt_handler.c.obj
 .bss.USBResponseBuffer
                0x2000dcf0       0x8c CMakeFiles/JTAGprobe.dir/src/tusb_edpt_handler.c.obj
 .bss._app_driver
                0x2000dd7c        0x4 CMakeFiles/JTAGprobe.dir/home/teja/pico/pico-sdk/lib/tinyusb/src/device/usbd.c.obj
 .bss._cdcd_itf
                0x2000dd80     0x1148 CMakeFiles/JTAGprobe.dir/home/teja/pico/pico-sdk/lib/tinyusb/src/class/cdc/cdc_device.c.obj
 .bss._ctrl_xfer
                0x2000eec8       0x14 CMakeFiles/JTAGprobe.dir/home/teja/pico/pico-sdk/lib/tinyusb/src/device/usbd_control.c.obj
 .bss._desc_str
                0x2000eedc       0x40 CMakeFiles/JTAGprobe.dir/src/usb_descriptors.c.obj
 .bss._hidd_itf
                0x2000ef1c       0x8c CMakeFiles/JTAGprobe.dir/home/teja/pico/pico-sdk/lib/tinyusb/src/class/hid/hid_device.c.obj
 .bss._resp_len
                0x2000efa8        0x4 CMakeFiles/JTAGprobe.dir/src/tusb_edpt_handler.c.obj
                0x2000efa8                _resp_len
 .bss._ubsd_mutexdef
                0x2000efac        0x8 CMakeFiles/JTAGprobe.dir/home/teja/pico/pico-sdk/lib/tinyusb/src/device/usbd.c.obj
 .bss._usbd_ctrl_buf
                0x2000efb4       0x40 CMakeFiles/JTAGprobe.dir/home/teja/pico/pico-sdk/lib/tinyusb/src/device/usbd_control.c.obj
 .bss._usbd_dev
                0x2000eff4       0x53 CMakeFiles/JTAGprobe.dir/home/teja/pico/pico-sdk/lib/tinyusb/src/device/usbd.c.obj
 *fill*         0x2000f047        0x1 
 .bss._usbd_mutex
                0x2000f048        0x4 CMakeFiles/JTAGprobe.dir/home/teja/pico/pico-sdk/lib/tinyusb/src/device/usbd.c.obj
 .bss._usbd_q   0x2000f04c        0x4 CMakeFiles/JTAGprobe.dir/home/teja/pico/pico-sdk/lib/tinyusb/src/device/usbd.c.obj
 .bss._usbd_qdef_buf
                0x2000f050       0xc0 CMakeFiles/JTAGprobe.dir/home/teja/pico/pico-sdk/lib/tinyusb/src/device/usbd.c.obj
                0x2000f050                _usbd_qdef_buf
 .bss._vendord_itf
                0x2000f110     0x40bc CMakeFiles/JTAGprobe.dir/home/teja/pico/pico-sdk/lib/tinyusb/src/class/vendor/vendor_device.c.obj
 .bss.boot2_copyout
                0x200131cc      0x100 CMakeFiles/JTAGprobe.dir/home/teja/pico/pico-sdk/src/rp2_common/hardware_flash/flash.c.obj
 .bss.chars_available_callback
                0x200132cc        0x4 CMakeFiles/JTAGprobe.dir/home/teja/pico/pico-sdk/src/rp2_common/pico_stdio_uart/stdio_uart.c.obj
 .bss.chars_available_param
                0x200132d0        0x4 CMakeFiles/JTAGprobe.dir/home/teja/pico/pico-sdk/src/rp2_common/pico_stdio_uart/stdio_uart.c.obj
 .bss.claimed   0x200132d4        0x1 CMakeFiles/JTAGprobe.dir/home/teja/pico/pico-sdk/src/rp2_common/hardware_timer/timer.c.obj
 *fill*         0x200132d5        0x3 
 .bss.claimed   0x200132d8        0x4 CMakeFiles/JTAGprobe.dir/home/teja/pico/pico-sdk/src/rp2_common/hardware_sync/sync.c.obj
 .bss.configured_freq
                0x200132dc       0x28 CMakeFiles/JTAGprobe.dir/home/teja/pico/pico-sdk/src/rp2_common/hardware_clocks/clocks.c.obj
 .bss.dap_taskhandle
                0x20013304        0x4 CMakeFiles/JTAGprobe.dir/src/main.c.obj
                0x20013304                dap_taskhandle
 .bss.drivers   0x20013308        0x4 CMakeFiles/JTAGprobe.dir/home/teja/pico/pico-sdk/src/rp2_common/pico_stdio/stdio.c.obj
 .bss.e15_last_sof
                0x2001330c        0x4 CMakeFiles/JTAGprobe.dir/home/teja/pico/pico-sdk/lib/tinyusb/src/portable/raspberrypi/rp2040/rp2040_usb.c.obj
                0x2001330c                e15_last_sof
 .bss.filter    0x20013310        0x4 CMakeFiles/JTAGprobe.dir/home/teja/pico/pico-sdk/src/rp2_common/pico_stdio/stdio.c.obj
 .bss.gpio_ctrl_prev
                0x20013314        0x4 CMakeFiles/JTAGprobe.dir/home/teja/pico/pico-sdk/src/rp2_common/pico_fix/rp2040_usb_device_enumeration/rp2040_usb_device_enumeration.c.obj
 .bss.hw_endpoints