Archive member included to satisfy reference by file (symbol)

/usr/lib/gcc/arm-none-eabi/10.3.1/thumb/v6-m/nofp/libgcc.a(_dvmd_tls.o)
                              CMakeFiles/JTAGprobe.dir/home/teja/pico/pico-sdk/src/rp2_common/pico_divider/divider.S.obj (__aeabi_idiv0)
/usr/lib/gcc/arm-none-eabi/10.3.1/../../../arm-none-eabi/lib/thumb/v6-m/nofp/libc.a(lib_a-atexit.o)
                              /usr/lib/gcc/arm-none-eabi/10.3.1/../../../arm-none-eabi/lib/thumb/v6-m/nofp/crt0.o (atexit)
/usr/lib/gcc/arm-none-eabi/10.3.1/../../../arm-none-eabi/lib/thumb/v6-m/nofp/libc.a(lib_a-calloc.o)
                              CMakeFiles/JTAGprobe.dir/home/teja/pico/pico-sdk/src/rp2_common/pico_malloc/pico_malloc.c.obj (calloc)
/usr/lib/gcc/arm-none-eabi/10.3.1/../../../arm-none-eabi/lib/thumb/v6-m/nofp/libc.a(lib_a-callocr.o)
                              /usr/lib/gcc/arm-none-eabi/10.3.1/../../../arm-none-eabi/lib/thumb/v6-m/nofp/libc.a(lib_a-calloc.o) (_calloc_r)
/usr/lib/gcc/arm-none-eabi/10.3.1/../../../arm-none-eabi/lib/thumb/v6-m/nofp/libc.a(lib_a-fini.o)
                              /usr/lib/gcc/arm-none-eabi/10.3.1/../../../arm-none-eabi/lib/thumb/v6-m/nofp/crt0.o (__libc_fini_array)
/usr/lib/gcc/arm-none-eabi/10.3.1/../../../arm-none-eabi/lib/thumb/v6-m/nofp/libc.a(lib_a-impure.o)
                              /usr/lib/gcc/arm-none-eabi/10.3.1/../../../arm-none-eabi/lib/thumb/v6-m/nofp/libc.a(lib_a-calloc.o) (_impure_ptr)
/usr/lib/gcc/arm-none-eabi/10.3.1/../../../arm-none-eabi/lib/thumb/v6-m/nofp/libc.a(lib_a-init.o)
                              /usr/lib/gcc/arm-none-eabi/10.3.1/../../../arm-none-eabi/lib/thumb/v6-m/nofp/crt0.o (__libc_init_array)
/usr/lib/gcc/arm-none-eabi/10.3.1/../../../arm-none-eabi/lib/thumb/v6-m/nofp/libc.a(lib_a-malloc.o)
                              CMakeFiles/JTAGprobe.dir/home/teja/pico/pico-sdk/src/rp2_common/pico_malloc/pico_malloc.c.obj (malloc)
/usr/lib/gcc/arm-none-eabi/10.3.1/../../../arm-none-eabi/lib/thumb/v6-m/nofp/libc.a(lib_a-mallocr.o)
                              /usr/lib/gcc/arm-none-eabi/10.3.1/../../../arm-none-eabi/lib/thumb/v6-m/nofp/libc.a(lib_a-callocr.o) (_malloc_r)
/usr/lib/gcc/arm-none-eabi/10.3.1/../../../arm-none-eabi/lib/thumb/v6-m/nofp/libc.a(lib_a-mlock.o)
                              /usr/lib/gcc/arm-none-eabi/10.3.1/../../../arm-none-eabi/lib/thumb/v6-m/nofp/libc.a(lib_a-mallocr.o) (__malloc_lock)
/usr/lib/gcc/arm-none-eabi/10.3.1/../../../arm-none-eabi/lib/thumb/v6-m/nofp/libc.a(lib_a-realloc.o)
                              CMakeFiles/JTAGprobe.dir/home/teja/pico/pico-sdk/src/rp2_common/pico_malloc/pico_malloc.c.obj (realloc)
/usr/lib/gcc/arm-none-eabi/10.3.1/../../../arm-none-eabi/lib/thumb/v6-m/nofp/libc.a(lib_a-reallocr.o)
                              /usr/lib/gcc/arm-none-eabi/10.3.1/../../../arm-none-eabi/lib/thumb/v6-m/nofp/libc.a(lib_a-realloc.o) (_realloc_r)
/usr/lib/gcc/arm-none-eabi/10.3.1/../../../arm-none-eabi/lib/thumb/v6-m/nofp/libc.a(lib_a-sbrkr.o)
                              /usr/lib/gcc/arm-none-eabi/10.3.1/../../../arm-none-eabi/lib/thumb/v6-m/nofp/libc.a(lib_a-mallocr.o) (_sbrk_r)
/usr/lib/gcc/arm-none-eabi/10.3.1/../../../arm-none-eabi/lib/thumb/v6-m/nofp/libc.a(lib_a-strlen-stub.o)
                              CMakeFiles/JTAGprobe.dir/src/usb_descriptors.c.obj (strlen)
/usr/lib/gcc/arm-none-eabi/10.3.1/../../../arm-none-eabi/lib/thumb/v6-m/nofp/libc.a(lib_a-__atexit.o)
                              /usr/lib/gcc/arm-none-eabi/10.3.1/../../../arm-none-eabi/lib/thumb/v6-m/nofp/libc.a(lib_a-atexit.o) (__register_exitproc)
/usr/lib/gcc/arm-none-eabi/10.3.1/../../../arm-none-eabi/lib/thumb/v6-m/nofp/libc.a(lib_a-freer.o)
                              /usr/lib/gcc/arm-none-eabi/10.3.1/../../../arm-none-eabi/lib/thumb/v6-m/nofp/libc.a(lib_a-malloc.o) (_free_r)
/usr/lib/gcc/arm-none-eabi/10.3.1/../../../arm-none-eabi/lib/thumb/v6-m/nofp/libc.a(lib_a-memmove.o)
                              /usr/lib/gcc/arm-none-eabi/10.3.1/../../../arm-none-eabi/lib/thumb/v6-m/nofp/libc.a(lib_a-reallocr.o) (memmove)
/usr/lib/gcc/arm-none-eabi/10.3.1/../../../arm-none-eabi/lib/thumb/v6-m/nofp/libc.a(lib_a-reent.o)
                              /usr/lib/gcc/arm-none-eabi/10.3.1/../../../arm-none-eabi/lib/thumb/v6-m/nofp/libc.a(lib_a-sbrkr.o) (errno)

Discarded input sections

 .text          0x0000000000000000        0x0 /usr/lib/gcc/arm-none-eabi/10.3.1/thumb/v6-m/nofp/crti.o
 .data          0x0000000000000000        0x0 /usr/lib/gcc/arm-none-eabi/10.3.1/thumb/v6-m/nofp/crti.o
 .bss           0x0000000000000000        0x0 /usr/lib/gcc/arm-none-eabi/10.3.1/thumb/v6-m/nofp/crti.o
 .data          0x0000000000000000        0x4 /usr/lib/gcc/arm-none-eabi/10.3.1/thumb/v6-m/nofp/crtbegin.o
 .rodata        0x0000000000000000       0x24 /usr/lib/gcc/arm-none-eabi/10.3.1/thumb/v6-m/nofp/crtbegin.o
 .fini_array    0x0000000000000000        0x4 /usr/lib/gcc/arm-none-eabi/10.3.1/thumb/v6-m/nofp/crtbegin.o
[...]
Memory Configuration

Name             Origin             Length             Attributes
FLASH            0x0000000010000000 0x0000000000200000 xr
RAM              0x0000000020000000 0x0000000000040000 xrw
SCRATCH_X        0x0000000020040000 0x0000000000001000 xrw
SCRATCH_Y        0x0000000020041000 0x0000000000001000 xrw
*default*        0x0000000000000000 0xffffffffffffffff

Linker script and memory map

LOAD /usr/lib/gcc/arm-none-eabi/10.3.1/thumb/v6-m/nofp/crti.o
LOAD /usr/lib/gcc/arm-none-eabi/10.3.1/thumb/v6-m/nofp/crtbegin.o
LOAD /usr/lib/gcc/arm-none-eabi/10.3.1/../../../arm-none-eabi/lib/thumb/v6-m/nofp/crt0.o

.flash_begin    0x0000000010000000        0x0
                0x0000000010000000                __flash_binary_start = .

.boot2          0x0000000010000000      0x100
                0x0000000010000000                __boot2_start__ = .
 *(.boot2)
 .boot2         0x0000000010000000      0x100 /tmp/ccNO6F2y.o
                0x0000000010000100                __boot2_end__ = .
                0x0000000000000001                ASSERT (((__boot2_end__ - __boot2_start__) == 0x100), ERROR: Pico second stage bootloader must be 256 bytes in size)

.flashtext      0x0000000010000100      0x1d8
                0x0000000010000100                __logical_binary_start = .
 *(.vectors)
 .vectors       0x0000000010000100       0xd4 CMakeFiles/JTAGprobe.dir/home/teja/pico/pico-sdk/src/rp2_common/pico_standard_link/crt0.S.obj
                0x0000000010000100                __vectors
                0x0000000010000100                __VECTOR_TABLE
                0x00000000100001c0                isr_invalid
                0x00000000100001c0                __default_isrs_start
                0x00000000100001c2                isr_nmi
                0x00000000100001c4                isr_hardfault
                0x00000000100001c6                isr_svcall
                0x00000000100001c8                isr_pendsv
                0x00000000100001ca                isr_systick
                0x00000000100001cc                isr_irq30
                0x00000000100001cc                __unhandled_user_irq
                0x00000000100001cc                isr_irq13
                0x00000000100001cc                isr_irq27
                0x00000000100001cc                isr_irq31
                0x00000000100001cc                isr_irq5
                0x00000000100001cc                isr_irq11
                0x00000000100001cc                isr_irq23
                0x00000000100001cc                isr_irq18
                0x00000000100001cc                isr_irq28
                0x00000000100001cc                isr_irq19
                0x00000000100001cc                isr_irq0
                0x00000000100001cc                isr_irq6
                0x00000000100001cc                isr_irq22
                0x00000000100001cc                isr_irq17
                0x00000000100001cc                isr_irq14
                0x00000000100001cc                isr_irq2
                0x00000000100001cc                isr_irq10
                0x00000000100001cc                isr_irq8
                0x00000000100001cc                isr_irq24
                0x00000000100001cc                isr_irq1
                0x00000000100001cc                isr_irq7
                0x00000000100001cc                isr_irq21
                0x00000000100001cc                isr_irq20
                0x00000000100001cc                isr_irq15
                0x00000000100001cc                isr_irq25
                0x00000000100001cc                isr_irq4
                0x00000000100001cc                isr_irq16
                0x00000000100001cc                isr_irq29
                0x00000000100001cc                isr_irq26
                0x00000000100001cc                __default_isrs_end
                0x00000000100001cc                isr_irq3
                0x00000000100001cc                isr_irq12
                0x00000000100001cc                isr_irq9
                0x00000000100001d2                unhandled_user_irq_num_in_r0
 *(.binary_info_header)
 .binary_info_header
                0x00000000100001d4       0x14 CMakeFiles/JTAGprobe.dir/home/teja/pico/pico-sdk/src/rp2_common/pico_standard_link/crt0.S.obj
                0x00000000100001e8                __binary_info_header_end = .
 *(.reset)
 .reset         0x00000000100001e8       0xac CMakeFiles/JTAGprobe.dir/home/teja/pico/pico-sdk/src/rp2_common/pico_standard_link/crt0.S.obj
                0x00000000100001e8                _entry_point
 *fill*         0x0000000010000294        0x4 
 .reset.__stub  0x0000000010000298       0x10 linker stubs
 .reset         0x00000000100002a8       0x30 CMakeFiles/JTAGprobe.dir/home/teja/pico/pico-sdk/src/rp2_common/pico_standard_link/binary_info.c.obj

.rodata         0x00000000100002d8        0x0
 *(SORT_BY_ALIGNMENT(SORT_BY_NAME(.flashdata*)))
                0x00000000100002d8                . = ALIGN (0x4)

.ARM.extab
 *(.ARM.extab* .gnu.linkonce.armextab.*)
                0x00000000100002d8                __exidx_start = .

.ARM.exidx
 *(.ARM.exidx* .gnu.linkonce.armexidx.*)
                0x00000000100002d8                __exidx_end = .
                0x00000000100002d8                . = ALIGN (0x4)
                0x00000000100002d8                __binary_info_start = .

.binary_info    0x00000000100002d8       0x2c
 *(.binary_info.keep.*)
 .binary_info.keep.__bi_ptr22
                0x00000000100002d8        0x4 CMakeFiles/JTAGprobe.dir/home/teja/pico/pico-sdk/src/rp2_common/pico_standard_link/binary_info.c.obj
 .binary_info.keep.__bi_ptr30
                0x00000000100002dc        0x4 CMakeFiles/JTAGprobe.dir/home/teja/pico/pico-sdk/src/rp2_common/pico_standard_link/binary_info.c.obj
 .binary_info.keep.__bi_ptr38
                0x00000000100002e0        0x4 CMakeFiles/JTAGprobe.dir/home/teja/pico/pico-sdk/src/rp2_common/pico_standard_link/binary_info.c.obj
 .binary_info.keep.__bi_ptr44
                0x00000000100002e4        0x4 CMakeFiles/JTAGprobe.dir/home/teja/pico/pico-sdk/src/rp2_common/pico_standard_link/binary_info.c.obj
 .binary_info.keep.__bi_ptr50
                0x00000000100002e8        0x4 CMakeFiles/JTAGprobe.dir/home/teja/pico/pico-sdk/src/rp2_common/pico_standard_link/binary_info.c.obj
 .binary_info.keep.__bi_ptr75
                0x00000000100002ec        0x4 CMakeFiles/JTAGprobe.dir/home/teja/pico/pico-sdk/src/rp2_common/pico_standard_link/binary_info.c.obj
 .binary_info.keep.__bi_ptr81
                0x00000000100002f0        0x4 CMakeFiles/JTAGprobe.dir/home/teja/pico/pico-sdk/src/rp2_common/pico_standard_link/binary_info.c.obj
 .binary_info.keep.__bi_ptr142
                0x00000000100002f4        0x4 CMakeFiles/JTAGprobe.dir/home/teja/pico/pico-sdk/lib/tinyusb/hw/bsp/rp2040/family.c.obj
 .binary_info.keep.__bi_ptr152
                0x00000000100002f8        0x4 CMakeFiles/JTAGprobe.dir/home/teja/pico/pico-sdk/lib/tinyusb/hw/bsp/rp2040/family.c.obj
 *(.binary_info.*)
 .binary_info.__bi_ptr33
                0x00000000100002fc        0x4 CMakeFiles/JTAGprobe.dir/home/teja/pico/pico-sdk/src/rp2_common/pico_stdio_uart/stdio_uart.c.obj
 .binary_info.__bi_ptr34
                0x0000000010000300        0x4 CMakeFiles/JTAGprobe.dir/home/teja/pico/pico-sdk/src/rp2_common/pico_stdio_uart/stdio_uart.c.obj
                0x0000000010000304                __binary_info_end = .
                0x0000000010000304                . = ALIGN (0x4)

.ram_vector_table
                0x0000000020000000       0xc0
 *(.ram_vector_table)
 .ram_vector_table
                0x0000000020000000       0xc0 CMakeFiles/JTAGprobe.dir/home/teja/pico/pico-sdk/src/rp2_common/pico_runtime/runtime.c.obj
                0x0000000020000000                ram_vector_table

.text           0x00000000200000c0     0xa22c load address 0x0000000010000304
                0x00000000200000c0                __ram_text_start__ = .
 *(.init)
 .init          0x00000000200000c0        0x4 /usr/lib/gcc/arm-none-eabi/10.3.1/thumb/v6-m/nofp/crti.o
                0x00000000200000c0                _init
 *(.text*)
 .text          0x00000000200000c4       0x98 /usr/lib/gcc/arm-none-eabi/10.3.1/thumb/v6-m/nofp/crtbegin.o
 .text.DAP_ProcessCommand
                0x000000002000015c     0x1908 CMakeFiles/JTAGprobe.dir/src/DAP.c.obj
                0x000000002000015c                DAP_ProcessCommand
 .text.DAP_ExecuteCommand
                0x0000000020001a64       0x44 CMakeFiles/JTAGprobe.dir/src/DAP.c.obj
                0x0000000020001a64                DAP_ExecuteCommand
 .text.DAP_Setup
                0x0000000020001aa8       0x68 CMakeFiles/JTAGprobe.dir/src/DAP.c.obj
                0x0000000020001aa8                DAP_Setup
 .text.usb_serial_init
                0x0000000020001b10      0x1e8 CMakeFiles/JTAGprobe.dir/src/get_serial.c.obj
                0x0000000020001b10                usb_serial_init
 .text.JTAG_Sequence
                0x0000000020001cf8      0x240 CMakeFiles/JTAGprobe.dir/src/JTAG_DP.c.obj
                0x0000000020001cf8                JTAG_Sequence
 .text.JTAG_ReadIDCode
                0x0000000020001f38       0xdc CMakeFiles/JTAGprobe.dir/src/JTAG_DP.c.obj
                0x0000000020001f38                JTAG_ReadIDCode
 .text.JTAG_WriteAbort
                0x0000000020002014      0x1a0 CMakeFiles/JTAGprobe.dir/src/JTAG_DP.c.obj
                0x0000000020002014                JTAG_WriteAbort
 .text.JTAG_IR  0x00000000200021b4      0x27c CMakeFiles/JTAGprobe.dir/src/JTAG_DP.c.obj
                0x00000000200021b4                JTAG_IR
 .text.JTAG_Transfer
                0x0000000020002430      0x4e0 CMakeFiles/JTAGprobe.dir/src/JTAG_DP.c.obj
                0x0000000020002430                JTAG_Transfer
 .text.usb_thread
                0x0000000020002910       0x54 CMakeFiles/JTAGprobe.dir/src/main.c.obj
                0x0000000020002910                usb_thread
 .text.startup.main
                0x0000000020002964       0x70 CMakeFiles/JTAGprobe.dir/src/main.c.obj
                0x0000000020002964                main
 .text.tud_hid_get_report_cb
                0x00000000200029d4        0x4 CMakeFiles/JTAGprobe.dir/src/main.c.obj
                0x00000000200029d4                tud_hid_get_report_cb
 .text.tud_hid_set_report_cb
                0x00000000200029d8       0x2c CMakeFiles/JTAGprobe.dir/src/main.c.obj
                0x00000000200029d8                tud_hid_set_report_cb
 .text.tud_vendor_control_xfer_cb
                0x0000000020002a04       0x54 CMakeFiles/JTAGprobe.dir/src/main.c.obj
                0x0000000020002a04                tud_vendor_control_xfer_cb
 .text.vApplicationTickHook
                0x0000000020002a58        0x4 CMakeFiles/JTAGprobe.dir/src/main.c.obj
                0x0000000020002a58                vApplicationTickHook
 .text.vApplicationStackOverflowHook
                0x0000000020002a5c       0x10 CMakeFiles/JTAGprobe.dir/src/main.c.obj
                0x0000000020002a5c                vApplicationStackOverflowHook
 .text.vApplicationMallocFailedHook
                0x0000000020002a6c        0xc CMakeFiles/JTAGprobe.dir/src/main.c.obj
                0x0000000020002a6c                vApplicationMallocFailedHook
 .text.tud_descriptor_device_cb
                0x0000000020002a78        0x8 CMakeFiles/JTAGprobe.dir/src/usb_descriptors.c.obj
                0x0000000020002a78                tud_descriptor_device_cb
 .text.tud_hid_descriptor_report_cb
                0x0000000020002a80        0x8 CMakeFiles/JTAGprobe.dir/src/usb_descriptors.c.obj
                0x0000000020002a80                tud_hid_descriptor_report_cb
 .text.tud_descriptor_configuration_cb
                0x0000000020002a88       0x10 CMakeFiles/JTAGprobe.dir/src/usb_descriptors.c.obj
                0x0000000020002a88                tud_descriptor_configuration_cb
 .text.tud_descriptor_string_cb
                0x0000000020002a98       0x80 CMakeFiles/JTAGprobe.dir/src/usb_descriptors.c.obj
                0x0000000020002a98                tud_descriptor_string_cb
 .text.tud_descriptor_bos_cb
                0x0000000020002b18        0x8 CMakeFiles/JTAGprobe.dir/src/usb_descriptors.c.obj
                0x0000000020002b18                tud_descriptor_bos_cb
 .text.dap_edpt_init
                0x0000000020002b20        0x4 CMakeFiles/JTAGprobe.dir/src/tusb_edpt_handler.c.obj
                0x0000000020002b20                dap_edpt_init
 .text.dap_edpt_reset
                0x0000000020002b24        0x4 CMakeFiles/JTAGprobe.dir/src/tusb_edpt_handler.c.obj
                0x0000000020002b24                dap_edpt_reset
 .text.dap_edpt_control_xfer_cb
                0x0000000020002b28        0x4 CMakeFiles/JTAGprobe.dir/src/tusb_edpt_handler.c.obj
                0x0000000020002b28                dap_edpt_control_xfer_cb
 .text.dap_edpt_open
                0x0000000020002b2c       0xb0 CMakeFiles/JTAGprobe.dir/src/tusb_edpt_handler.c.obj
                0x0000000020002b2c                dap_edpt_open
 .text.dap_edpt_xfer_cb
                0x0000000020002bdc       0xa8 CMakeFiles/JTAGprobe.dir/src/tusb_edpt_handler.c.obj
                0x0000000020002bdc                dap_edpt_xfer_cb
 .text.dap_thread
                0x0000000020002c84      0x184 CMakeFiles/JTAGprobe.dir/src/tusb_edpt_handler.c.obj
                0x0000000020002c84                dap_thread
 .text.usbd_app_driver_get_cb
                0x0000000020002e08        0xc CMakeFiles/JTAGprobe.dir/src/tusb_edpt_handler.c.obj
                0x0000000020002e08                usbd_app_driver_get_cb
 .text.DAP_ProcessVendorCommand
                0x0000000020002e14        0xc CMakeFiles/JTAGprobe.dir/CMSIS_5/CMSIS/DAP/Firmware/Source/DAP_vendor.c.obj
                0x0000000020002e14                DAP_ProcessVendorCommand
 .text.SWJ_Sequence
                0x0000000020002e20       0x68 CMakeFiles/JTAGprobe.dir/CMSIS_5/CMSIS/DAP/Firmware/Source/SW_DP.c.obj
                0x0000000020002e20                SWJ_Sequence
 .text.SWD_Sequence
                0x0000000020002e88      0x2e4 CMakeFiles/JTAGprobe.dir/CMSIS_5/CMSIS/DAP/Firmware/Source/SW_DP.c.obj
                0x0000000020002e88                SWD_Sequence
 .text.SWD_Transfer
                0x000000002000316c      0x6cc CMakeFiles/JTAGprobe.dir/CMSIS_5/CMSIS/DAP/Firmware/Source/SW_DP.c.obj
                0x000000002000316c                SWD_Transfer
 .text.lock_init
                0x0000000020003838       0x10 CMakeFiles/JTAGprobe.dir/home/teja/pico/pico-sdk/src/common/pico_sync/lock_core.c.obj
                0x0000000020003838                lock_init
 .text.mutex_init
                0x0000000020003848       0x1c CMakeFiles/JTAGprobe.dir/home/teja/pico/pico-sdk/src/common/pico_sync/mutex.c.obj
                0x0000000020003848                mutex_init
 .text.recursive_mutex_init
                0x0000000020003864       0x20 CMakeFiles/JTAGprobe.dir/home/teja/pico/pico-sdk/src/common/pico_sync/mutex.c.obj
                0x0000000020003864                recursive_mutex_init
 .text.critical_section_init
                0x0000000020003884       0x20 CMakeFiles/JTAGprobe.dir/home/teja/pico/pico-sdk/src/common/pico_sync/critical_section.c.obj
                0x0000000020003884                critical_section_init
 .text.timer_pool_entry_comparator
                0x00000000200038a4       0x34 CMakeFiles/JTAGprobe.dir/home/teja/pico/pico-sdk/src/common/pico_time/time.c.obj
                0x00000000200038a4                timer_pool_entry_comparator
 .text.sleep_until_callback
                0x00000000200038d8       0x24 CMakeFiles/JTAGprobe.dir/home/teja/pico/pico-sdk/src/common/pico_time/time.c.obj
 .text.add_alarm_under_lock.isra.0
                0x00000000200038fc      0x100 CMakeFiles/JTAGprobe.dir/home/teja/pico/pico-sdk/src/common/pico_time/time.c.obj
 .text.alarm_pool_alarm_callback
                0x00000000200039fc      0x1bc CMakeFiles/JTAGprobe.dir/home/teja/pico/pico-sdk/src/common/pico_time/time.c.obj
 .text.alarm_pool_init_default
                0x0000000020003bb8       0x6c CMakeFiles/JTAGprobe.dir/home/teja/pico/pico-sdk/src/common/pico_time/time.c.obj
                0x0000000020003bb8                alarm_pool_init_default
 .text.alarm_pool_get_default
                0x0000000020003c24        0x8 CMakeFiles/JTAGprobe.dir/home/teja/pico/pico-sdk/src/common/pico_time/time.c.obj
                0x0000000020003c24                alarm_pool_get_default
 .text.alarm_pool_add_alarm_at
                0x0000000020003c2c      0x178 CMakeFiles/JTAGprobe.dir/home/teja/pico/pico-sdk/src/common/pico_time/time.c.obj
                0x0000000020003c2c                alarm_pool_add_alarm_at
 .text.best_effort_wfe_or_timeout
                0x0000000020003da4       0xd4 CMakeFiles/JTAGprobe.dir/home/teja/pico/pico-sdk/src/common/pico_time/time.c.obj
                0x0000000020003da4                best_effort_wfe_or_timeout
 .text.hardware_alarm_irq_handler
                0x0000000020003e78       0xbc CMakeFiles/JTAGprobe.dir/home/teja/pico/pico-sdk/src/rp2_common/hardware_timer/timer.c.obj
 .text.hardware_alarm_claim
                0x0000000020003f34       0x18 CMakeFiles/JTAGprobe.dir/home/teja/pico/pico-sdk/src/rp2_common/hardware_timer/timer.c.obj
                0x0000000020003f34                hardware_alarm_claim
 .text.time_us_64
                0x0000000020003f4c       0x14 CMakeFiles/JTAGprobe.dir/home/teja/pico/pico-sdk/src/rp2_common/hardware_timer/timer.c.obj
                0x0000000020003f4c                time_us_64
 .text.busy_wait_us
                0x0000000020003f60       0x54 CMakeFiles/JTAGprobe.dir/home/teja/pico/pico-sdk/src/rp2_common/hardware_timer/timer.c.obj
                0x0000000020003f60                busy_wait_us
 .text.hardware_alarm_set_callback
                0x0000000020003fb4       0x8c CMakeFiles/JTAGprobe.dir/home/teja/pico/pico-sdk/src/rp2_common/hardware_timer/timer.c.obj
                0x0000000020003fb4                hardware_alarm_set_callback
 .text.hardware_alarm_set_target
                0x0000000020004040       0xd4 CMakeFiles/JTAGprobe.dir/home/teja/pico/pico-sdk/src/rp2_common/hardware_timer/timer.c.obj
                0x0000000020004040                hardware_alarm_set_target
 .text.hardware_alarm_cancel
                0x0000000020004114       0x3c CMakeFiles/JTAGprobe.dir/home/teja/pico/pico-sdk/src/rp2_common/hardware_timer/timer.c.obj
                0x0000000020004114                hardware_alarm_cancel
 .text.running_on_fpga
                0x0000000020004150       0x10 CMakeFiles/JTAGprobe.dir/home/teja/pico/pico-sdk/src/rp2_common/pico_platform/platform.c.obj
                0x0000000020004150                running_on_fpga
 .text.rp2040_chip_version
                0x0000000020004160        0xc CMakeFiles/JTAGprobe.dir/home/teja/pico/pico-sdk/src/rp2_common/pico_platform/platform.c.obj
                0x0000000020004160                rp2040_chip_version
 .text.hw_claim_or_assert
                0x000000002000416c       0x44 CMakeFiles/JTAGprobe.dir/home/teja/pico/pico-sdk/src/rp2_common/hardware_claim/claim.c.obj
                0x000000002000416c                hw_claim_or_assert
 .text.hw_claim_unused_from_range
                0x00000000200041b0       0x9c CMakeFiles/JTAGprobe.dir/home/teja/pico/pico-sdk/src/rp2_common/hardware_claim/claim.c.obj
                0x00000000200041b0                hw_claim_unused_from_range
 .text.spin_locks_reset
                0x000000002000424c       0x1c CMakeFiles/JTAGprobe.dir/home/teja/pico/pico-sdk/src/rp2_common/hardware_sync/sync.c.obj
                0x000000002000424c                spin_locks_reset
 .text.next_striped_spin_lock_num
                0x0000000020004268       0x18 CMakeFiles/JTAGprobe.dir/home/teja/pico/pico-sdk/src/rp2_common/hardware_sync/sync.c.obj
                0x0000000020004268                next_striped_spin_lock_num
 .text.spin_lock_claim_unused
                0x0000000020004280       0x20 CMakeFiles/JTAGprobe.dir/home/teja/pico/pico-sdk/src/rp2_common/hardware_sync/sync.c.obj
                0x0000000020004280                spin_lock_claim_unused
 .text.irq_set_enabled
                0x00000000200042a0       0x24 CMakeFiles/JTAGprobe.dir/home/teja/pico/pico-sdk/src/rp2_common/hardware_irq/irq.c.obj
                0x00000000200042a0                irq_set_enabled
 .text.irq_get_vtable_handler
                0x00000000200042c4       0x10 CMakeFiles/JTAGprobe.dir/home/teja/pico/pico-sdk/src/rp2_common/hardware_irq/irq.c.obj
                0x00000000200042c4                irq_get_vtable_handler
 .text.irq_set_exclusive_handler
                0x00000000200042d4       0x54 CMakeFiles/JTAGprobe.dir/home/teja/pico/pico-sdk/src/rp2_common/hardware_irq/irq.c.obj
                0x00000000200042d4                irq_set_exclusive_handler
 .text.irq_add_shared_handler
                0x0000000020004328      0x1e8 CMakeFiles/JTAGprobe.dir/home/teja/pico/pico-sdk/src/rp2_common/hardware_irq/irq.c.obj
                0x0000000020004328                irq_add_shared_handler
 .text.irq_remove_handler
                0x0000000020004510      0x1b0 CMakeFiles/JTAGprobe.dir/home/teja/pico/pico-sdk/src/rp2_common/hardware_irq/irq.c.obj
                0x0000000020004510                irq_remove_handler
 .text.irq_set_priority
                0x00000000200046c0       0x28 CMakeFiles/JTAGprobe.dir/home/teja/pico/pico-sdk/src/rp2_common/hardware_irq/irq.c.obj
                0x00000000200046c0                irq_set_priority
 .text.irq_add_tail_to_free_list
                0x00000000200046e8       0xb4 CMakeFiles/JTAGprobe.dir/home/teja/pico/pico-sdk/src/rp2_common/hardware_irq/irq.c.obj
                0x00000000200046e8                irq_add_tail_to_free_list
 .text.irq_init_priorities
                0x000000002000479c       0x24 CMakeFiles/JTAGprobe.dir/home/teja/pico/pico-sdk/src/rp2_common/hardware_irq/irq.c.obj
                0x000000002000479c                irq_init_priorities
 .text.ph_merge_nodes
                0x00000000200047c0       0x68 CMakeFiles/JTAGprobe.dir/home/teja/pico/pico-sdk/src/common/pico_util/pheap.c.obj
 .text.ph_post_alloc_init
                0x0000000020004828       0x3c CMakeFiles/JTAGprobe.dir/home/teja/pico/pico-sdk/src/common/pico_util/pheap.c.obj
                0x0000000020004828                ph_post_alloc_init
 .text.ph_merge_two_pass
                0x0000000020004864       0x90 CMakeFiles/JTAGprobe.dir/home/teja/pico/pico-sdk/src/common/pico_util/pheap.c.obj
                0x0000000020004864                ph_merge_two_pass
 .text.ph_remove_any_head
                0x00000000200048f4      0x100 CMakeFiles/JTAGprobe.dir/home/teja/pico/pico-sdk/src/common/pico_util/pheap.c.obj
 .text.ph_remove_head
                0x00000000200049f4      0x104 CMakeFiles/JTAGprobe.dir/home/teja/pico/pico-sdk/src/common/pico_util/pheap.c.obj
                0x00000000200049f4                ph_remove_head
 .text.ph_remove_and_free_node
                0x0000000020004af8       0x7c CMakeFiles/JTAGprobe.dir/home/teja/pico/pico-sdk/src/common/pico_util/pheap.c.obj
                0x0000000020004af8                ph_remove_and_free_node
 .text.gpio_set_function
                0x0000000020004b74       0x30 CMakeFiles/JTAGprobe.dir/home/teja/pico/pico-sdk/src/rp2_common/hardware_gpio/gpio.c.obj
                0x0000000020004b74                gpio_set_function
 .text.gpio_get_function
                0x0000000020004ba4       0x14 CMakeFiles/JTAGprobe.dir/home/teja/pico/pico-sdk/src/rp2_common/hardware_gpio/gpio.c.obj
                0x0000000020004ba4                gpio_get_function
 .text.gpio_set_pulls
                0x0000000020004bb8       0x30 CMakeFiles/JTAGprobe.dir/home/teja/pico/pico-sdk/src/rp2_common/hardware_gpio/gpio.c.obj
                0x0000000020004bb8                gpio_set_pulls
 .text.gpio_set_inover
                0x0000000020004be8       0x24 CMakeFiles/JTAGprobe.dir/home/teja/pico/pico-sdk/src/rp2_common/hardware_gpio/gpio.c.obj
                0x0000000020004be8                gpio_set_inover
 .text.gpio_set_oeover
                0x0000000020004c0c       0x24 CMakeFiles/JTAGprobe.dir/home/teja/pico/pico-sdk/src/rp2_common/hardware_gpio/gpio.c.obj
                0x0000000020004c0c                gpio_set_oeover
 .text.gpio_init
                0x0000000020004c30       0x3c CMakeFiles/JTAGprobe.dir/home/teja/pico/pico-sdk/src/rp2_common/hardware_gpio/gpio.c.obj
                0x0000000020004c30                gpio_init
 .text.uart_init
                0x0000000020004c6c      0x188 CMakeFiles/JTAGprobe.dir/home/teja/pico/pico-sdk/src/rp2_common/hardware_uart/uart.c.obj
                0x0000000020004c6c                uart_init
 .text.clocks_init
                0x0000000020004df4      0x2d0 CMakeFiles/JTAGprobe.dir/home/teja/pico/pico-sdk/src/rp2_common/hardware_clocks/clocks.c.obj
                0x0000000020004df4                clocks_init
 .text.clock_get_hz
                0x00000000200050c4        0xc CMakeFiles/JTAGprobe.dir/home/teja/pico/pico-sdk/src/rp2_common/hardware_clocks/clocks.c.obj
                0x00000000200050c4                clock_get_hz
 .text.pll_init
                0x00000000200050d0       0xa0 CMakeFiles/JTAGprobe.dir/home/teja/pico/pico-sdk/src/rp2_common/hardware_pll/pll.c.obj
                0x00000000200050d0                pll_init
 .text.watchdog_start_tick
                0x0000000020005170       0x10 CMakeFiles/JTAGprobe.dir/home/teja/pico/pico-sdk/src/rp2_common/hardware_watchdog/watchdog.c.obj
                0x0000000020005170                watchdog_start_tick
 .text.xosc_init
                0x0000000020005180       0x28 CMakeFiles/JTAGprobe.dir/home/teja/pico/pico-sdk/src/rp2_common/hardware_xosc/xosc.c.obj
                0x0000000020005180                xosc_init
 .text.runtime_init
                0x00000000200051a8       0xf0 CMakeFiles/JTAGprobe.dir/home/teja/pico/pico-sdk/src/rp2_common/pico_runtime/runtime.c.obj
                0x00000000200051a8                runtime_init
 .text._exit    0x0000000020005298        0x4 CMakeFiles/JTAGprobe.dir/home/teja/pico/pico-sdk/src/rp2_common/pico_runtime/runtime.c.obj
                0x0000000020005298                _exit
 .text.exit     0x000000002000529c        0x8 CMakeFiles/JTAGprobe.dir/home/teja/pico/pico-sdk/src/rp2_common/pico_runtime/runtime.c.obj
                0x000000002000529c                exit
 .text.panic    0x00000000200052a4       0x30 CMakeFiles/JTAGprobe.dir/home/teja/pico/pico-sdk/src/rp2_common/pico_runtime/runtime.c.obj
                0x00000000200052a4                panic
 .text.panic_unsupported
                0x00000000200052d4        0xc CMakeFiles/JTAGprobe.dir/home/teja/pico/pico-sdk/src/rp2_common/pico_runtime/runtime.c.obj
                0x00000000200052d4                panic_unsupported
 .text.hard_assertion_failure
                0x00000000200052e0        0xc CMakeFiles/JTAGprobe.dir/home/teja/pico/pico-sdk/src/rp2_common/pico_runtime/runtime.c.obj
                0x00000000200052e0                hard_assertion_failure
 .text._out_char
                0x00000000200052ec       0x10 CMakeFiles/JTAGprobe.dir/home/teja/pico/pico-sdk/src/rp2_common/pico_printf/printf.c.obj
 .text.weak_raw_vprintf
                0x00000000200052fc       0x30 CMakeFiles/JTAGprobe.dir/home/teja/pico/pico-sdk/src/rp2_common/pico_printf/printf.c.obj
                0x00000000200052fc                weak_raw_vprintf
 .text          0x000000002000532c       0x10 CMakeFiles/JTAGprobe.dir/home/teja/pico/pico-sdk/src/rp2_common/pico_bit_ops/bit_ops_aeabi.S.obj
 .text.rom_func_lookup
                0x000000002000533c       0x10 CMakeFiles/JTAGprobe.dir/home/teja/pico/pico-sdk/src/rp2_common/pico_bootrom/bootrom.c.obj
                0x000000002000533c                rom_func_lookup
 .text.rom_data_lookup
                0x000000002000534c       0x10 CMakeFiles/JTAGprobe.dir/home/teja/pico/pico-sdk/src/rp2_common/pico_bootrom/bootrom.c.obj
                0x000000002000534c                rom_data_lookup
 .text.rom_funcs_lookup
                0x000000002000535c       0x44 CMakeFiles/JTAGprobe.dir/home/teja/pico/pico-sdk/src/rp2_common/pico_bootrom/bootrom.c.obj
                0x000000002000535c                rom_funcs_lookup
 .text.__wrap___aeabi_uidiv
                0x00000000200053a0       0x4c CMakeFiles/JTAGprobe.dir/home/teja/pico/pico-sdk/src/rp2_common/pico_divider/divider.S.obj
                0x00000000200053a0                __wrap___aeabi_uidiv
                0x00000000200053a0                __wrap___aeabi_uidivmod
                0x00000000200053a0                div_u32u32
                0x00000000200053a0                divmod_u32u32
                0x00000000200053a8                divmod_u32u32_unsafe
                0x00000000200053d0                divmod_u32u32_savestate
 .text.__wrap___aeabi_ldiv
                0x00000000200053ec      0x424 CMakeFiles/JTAGprobe.dir/home/teja/pico/pico-sdk/src/rp2_common/pico_divider/divider.S.obj
                0x00000000200053ec                div_s64s64
                0x00000000200053ec                divmod_s64s64
                0x00000000200053ec                __wrap___aeabi_ldivmod
                0x000000002000541c                div_u64u64
                0x000000002000541c                divmod_u64u64
                0x000000002000541c                __wrap___aeabi_uldivmod
                0x000000002000542c                divmod_u64u64_savestate
                0x000000002000544c                divmod_s64s64_unsafe
                0x00000000200054d4                divmod_u64u64_unsafe
 .text.__aeabi_double_init
                0x0000000020005810       0x94 CMakeFiles/JTAGprobe.dir/home/teja/pico/pico-sdk/src/rp2_common/pico_double/double_init_rom.c.obj
                0x0000000020005810                __aeabi_double_init
 .text.double_table_shim_on_use_helper
                0x00000000200058a4       0x2c CMakeFiles/JTAGprobe.dir/home/teja/pico/pico-sdk/src/rp2_common/pico_double/double_v1_rom_shim.S.obj
                0x00000000200058a4                double_table_shim_on_use_helper
 .text.__aeabi_lmul
                0x00000000200058d0       0x32 CMakeFiles/JTAGprobe.dir/home/teja/pico/pico-sdk/src/rp2_common/pico_int64_ops/pico_int64_ops_aeabi.S.obj
                0x00000000200058d0                __wrap___aeabi_lmul
 *fill*         0x0000000020005902        0x2 
 .text.__aeabi_float_init
                0x0000000020005904       0x64 CMakeFiles/JTAGprobe.dir/home/teja/pico/pico-sdk/src/rp2_common/pico_float/float_init_rom.c.obj
                0x0000000020005904                __aeabi_float_init
 .text.float_table_shim_on_use_helper
                0x0000000020005968       0x2c CMakeFiles/JTAGprobe.dir/home/teja/pico/pico-sdk/src/rp2_common/pico_float/float_v1_rom_shim.S.obj
                0x0000000020005968                float_table_shim_on_use_helper
 .text          0x0000000020005994       0x10 CMakeFiles/JTAGprobe.dir/home/teja/pico/pico-sdk/src/rp2_common/pico_mem_ops/mem_ops_aeabi.S.obj
                0x0000000020005994                __aeabi_mem_init
 .text.memset   0x00000000200059a4        0xc CMakeFiles/JTAGprobe.dir/home/teja/pico/pico-sdk/src/rp2_common/pico_mem_ops/mem_ops_aeabi.S.obj
                0x00000000200059a4                __wrap_memset
 .text.memcpy   0x00000000200059b0        0xc CMakeFiles/JTAGprobe.dir/home/teja/pico/pico-sdk/src/rp2_common/pico_mem_ops/mem_ops_aeabi.S.obj
                0x00000000200059b0                __wrap___aeabi_memcpy
                0x00000000200059b0                __wrap_memcpy
 .text.stdio_out_chars_no_crlf
                0x00000000200059bc       0x10 CMakeFiles/JTAGprobe.dir/home/teja/pico/pico-sdk/src/rp2_common/pico_stdio/stdio.c.obj
 .text.stdio_out_chars_crlf
                0x00000000200059cc       0xb4 CMakeFiles/JTAGprobe.dir/home/teja/pico/pico-sdk/src/rp2_common/pico_stdio/stdio.c.obj
 .text.stdio_put_string.isra.0
                0x0000000020005a80       0xfc CMakeFiles/JTAGprobe.dir/home/teja/pico/pico-sdk/src/rp2_common/pico_stdio/stdio.c.obj
 .text.__wrap_putchar
                0x0000000020005b7c       0x98 CMakeFiles/JTAGprobe.dir/home/teja/pico/pico-sdk/src/rp2_common/pico_stdio/stdio.c.obj
                0x0000000020005b7c                __wrap_putchar
 .text.__wrap_puts
                0x0000000020005c14       0x3c CMakeFiles/JTAGprobe.dir/home/teja/pico/pico-sdk/src/rp2_common/pico_stdio/stdio.c.obj
                0x0000000020005c14                __wrap_puts
 .text.stdio_set_driver_enabled
                0x0000000020005c50       0x30 CMakeFiles/JTAGprobe.dir/home/teja/pico/pico-sdk/src/rp2_common/pico_stdio/stdio.c.obj
                0x0000000020005c50                stdio_set_driver_enabled
 .text.stdio_uart_out_chars
                0x0000000020005c80       0x4c CMakeFiles/JTAGprobe.dir/home/teja/pico/pico-sdk/src/rp2_common/pico_stdio_uart/stdio_uart.c.obj
 .text.stdio_uart_in_chars
                0x0000000020005ccc       0x84 CMakeFiles/JTAGprobe.dir/home/teja/pico/pico-sdk/src/rp2_common/pico_stdio_uart/stdio_uart.c.obj
                0x0000000020005ccc                stdio_uart_in_chars
 .text.on_uart_rx
                0x0000000020005d50       0x28 CMakeFiles/JTAGprobe.dir/home/teja/pico/pico-sdk/src/rp2_common/pico_stdio_uart/stdio_uart.c.obj
 .text.stdio_uart_set_chars_available_callback
                0x0000000020005d78       0x8c CMakeFiles/JTAGprobe.dir/home/teja/pico/pico-sdk/src/rp2_common/pico_stdio_uart/stdio_uart.c.obj
 .text.stdio_uart_init
                0x0000000020005e04       0x48 CMakeFiles/JTAGprobe.dir/home/teja/pico/pico-sdk/src/rp2_common/pico_stdio_uart/stdio_uart.c.obj
                0x0000000020005e04                stdio_uart_init
 .text.stdio_uart_init_full
                0x0000000020005e4c       0x3c CMakeFiles/JTAGprobe.dir/home/teja/pico/pico-sdk/src/rp2_common/pico_stdio_uart/stdio_uart.c.obj
                0x0000000020005e4c                stdio_uart_init_full
 .text.startup._retrieve_unique_id_on_boot
                0x0000000020005e88       0x10 CMakeFiles/JTAGprobe.dir/home/teja/pico/pico-sdk/src/rp2_common/pico_unique_id/unique_id.c.obj
 .text.pico_get_unique_board_id
                0x0000000020005e98       0x10 CMakeFiles/JTAGprobe.dir/home/teja/pico/pico-sdk/src/rp2_common/pico_unique_id/unique_id.c.obj
                0x0000000020005e98                pico_get_unique_board_id
 .text.flash_get_unique_id
                0x0000000020005ea8       0x40 CMakeFiles/JTAGprobe.dir/home/teja/pico/pico-sdk/src/rp2_common/hardware_flash/flash.c.obj
                0x0000000020005ea8                flash_get_unique_id
 .text.dcd_int_enable
                0x0000000020005ee8        0xc CMakeFiles/JTAGprobe.dir/home/teja/pico/pico-sdk/lib/tinyusb/src/portable/raspberrypi/rp2040/dcd_rp2040.c.obj
                0x0000000020005ee8                dcd_int_enable
 .text.dcd_set_address
                0x0000000020005ef4       0x14 CMakeFiles/JTAGprobe.dir/home/teja/pico/pico-sdk/lib/tinyusb/src/portable/raspberrypi/rp2040/dcd_rp2040.c.obj
                0x0000000020005ef4                dcd_set_address
 .text.dcd_connect
                0x0000000020005f08       0x10 CMakeFiles/JTAGprobe.dir/home/teja/pico/pico-sdk/lib/tinyusb/src/portable/raspberrypi/rp2040/dcd_rp2040.c.obj
                0x0000000020005f08                dcd_connect
 .text.dcd_init
                0x0000000020005f18       0x98 CMakeFiles/JTAGprobe.dir/home/teja/pico/pico-sdk/lib/tinyusb/src/portable/raspberrypi/rp2040/dcd_rp2040.c.obj
                0x0000000020005f18                dcd_init
 .text.dcd_edpt0_status_complete
                0x0000000020005fb0       0x1c CMakeFiles/JTAGprobe.dir/home/teja/pico/pico-sdk/lib/tinyusb/src/portable/raspberrypi/rp2040/dcd_rp2040.c.obj
                0x0000000020005fb0                dcd_edpt0_status_complete
 .text.dcd_edpt_open
                0x0000000020005fcc      0x108 CMakeFiles/JTAGprobe.dir/home/teja/pico/pico-sdk/lib/tinyusb/src/portable/raspberrypi/rp2040/dcd_rp2040.c.obj
                0x0000000020005fcc                dcd_edpt_open
 .text.dcd_edpt_close_all
                0x00000000200060d4        0x8 CMakeFiles/JTAGprobe.dir/home/teja/pico/pico-sdk/lib/tinyusb/src/portable/raspberrypi/rp2040/dcd_rp2040.c.obj
                0x00000000200060d4                dcd_edpt_close_all
 .text.dcd_edpt_xfer
                0x00000000200060dc       0x24 CMakeFiles/JTAGprobe.dir/home/teja/pico/pico-sdk/lib/tinyusb/src/portable/raspberrypi/rp2040/dcd_rp2040.c.obj
                0x00000000200060dc                dcd_edpt_xfer
 .text.dcd_edpt_stall
                0x0000000020006100       0x38 CMakeFiles/JTAGprobe.dir/home/teja/pico/pico-sdk/lib/tinyusb/src/portable/raspberrypi/rp2040/dcd_rp2040.c.obj
                0x0000000020006100                dcd_edpt_stall
 .text.dcd_edpt_clear_stall
                0x0000000020006138       0x30 CMakeFiles/JTAGprobe.dir/home/teja/pico/pico-sdk/lib/tinyusb/src/portable/raspberrypi/rp2040/dcd_rp2040.c.obj
                0x0000000020006138                dcd_edpt_clear_stall
 .text.rp2040_usb_init
                0x0000000020006168       0x4c CMakeFiles/JTAGprobe.dir/home/teja/pico/pico-sdk/lib/tinyusb/src/portable/raspberrypi/rp2040/rp2040_usb.c.obj
                0x0000000020006168                rp2040_usb_init
 .text.hw_endpoint_xfer_start
                0x00000000200061b4       0x50 CMakeFiles/JTAGprobe.dir/home/teja/pico/pico-sdk/lib/tinyusb/src/portable/raspberrypi/rp2040/rp2040_usb.c.obj
                0x00000000200061b4                hw_endpoint_xfer_start
 .text.configuration_reset
                0x0000000020006204       0xac CMakeFiles/JTAGprobe.dir/home/teja/pico/pico-sdk/lib/tinyusb/src/device/usbd.c.obj
 .text.tud_mounted
                0x00000000200062b0       0x10 CMakeFiles/JTAGprobe.dir/home/teja/pico/pico-sdk/lib/tinyusb/src/device/usbd.c.obj
                0x00000000200062b0                tud_mounted
 .text.tud_suspended
                0x00000000200062c0       0x10 CMakeFiles/JTAGprobe.dir/home/teja/pico/pico-sdk/lib/tinyusb/src/device/usbd.c.obj
                0x00000000200062c0                tud_suspended
 .text.tud_inited
                0x00000000200062d0       0x14 CMakeFiles/JTAGprobe.dir/home/teja/pico/pico-sdk/lib/tinyusb/src/device/usbd.c.obj
                0x00000000200062d0                tud_inited
 .text.tud_init
                0x00000000200062e4      0x104 CMakeFiles/JTAGprobe.dir/home/teja/pico/pico-sdk/lib/tinyusb/src/device/usbd.c.obj
                0x00000000200062e4                tud_init
 .text.tud_task_event_ready
                0x00000000200063e8       0x20 CMakeFiles/JTAGprobe.dir/home/teja/pico/pico-sdk/lib/tinyusb/src/device/usbd.c.obj
                0x00000000200063e8                tud_task_event_ready
 .text.tud_task_ext
                0x0000000020006408      0x768 CMakeFiles/JTAGprobe.dir/home/teja/pico/pico-sdk/lib/tinyusb/src/device/usbd.c.obj
                0x0000000020006408                tud_task_ext
 .text.usbd_open_edpt_pair
                0x0000000020006b70       0x9c CMakeFiles/JTAGprobe.dir/home/teja/pico/pico-sdk/lib/tinyusb/src/device/usbd.c.obj
                0x0000000020006b70                usbd_open_edpt_pair
 .text.usbd_edpt_open
                0x0000000020006c0c       0x34 CMakeFiles/JTAGprobe.dir/home/teja/pico/pico-sdk/lib/tinyusb/src/device/usbd.c.obj
                0x0000000020006c0c                usbd_edpt_open
 .text.usbd_edpt_claim
                0x0000000020006c40       0x28 CMakeFiles/JTAGprobe.dir/home/teja/pico/pico-sdk/lib/tinyusb/src/device/usbd.c.obj
                0x0000000020006c40                usbd_edpt_claim
 .text.usbd_edpt_release
                0x0000000020006c68       0x28 CMakeFiles/JTAGprobe.dir/home/teja/pico/pico-sdk/lib/tinyusb/src/device/usbd.c.obj
                0x0000000020006c68                usbd_edpt_release
 .text.usbd_edpt_xfer
                0x0000000020006c90       0x4c CMakeFiles/JTAGprobe.dir/home/teja/pico/pico-sdk/lib/tinyusb/src/device/usbd.c.obj
                0x0000000020006c90                usbd_edpt_xfer
 .text.usbd_edpt_busy
                0x0000000020006cdc       0x1c CMakeFiles/JTAGprobe.dir/home/teja/pico/pico-sdk/lib/tinyusb/src/device/usbd.c.obj
                0x0000000020006cdc                usbd_edpt_busy
 .text.tud_control_status
                0x0000000020006cf8       0x30 CMakeFiles/JTAGprobe.dir/home/teja/pico/pico-sdk/lib/tinyusb/src/device/usbd_control.c.obj
                0x0000000020006cf8                tud_control_status
 .text.tud_control_xfer
                0x0000000020006d28       0xbc CMakeFiles/JTAGprobe.dir/home/teja/pico/pico-sdk/lib/tinyusb/src/device/usbd_control.c.obj
                0x0000000020006d28                tud_control_xfer
 .text.usbd_control_reset
                0x0000000020006de4       0x14 CMakeFiles/JTAGprobe.dir/home/teja/pico/pico-sdk/lib/tinyusb/src/device/usbd_control.c.obj
                0x0000000020006de4                usbd_control_reset
 .text.usbd_control_set_complete_callback
                0x0000000020006df8        0xc CMakeFiles/JTAGprobe.dir/home/teja/pico/pico-sdk/lib/tinyusb/src/device/usbd_control.c.obj
                0x0000000020006df8                usbd_control_set_complete_callback
 .text.usbd_control_set_request
                0x0000000020006e04       0x1c CMakeFiles/JTAGprobe.dir/home/teja/pico/pico-sdk/lib/tinyusb/src/device/usbd_control.c.obj
                0x0000000020006e04                usbd_control_set_request
 .text.usbd_control_xfer_cb
                0x0000000020006e20       0xfc CMakeFiles/JTAGprobe.dir/home/teja/pico/pico-sdk/lib/tinyusb/src/device/usbd_control.c.obj
                0x0000000020006e20                usbd_control_xfer_cb
 .text.tud_cdc_n_write_flush
                0x0000000020006f1c       0x7c CMakeFiles/JTAGprobe.dir/home/teja/pico/pico-sdk/lib/tinyusb/src/class/cdc/cdc_device.c.obj
                0x0000000020006f1c                tud_cdc_n_write_flush
 .text.cdcd_init
                0x0000000020006f98       0x7c CMakeFiles/JTAGprobe.dir/home/teja/pico/pico-sdk/lib/tinyusb/src/class/cdc/cdc_device.c.obj
                0x0000000020006f98                cdcd_init
 .text.cdcd_reset
                0x0000000020007014       0x2c CMakeFiles/JTAGprobe.dir/home/teja/pico/pico-sdk/lib/tinyusb/src/class/cdc/cdc_device.c.obj
                0x0000000020007014                cdcd_reset
 .text.cdcd_open
                0x0000000020007040       0xe8 CMakeFiles/JTAGprobe.dir/home/teja/pico/pico-sdk/lib/tinyusb/src/class/cdc/cdc_device.c.obj
                0x0000000020007040                cdcd_open
 .text.cdcd_control_xfer_cb
                0x0000000020007128       0xe4 CMakeFiles/JTAGprobe.dir/home/teja/pico/pico-sdk/lib/tinyusb/src/class/cdc/cdc_device.c.obj
                0x0000000020007128                cdcd_control_xfer_cb
 .text.cdcd_xfer_cb
                0x000000002000720c      0x14c CMakeFiles/JTAGprobe.dir/home/teja/pico/pico-sdk/lib/tinyusb/src/class/cdc/cdc_device.c.obj
                0x000000002000720c                cdcd_xfer_cb
 .text.tud_hid_n_report
                0x0000000020007358       0x90 CMakeFiles/JTAGprobe.dir/home/teja/pico/pico-sdk/lib/tinyusb/src/class/hid/hid_device.c.obj
                0x0000000020007358                tud_hid_n_report
 .text.hidd_init
                0x00000000200073e8       0x14 CMakeFiles/JTAGprobe.dir/home/teja/pico/pico-sdk/lib/tinyusb/src/class/hid/hid_device.c.obj
                0x00000000200073e8                hidd_init
 .text.hidd_reset
                0x00000000200073fc       0x14 CMakeFiles/JTAGprobe.dir/home/teja/pico/pico-sdk/lib/tinyusb/src/class/hid/hid_device.c.obj
                0x00000000200073fc                hidd_reset
 .text.hidd_open
                0x0000000020007410       0x90 CMakeFiles/JTAGprobe.dir/home/teja/pico/pico-sdk/lib/tinyusb/src/class/hid/hid_device.c.obj
                0x0000000020007410                hidd_open
 .text.hidd_control_xfer_cb
                0x00000000200074a0      0x1bc CMakeFiles/JTAGprobe.dir/home/teja/pico/pico-sdk/lib/tinyusb/src/class/hid/hid_device.c.obj
                0x00000000200074a0                hidd_control_xfer_cb
 .text.hidd_xfer_cb
                0x000000002000765c       0x68 CMakeFiles/JTAGprobe.dir/home/teja/pico/pico-sdk/lib/tinyusb/src/class/hid/hid_device.c.obj
                0x000000002000765c                hidd_xfer_cb
 .text.vendord_init
                0x00000000200076c4       0x6c CMakeFiles/JTAGprobe.dir/home/teja/pico/pico-sdk/lib/tinyusb/src/class/vendor/vendor_device.c.obj
                0x00000000200076c4                vendord_init
 .text.vendord_reset
                0x0000000020007730       0x1c CMakeFiles/JTAGprobe.dir/home/teja/pico/pico-sdk/lib/tinyusb/src/class/vendor/vendor_device.c.obj
                0x0000000020007730                vendord_reset
 .text.vendord_open
                0x000000002000774c       0xd0 CMakeFiles/JTAGprobe.dir/home/teja/pico/pico-sdk/lib/tinyusb/src/class/vendor/vendor_device.c.obj
                0x000000002000774c                vendord_open
 .text.vendord_xfer_cb
                0x000000002000781c       0xb4 CMakeFiles/JTAGprobe.dir/home/teja/pico/pico-sdk/lib/tinyusb/src/class/vendor/vendor_device.c.obj
                0x000000002000781c                vendord_xfer_cb
 .text.tusb_init
                0x00000000200078d0        0xc CMakeFiles/JTAGprobe.dir/home/teja/pico/pico-sdk/lib/tinyusb/src/tusb.c.obj
                0x00000000200078d0                tusb_init
 .text.tusb_inited
                0x00000000200078dc        0x8 CMakeFiles/JTAGprobe.dir/home/teja/pico/pico-sdk/lib/tinyusb/src/tusb.c.obj
                0x00000000200078dc                tusb_inited
 .text.tu_edpt_claim
                0x00000000200078e4       0x50 CMakeFiles/JTAGprobe.dir/home/teja/pico/pico-sdk/lib/tinyusb/src/tusb.c.obj
                0x00000000200078e4                tu_edpt_claim
 .text.tu_edpt_release
                0x0000000020007934       0x38 CMakeFiles/JTAGprobe.dir/home/teja/pico/pico-sdk/lib/tinyusb/src/tusb.c.obj
                0x0000000020007934                tu_edpt_release
 .text.tu_edpt_validate
                0x000000002000796c       0x78 CMakeFiles/JTAGprobe.dir/home/teja/pico/pico-sdk/lib/tinyusb/src/tusb.c.obj
                0x000000002000796c                tu_edpt_validate
 .text.tu_edpt_bind_driver
                0x00000000200079e4       0x34 CMakeFiles/JTAGprobe.dir/home/teja/pico/pico-sdk/lib/tinyusb/src/tusb.c.obj
                0x00000000200079e4                tu_edpt_bind_driver
 .text.tu_fifo_config
                0x0000000020007a18       0x70 CMakeFiles/JTAGprobe.dir/home/teja/pico/pico-sdk/lib/tinyusb/src/common/tusb_fifo.c.obj
                0x0000000020007a18                tu_fifo_config
 .text.tu_fifo_count
                0x0000000020007a88       0x2c CMakeFiles/JTAGprobe.dir/home/teja/pico/pico-sdk/lib/tinyusb/src/common/tusb_fifo.c.obj
                0x0000000020007a88                tu_fifo_count
 .text.tu_fifo_empty
                0x0000000020007ab4       0x10 CMakeFiles/JTAGprobe.dir/home/teja/pico/pico-sdk/lib/tinyusb/src/common/tusb_fifo.c.obj
                0x0000000020007ab4                tu_fifo_empty
 .text.tu_fifo_remaining
                0x0000000020007ac4       0x2c CMakeFiles/JTAGprobe.dir/home/teja/pico/pico-sdk/lib/tinyusb/src/common/tusb_fifo.c.obj
                0x0000000020007ac4                tu_fifo_remaining
 .text.tu_fifo_read
                0x0000000020007af0       0xa0 CMakeFiles/JTAGprobe.dir/home/teja/pico/pico-sdk/lib/tinyusb/src/common/tusb_fifo.c.obj
                0x0000000020007af0                tu_fifo_read
 .text.tu_fifo_read_n
                0x0000000020007b90       0xec CMakeFiles/JTAGprobe.dir/home/teja/pico/pico-sdk/lib/tinyusb/src/common/tusb_fifo.c.obj
                0x0000000020007b90                tu_fifo_read_n
 .text.tu_fifo_write
                0x0000000020007c7c       0x88 CMakeFiles/JTAGprobe.dir/home/teja/pico/pico-sdk/lib/tinyusb/src/common/tusb_fifo.c.obj
                0x0000000020007c7c                tu_fifo_write
 .text.tu_fifo_write_n
                0x0000000020007d04      0x168 CMakeFiles/JTAGprobe.dir/home/teja/pico/pico-sdk/lib/tinyusb/src/common/tusb_fifo.c.obj
                0x0000000020007d04                tu_fifo_write_n
 .text.tu_fifo_clear
                0x0000000020007e6c       0x40 CMakeFiles/JTAGprobe.dir/home/teja/pico/pico-sdk/lib/tinyusb/src/common/tusb_fifo.c.obj
                0x0000000020007e6c                tu_fifo_clear
 .text.tu_fifo_set_overwritable
                0x0000000020007eac       0x48 CMakeFiles/JTAGprobe.dir/home/teja/pico/pico-sdk/lib/tinyusb/src/common/tusb_fifo.c.obj
                0x0000000020007eac                tu_fifo_set_overwritable
 .text.hw_enumeration_fix_force_ls_j_done
                0x0000000020007ef4       0x44 CMakeFiles/JTAGprobe.dir/home/teja/pico/pico-sdk/src/rp2_common/pico_fix/rp2040_usb_device_enumeration/rp2040_usb_device_enumeration.c.obj
                0x0000000020007ef4                hw_enumeration_fix_force_ls_j_done
 .text.hw_enumeration_fix_force_ls_j
                0x0000000020007f38      0x104 CMakeFiles/JTAGprobe.dir/home/teja/pico/pico-sdk/src/rp2_common/pico_fix/rp2040_usb_device_enumeration/rp2040_usb_device_enumeration.c.obj
 .text.hw_enumeration_fix_wait_se0_callback
                0x000000002000803c       0x24 CMakeFiles/JTAGprobe.dir/home/teja/pico/pico-sdk/src/rp2_common/pico_fix/rp2040_usb_device_enumeration/rp2040_usb_device_enumeration.c.obj
                0x000000002000803c                hw_enumeration_fix_wait_se0_callback
 .text.rp2040_usb_device_enumeration_fix
                0x0000000020008060       0x64 CMakeFiles/JTAGprobe.dir/home/teja/pico/pico-sdk/src/rp2_common/pico_fix/rp2040_usb_device_enumeration/rp2040_usb_device_enumeration.c.obj
                0x0000000020008060                rp2040_usb_device_enumeration_fix
 .text.board_init
                0x00000000200080c4       0x30 CMakeFiles/JTAGprobe.dir/home/teja/pico/pico-sdk/lib/tinyusb/hw/bsp/rp2040/family.c.obj
                0x00000000200080c4                board_init
 .text.vPortSVCHandler
                0x00000000200080f4        0x4 CMakeFiles/JTAGprobe.dir/freertos/portable/ThirdParty/GCC/RP2040/port.c.obj
                0x00000000200080f4                vPortSVCHandler
 .text.vPortStartFirstTask
                0x00000000200080f8       0x28 CMakeFiles/JTAGprobe.dir/freertos/portable/ThirdParty/GCC/RP2040/port.c.obj
 .text.xPortPendSVHandler
                0x0000000020008120       0x60 CMakeFiles/JTAGprobe.dir/freertos/portable/ThirdParty/GCC/RP2040/port.c.obj
                0x0000000020008120                xPortPendSVHandler
 .text.prvFIFOInterruptHandler
                0x0000000020008180       0x78 CMakeFiles/JTAGprobe.dir/freertos/portable/ThirdParty/GCC/RP2040/port.c.obj
 .text.prvTaskExitError
                0x00000000200081f8        0x8 CMakeFiles/JTAGprobe.dir/freertos/portable/ThirdParty/GCC/RP2040/port.c.obj
 .text.pxPortInitialiseStack
                0x0000000020008200       0x20 CMakeFiles/JTAGprobe.dir/freertos/portable/ThirdParty/GCC/RP2040/port.c.obj
                0x0000000020008200                pxPortInitialiseStack
 .text.vPortYield
                0x0000000020008220       0x18 CMakeFiles/JTAGprobe.dir/freertos/portable/ThirdParty/GCC/RP2040/port.c.obj
                0x0000000020008220                vPortYield
 .text.vPortEnterCritical
                0x0000000020008238       0x18 CMakeFiles/JTAGprobe.dir/freertos/portable/ThirdParty/GCC/RP2040/port.c.obj
                0x0000000020008238                vPortEnterCritical
 .text.vPortExitCritical
                0x0000000020008250       0x34 CMakeFiles/JTAGprobe.dir/freertos/portable/ThirdParty/GCC/RP2040/port.c.obj
                0x0000000020008250                vPortExitCritical
 .text.ulSetInterruptMaskFromISR
                0x0000000020008284        0x8 CMakeFiles/JTAGprobe.dir/freertos/portable/ThirdParty/GCC/RP2040/port.c.obj
                0x0000000020008284                ulSetInterruptMaskFromISR
 .text.vClearInterruptMaskFromISR
                0x000000002000828c        0x8 CMakeFiles/JTAGprobe.dir/freertos/portable/ThirdParty/GCC/RP2040/port.c.obj
                0x000000002000828c                vClearInterruptMaskFromISR
 .text.xPortSysTickHandler
                0x0000000020008294       0x24 CMakeFiles/JTAGprobe.dir/freertos/portable/ThirdParty/GCC/RP2040/port.c.obj
                0x0000000020008294                xPortSysTickHandler
 .text.vPortSetupTimerInterrupt
                0x00000000200082b8       0x34 CMakeFiles/JTAGprobe.dir/freertos/portable/ThirdParty/GCC/RP2040/port.c.obj
                0x00000000200082b8                vPortSetupTimerInterrupt
 .text.xPortStartScheduler
                0x00000000200082ec       0xa8 CMakeFiles/JTAGprobe.dir/freertos/portable/ThirdParty/GCC/RP2040/port.c.obj
                0x00000000200082ec                xPortStartScheduler
 .text.ulPortLockGetCurrentOwnerId
                0x0000000020008394       0x2c CMakeFiles/JTAGprobe.dir/freertos/portable/ThirdParty/GCC/RP2040/port.c.obj
                0x0000000020008394                ulPortLockGetCurrentOwnerId
 .text.vPortLockInternalSpinUnlockWithNotify
                0x00000000200083c0       0xc8 CMakeFiles/JTAGprobe.dir/freertos/portable/ThirdParty/GCC/RP2040/port.c.obj
                0x00000000200083c0                vPortLockInternalSpinUnlockWithNotify
 .text.xPortLockInternalSpinUnlockWithBestEffortWaitOrTimeout
                0x0000000020008488       0xf4 CMakeFiles/JTAGprobe.dir/freertos/portable/ThirdParty/GCC/RP2040/port.c.obj
                0x0000000020008488                xPortLockInternalSpinUnlockWithBestEffortWaitOrTimeout
 .text.startup.prvRuntimeInitializer
                0x000000002000857c       0x28 CMakeFiles/JTAGprobe.dir/freertos/portable/ThirdParty/GCC/RP2040/port.c.obj
 .text.vEventGroupSetBitsCallback
                0x00000000200085a4       0x8c CMakeFiles/JTAGprobe.dir/freertos/event_groups.c.obj
                0x00000000200085a4                vEventGroupSetBitsCallback
 .text.xEventGroupCreate
                0x0000000020008630       0x18 CMakeFiles/JTAGprobe.dir/freertos/event_groups.c.obj
                0x0000000020008630                xEventGroupCreate
 .text.xEventGroupWaitBits
                0x0000000020008648       0xb8 CMakeFiles/JTAGprobe.dir/freertos/event_groups.c.obj
                0x0000000020008648                xEventGroupWaitBits
 .text.xEventGroupSetBits
                0x0000000020008700       0x90 CMakeFiles/JTAGprobe.dir/freertos/event_groups.c.obj
                0x0000000020008700                xEventGroupSetBits
 .text.xEventGroupSetBitsFromISR
                0x0000000020008790       0x14 CMakeFiles/JTAGprobe.dir/freertos/event_groups.c.obj
                0x0000000020008790                xEventGroupSetBitsFromISR
 .text.vListInitialise
                0x00000000200087a4       0x18 CMakeFiles/JTAGprobe.dir/freertos/list.c.obj
                0x00000000200087a4                vListInitialise
 .text.vListInitialiseItem
                0x00000000200087bc        0x8 CMakeFiles/JTAGprobe.dir/freertos/list.c.obj
                0x00000000200087bc                vListInitialiseItem
 .text.vListInsertEnd
                0x00000000200087c4       0x18 CMakeFiles/JTAGprobe.dir/freertos/list.c.obj
                0x00000000200087c4                vListInsertEnd
 .text.vListInsert
                0x00000000200087dc       0x30 CMakeFiles/JTAGprobe.dir/freertos/list.c.obj
                0x00000000200087dc                vListInsert
 .text.uxListRemove
                0x000000002000880c       0x24 CMakeFiles/JTAGprobe.dir/freertos/list.c.obj
                0x000000002000880c                uxListRemove
 .text.prvUnlockQueue
                0x0000000020008830      0x148 CMakeFiles/JTAGprobe.dir/freertos/queue.c.obj
 .text.prvNotifyQueueSetContainer
                0x0000000020008978       0x9c CMakeFiles/JTAGprobe.dir/freertos/queue.c.obj
 .text.xQueueGenericCreate
                0x0000000020008a14       0xa0 CMakeFiles/JTAGprobe.dir/freertos/queue.c.obj
                0x0000000020008a14                xQueueGenericCreate
 .text.xQueueGenericSendFromISR
                0x0000000020008ab4      0x138 CMakeFiles/JTAGprobe.dir/freertos/queue.c.obj
                0x0000000020008ab4                xQueueGenericSendFromISR
 .text.xQueueReceive
                0x0000000020008bec      0x11c CMakeFiles/JTAGprobe.dir/freertos/queue.c.obj
                0x0000000020008bec                xQueueReceive
 .text.vQueueAddToRegistry
                0x0000000020008d08       0xec CMakeFiles/JTAGprobe.dir/freertos/queue.c.obj
                0x0000000020008d08                vQueueAddToRegistry
 .text.vQueueWaitForMessageRestricted
                0x0000000020008df4       0x48 CMakeFiles/JTAGprobe.dir/freertos/queue.c.obj
                0x0000000020008df4                vQueueWaitForMessageRestricted
 .text.prvIdleTask
                0x0000000020008e3c       0x60 CMakeFiles/JTAGprobe.dir/freertos/tasks.c.obj
 .text.vTaskSwitchContext.part.0
                0x0000000020008e9c       0x80 CMakeFiles/JTAGprobe.dir/freertos/tasks.c.obj
 .text.xTaskCreate
                0x0000000020008f1c      0x280 CMakeFiles/JTAGprobe.dir/freertos/tasks.c.obj
                0x0000000020008f1c                xTaskCreate
 .text.vTaskSuspend
                0x000000002000919c       0xcc CMakeFiles/JTAGprobe.dir/freertos/tasks.c.obj
                0x000000002000919c                vTaskSuspend
 .text.vTaskResume
                0x0000000020009268       0x8c CMakeFiles/JTAGprobe.dir/freertos/tasks.c.obj
                0x0000000020009268                vTaskResume
 .text.vTaskStartScheduler
                0x00000000200092f4      0x1e0 CMakeFiles/JTAGprobe.dir/freertos/tasks.c.obj
                0x00000000200092f4                vTaskStartScheduler
 .text.vTaskSuspendAll
                0x00000000200094d4       0x10 CMakeFiles/JTAGprobe.dir/freertos/tasks.c.obj
                0x00000000200094d4                vTaskSuspendAll
 .text.xTaskGetTickCount
                0x00000000200094e4        0xc CMakeFiles/JTAGprobe.dir/freertos/tasks.c.obj
                0x00000000200094e4                xTaskGetTickCount
 .text.uxTaskGetNumberOfTasks
                0x00000000200094f0        0xc CMakeFiles/JTAGprobe.dir/freertos/tasks.c.obj
                0x00000000200094f0                uxTaskGetNumberOfTasks
 .text.xTaskIncrementTick
                0x00000000200094fc      0x1d0 CMakeFiles/JTAGprobe.dir/freertos/tasks.c.obj
                0x00000000200094fc                xTaskIncrementTick
 .text.xTaskResumeAll
                0x00000000200096cc      0x170 CMakeFiles/JTAGprobe.dir/freertos/tasks.c.obj
                0x00000000200096cc                xTaskResumeAll
 .text.xTaskDelayUntil
                0x000000002000983c       0xa4 CMakeFiles/JTAGprobe.dir/freertos/tasks.c.obj
                0x000000002000983c                xTaskDelayUntil
 .text.vTaskSwitchContext
                0x00000000200098e0       0x20 CMakeFiles/JTAGprobe.dir/freertos/tasks.c.obj
                0x00000000200098e0                vTaskSwitchContext
 .text.vTaskPlaceOnEventList
                0x0000000020009900       0x98 CMakeFiles/JTAGprobe.dir/freertos/tasks.c.obj
                0x0000000020009900                vTaskPlaceOnEventList
 .text.vTaskPlaceOnUnorderedEventList
                0x0000000020009998       0xbc CMakeFiles/JTAGprobe.dir/freertos/tasks.c.obj
                0x0000000020009998                vTaskPlaceOnUnorderedEventList
 .text.vTaskPlaceOnEventListRestricted
                0x0000000020009a54       0xc4 CMakeFiles/JTAGprobe.dir/freertos/tasks.c.obj
                0x0000000020009a54                vTaskPlaceOnEventListRestricted
 .text.xTaskRemoveFromEventList
                0x0000000020009b18       0xd8 CMakeFiles/JTAGprobe.dir/freertos/tasks.c.obj
                0x0000000020009b18                xTaskRemoveFromEventList
 .text.vTaskRemoveFromUnorderedEventList
                0x0000000020009bf0       0x98 CMakeFiles/JTAGprobe.dir/freertos/tasks.c.obj
                0x0000000020009bf0                vTaskRemoveFromUnorderedEventList
 .text.vTaskInternalSetTimeOutState
                0x0000000020009c88       0x18 CMakeFiles/JTAGprobe.dir/freertos/tasks.c.obj
                0x0000000020009c88                vTaskInternalSetTimeOutState
 .text.xTaskCheckForTimeOut
                0x0000000020009ca0       0x74 CMakeFiles/JTAGprobe.dir/freertos/tasks.c.obj
                0x0000000020009ca0                xTaskCheckForTimeOut
 .text.vTaskMissedYield
                0x0000000020009d14        0xc CMakeFiles/JTAGprobe.dir/freertos/tasks.c.obj
                0x0000000020009d14                vTaskMissedYield
 .text.xTaskGetCurrentTaskHandle
                0x0000000020009d20        0xc CMakeFiles/JTAGprobe.dir/freertos/tasks.c.obj
                0x0000000020009d20                xTaskGetCurrentTaskHandle
 .text.xTaskPriorityDisinherit
                0x0000000020009d2c       0x64 CMakeFiles/JTAGprobe.dir/freertos/tasks.c.obj
                0x0000000020009d2c                xTaskPriorityDisinherit
 .text.uxTaskResetEventItemValue
                0x0000000020009d90       0x18 CMakeFiles/JTAGprobe.dir/freertos/tasks.c.obj
                0x0000000020009d90                uxTaskResetEventItemValue
 .text.prvTimerTask
                0x0000000020009da8      0x360 CMakeFiles/JTAGprobe.dir/freertos/timers.c.obj
 .text.xTimerCreateTimerTask
                0x000000002000a108       0x8c CMakeFiles/JTAGprobe.dir/freertos/timers.c.obj
                0x000000002000a108                xTimerCreateTimerTask
 .text.xTimerPendFunctionCallFromISR
                0x000000002000a194       0x28 CMakeFiles/JTAGprobe.dir/freertos/timers.c.obj
                0x000000002000a194                xTimerPendFunctionCallFromISR
 .text.exception_set_exclusive_handler
                0x000000002000a1bc       0x48 CMakeFiles/JTAGprobe.dir/home/teja/pico/pico-sdk/src/rp2_common/hardware_exception/exception.c.obj
                0x000000002000a1bc                exception_set_exclusive_handler
 .text.pvPortMalloc
                0x000000002000a204       0x80 CMakeFiles/JTAGprobe.dir/freertos/portable/MemMang/heap_1.c.obj
                0x000000002000a204                pvPortMalloc
 .text.vPortFree
                0x000000002000a284        0x4 CMakeFiles/JTAGprobe.dir/freertos/portable/MemMang/heap_1.c.obj
                0x000000002000a284                vPortFree
 .text          0x000000002000a288        0x4 /usr/lib/gcc/arm-none-eabi/10.3.1/thumb/v6-m/nofp/libgcc.a(_dvmd_tls.o)
                0x000000002000a288                __aeabi_ldiv0
                0x000000002000a288                __aeabi_idiv0
 .text          0x000000002000a28c       0x5c /usr/lib/gcc/arm-none-eabi/10.3.1/../../../arm-none-eabi/lib/thumb/v6-m/nofp/libc.a(lib_a-strlen-stub.o)
                0x000000002000a28c                strlen
 *(.fini)
 .fini          0x000000002000a2e8        0x4 /usr/lib/gcc/arm-none-eabi/10.3.1/thumb/v6-m/nofp/crti.o
                0x000000002000a2e8                _fini
 *crtbegin.o(.ctors)
 *crtbegin?.o(.ctors)
 *(EXCLUDE_FILE(*crtend.o *crtend?.o) .ctors)
 *(SORT_BY_NAME(.ctors.*))
 *(.ctors)
 *crtbegin.o(.dtors)
 *crtbegin?.o(.dtors)
 *(EXCLUDE_FILE(*crtend.o *crtend?.o) .dtors)
 *(SORT_BY_NAME(.dtors.*))
 *(.dtors)
 *(.eh_frame*)
 .eh_frame      0x000000002000a2ec        0x0 /usr/lib/gcc/arm-none-eabi/10.3.1/thumb/v6-m/nofp/crtbegin.o
                0x000000002000a2ec                . = ALIGN (0x4)
                0x000000002000a2ec                __ram_text_end__ = .
                0x0000000010000304                __ram_text_source__ = LOADADDR (.text)

.glue_7         0x000000002000a2ec        0x0 load address 0x000000001000a530
 .glue_7        0x000000002000a2ec        0x0 linker stubs

.glue_7t        0x000000002000a2ec        0x0 load address 0x000000001000a530
 .glue_7t       0x000000002000a2ec        0x0 linker stubs

.vfp11_veneer   0x000000002000a2ec        0x0 load address 0x000000001000a530
 .vfp11_veneer  0x000000002000a2ec        0x0 linker stubs

.v4_bx          0x000000002000a2ec        0x0 load address 0x000000001000a530
 .v4_bx         0x000000002000a2ec        0x0 linker stubs

.iplt           0x000000002000a2ec        0x0 load address 0x000000001000a530
 .iplt          0x000000002000a2ec        0x0 /usr/lib/gcc/arm-none-eabi/10.3.1/thumb/v6-m/nofp/crtbegin.o

.rel.dyn        0x000000002000a2ec        0x0 load address 0x000000001000a530
 .rel.iplt      0x000000002000a2ec        0x0 /usr/lib/gcc/arm-none-eabi/10.3.1/thumb/v6-m/nofp/crtbegin.o
                0x000000002000a2ec                . = ALIGN (0x4)

.data           0x000000002000a2f0     0x1380 load address 0x000000001000a530
                0x000000002000a2f0                __data_start__ = .
 *(vtable)
 *(.time_critical*)
 .time_critical.mutex_try_enter_block_until
                0x000000002000a2f0       0x9c CMakeFiles/JTAGprobe.dir/home/teja/pico/pico-sdk/src/common/pico_sync/mutex.c.obj
                0x000000002000a2f0                mutex_try_enter_block_until
 .time_critical.mutex_enter_timeout_ms
                0x000000002000a38c       0x78 CMakeFiles/JTAGprobe.dir/home/teja/pico/pico-sdk/src/common/pico_sync/mutex.c.obj
                0x000000002000a38c                mutex_enter_timeout_ms
 .time_critical.mutex_exit
                0x000000002000a404       0x20 CMakeFiles/JTAGprobe.dir/home/teja/pico/pico-sdk/src/common/pico_sync/mutex.c.obj
                0x000000002000a404                mutex_exit
 .time_critical.flash_init_boot2_copyout
                0x000000002000a424       0x30 CMakeFiles/JTAGprobe.dir/home/teja/pico/pico-sdk/src/rp2_common/hardware_flash/flash.c.obj
 .time_critical.flash_enable_xip_via_boot2
                0x000000002000a454       0x10 CMakeFiles/JTAGprobe.dir/home/teja/pico/pico-sdk/src/rp2_common/hardware_flash/flash.c.obj
 .time_critical.flash_cs_force
                0x000000002000a464       0x38 CMakeFiles/JTAGprobe.dir/home/teja/pico/pico-sdk/src/rp2_common/hardware_flash/flash.c.obj
 .time_critical.flash_do_cmd
                0x000000002000a49c       0xc4 CMakeFiles/JTAGprobe.dir/home/teja/pico/pico-sdk/src/rp2_common/hardware_flash/flash.c.obj
                0x000000002000a49c                flash_do_cmd
 .time_critical.reset_non_control_endpoints
                0x000000002000a560       0xbc CMakeFiles/JTAGprobe.dir/home/teja/pico/pico-sdk/lib/tinyusb/src/portable/raspberrypi/rp2040/dcd_rp2040.c.obj
 .time_critical.hw_handle_buff_status
                0x000000002000a61c       0xa8 CMakeFiles/JTAGprobe.dir/home/teja/pico/pico-sdk/lib/tinyusb/src/portable/raspberrypi/rp2040/dcd_rp2040.c.obj
 .time_critical.dcd_rp2040_irq
                0x000000002000a6c4      0x4e0 CMakeFiles/JTAGprobe.dir/home/teja/pico/pico-sdk/lib/tinyusb/src/portable/raspberrypi/rp2040/dcd_rp2040.c.obj
 .time_critical.e15_is_bulkin_ep
                0x000000002000aba4       0x28 CMakeFiles/JTAGprobe.dir/home/teja/pico/pico-sdk/lib/tinyusb/src/portable/raspberrypi/rp2040/rp2040_usb.c.obj
 .time_critical.e15_is_critical_frame_period
                0x000000002000abcc       0x34 CMakeFiles/JTAGprobe.dir/home/teja/pico/pico-sdk/lib/tinyusb/src/portable/raspberrypi/rp2040/rp2040_usb.c.obj
 .time_critical.prepare_ep_buffer
                0x000000002000ac00       0x70 CMakeFiles/JTAGprobe.dir/home/teja/pico/pico-sdk/lib/tinyusb/src/portable/raspberrypi/rp2040/rp2040_usb.c.obj
 .time_critical.sync_ep_buffer
                0x000000002000ac70       0x4c CMakeFiles/JTAGprobe.dir/home/teja/pico/pico-sdk/lib/tinyusb/src/portable/raspberrypi/rp2040/rp2040_usb.c.obj
 .time_critical._hw_endpoint_xfer_sync
                0x000000002000acbc       0x28 CMakeFiles/JTAGprobe.dir/home/teja/pico/pico-sdk/lib/tinyusb/src/portable/raspberrypi/rp2040/rp2040_usb.c.obj
 .time_critical.hw_endpoint_reset_transfer
                0x000000002000ace4        0xc CMakeFiles/JTAGprobe.dir/home/teja/pico/pico-sdk/lib/tinyusb/src/portable/raspberrypi/rp2040/rp2040_usb.c.obj
                0x000000002000ace4                hw_endpoint_reset_transfer
 .time_critical._hw_endpoint_buffer_control_update32
                0x000000002000acf0       0x58 CMakeFiles/JTAGprobe.dir/home/teja/pico/pico-sdk/lib/tinyusb/src/portable/raspberrypi/rp2040/rp2040_usb.c.obj
                0x000000002000acf0                _hw_endpoint_buffer_control_update32
 .time_critical.hw_endpoint_start_next_buffer
                0x000000002000ad48       0x6c CMakeFiles/JTAGprobe.dir/home/teja/pico/pico-sdk/lib/tinyusb/src/portable/raspberrypi/rp2040/rp2040_usb.c.obj
                0x000000002000ad48                hw_endpoint_start_next_buffer
 .time_critical.hw_endpoint_xfer_continue
                0x000000002000adb4       0x50 CMakeFiles/JTAGprobe.dir/home/teja/pico/pico-sdk/lib/tinyusb/src/portable/raspberrypi/rp2040/rp2040_usb.c.obj
                0x000000002000adb4                hw_endpoint_xfer_continue
 .time_critical.tinyusb
                0x000000002000ae04      0x1b4 CMakeFiles/JTAGprobe.dir/home/teja/pico/pico-sdk/lib/tinyusb/src/device/usbd.c.obj
                0x000000002000ae04                dcd_event_handler
                0x000000002000afb8                . = ALIGN (0x4)
 *(.rodata*)
 .rodata.DAP_ProcessCommand.str1.4
                0x000000002000afb8        0x6 CMakeFiles/JTAGprobe.dir/src/DAP.c.obj
 *fill*         0x000000002000afbe        0x2 
 .rodata.DAP_ProcessCommand
                0x000000002000afc0       0x78 CMakeFiles/JTAGprobe.dir/src/DAP.c.obj
 .rodata.main.str1.4
                0x000000002000b038        0x8 CMakeFiles/JTAGprobe.dir/src/main.c.obj
 .rodata.vApplicationStackOverflowHook.str1.4
                0x000000002000b040       0x2e CMakeFiles/JTAGprobe.dir/src/main.c.obj
 *fill*         0x000000002000b06e        0x2 
 .rodata.vApplicationMallocFailedHook.str1.4
                0x000000002000b070        0xf CMakeFiles/JTAGprobe.dir/src/main.c.obj
 *fill*         0x000000002000b07f        0x1 
 .rodata.str1.4
                0x000000002000b080       0x77 CMakeFiles/JTAGprobe.dir/src/usb_descriptors.c.obj
 *fill*         0x000000002000b0f7        0x1 
 .rodata.__compound_literal.0
                0x000000002000b0f8        0x2 CMakeFiles/JTAGprobe.dir/src/usb_descriptors.c.obj
 *fill*         0x000000002000b0fa        0x2 
 .rodata.desc_bos
                0x000000002000b0fc       0x21 CMakeFiles/JTAGprobe.dir/src/usb_descriptors.c.obj
                0x000000002000b0fc                desc_bos
 *fill*         0x000000002000b11d        0x3 
 .rodata.desc_device
                0x000000002000b120       0x12 CMakeFiles/JTAGprobe.dir/src/usb_descriptors.c.obj
                0x000000002000b120                desc_device
 *fill*         0x000000002000b132        0x2 
 .rodata.desc_hid_report
                0x000000002000b134       0x22 CMakeFiles/JTAGprobe.dir/src/usb_descriptors.c.obj
 *fill*         0x000000002000b156        0x2 
 .rodata.desc_ms_os_20
                0x000000002000b158       0xb2 CMakeFiles/JTAGprobe.dir/src/usb_descriptors.c.obj
                0x000000002000b158                desc_ms_os_20
 *fill*         0x000000002000b20a        0x2 
 .rodata._dap_edpt_driver
                0x000000002000b20c       0x18 CMakeFiles/JTAGprobe.dir/src/tusb_edpt_handler.c.obj
                0x000000002000b20c                _dap_edpt_driver
 .rodata.hardware_alarm_claim.str1.4
                0x000000002000b224       0x22 CMakeFiles/JTAGprobe.dir/home/teja/pico/pico-sdk/src/rp2_common/hardware_timer/timer.c.obj
 *fill*         0x000000002000b246        0x2 
 .rodata.spin_lock_claim_unused.str1.4
                0x000000002000b248       0x1b CMakeFiles/JTAGprobe.dir/home/teja/pico/pico-sdk/src/rp2_common/hardware_sync/sync.c.obj
 *fill*         0x000000002000b263        0x1 
 .rodata.panic.str1.4
                0x000000002000b264       0x10 CMakeFiles/JTAGprobe.dir/home/teja/pico/pico-sdk/src/rp2_common/pico_runtime/runtime.c.obj
                                         0x12 (size before relaxing)
 .rodata.panic_unsupported.str1.4
                0x000000002000b274        0xe CMakeFiles/JTAGprobe.dir/home/teja/pico/pico-sdk/src/rp2_common/pico_runtime/runtime.c.obj
 *fill*         0x000000002000b282        0x2 
 .rodata.hard_assertion_failure.str1.4
                0x000000002000b284        0xc CMakeFiles/JTAGprobe.dir/home/teja/pico/pico-sdk/src/rp2_common/pico_runtime/runtime.c.obj
 .rodata.str1.4
                0x000000002000b290       0x40 CMakeFiles/JTAGprobe.dir/home/teja/pico/pico-sdk/src/rp2_common/pico_standard_link/binary_info.c.obj
 .rodata.__bi_44
                0x000000002000b2d0        0xc CMakeFiles/JTAGprobe.dir/home/teja/pico/pico-sdk/src/rp2_common/pico_standard_link/binary_info.c.obj
 .rodata.__bi_75
                0x000000002000b2dc        0xc CMakeFiles/JTAGprobe.dir/home/teja/pico/pico-sdk/src/rp2_common/pico_standard_link/binary_info.c.obj
 .rodata.__bi_81
                0x000000002000b2e8        0xc CMakeFiles/JTAGprobe.dir/home/teja/pico/pico-sdk/src/rp2_common/pico_standard_link/binary_info.c.obj
 .rodata.crlf_str.0
                0x000000002000b2f4        0x2 CMakeFiles/JTAGprobe.dir/home/teja/pico/pico-sdk/src/rp2_common/pico_stdio/stdio.c.obj
 *fill*         0x000000002000b2f6        0x2 
 .rodata.str1.4
                0x000000002000b2f8       0x2c CMakeFiles/JTAGprobe.dir/home/teja/pico/pico-sdk/src/rp2_common/pico_stdio_uart/stdio_uart.c.obj
 .rodata.__bi_33.4
                0x000000002000b324        0xc CMakeFiles/JTAGprobe.dir/home/teja/pico/pico-sdk/src/rp2_common/pico_stdio_uart/stdio_uart.c.obj
 .rodata.__bi_34.5
                0x000000002000b330        0x8 CMakeFiles/JTAGprobe.dir/home/teja/pico/pico-sdk/src/rp2_common/pico_stdio_uart/stdio_uart.c.obj
 .rodata.str1.4
                0x000000002000b338       0x14 CMakeFiles/JTAGprobe.dir/home/teja/pico/pico-sdk/lib/tinyusb/src/portable/raspberrypi/rp2040/dcd_rp2040.c.obj
 .rodata.str1.4
                0x000000002000b34c       0x49 CMakeFiles/JTAGprobe.dir/home/teja/pico/pico-sdk/lib/tinyusb/src/portable/raspberrypi/rp2040/rp2040_usb.c.obj
                                         0x53 (size before relaxing)
 *fill*         0x000000002000b395        0x3 
 .rodata.tud_task_ext
                0x000000002000b398       0x8c CMakeFiles/JTAGprobe.dir/home/teja/pico/pico-sdk/lib/tinyusb/src/device/usbd.c.obj
 .rodata._usbd_driver
                0x000000002000b424       0x48 CMakeFiles/JTAGprobe.dir/home/teja/pico/pico-sdk/lib/tinyusb/src/device/usbd.c.obj
 .rodata.hidd_control_xfer_cb
                0x000000002000b46c       0x30 CMakeFiles/JTAGprobe.dir/home/teja/pico/pico-sdk/lib/tinyusb/src/class/hid/hid_device.c.obj
 .rodata.str1.4
                0x000000002000b49c        0x4 CMakeFiles/JTAGprobe.dir/home/teja/pico/pico-sdk/lib/tinyusb/hw/bsp/rp2040/family.c.obj
 .rodata.__bi_142.0
                0x000000002000b4a0        0xc CMakeFiles/JTAGprobe.dir/home/teja/pico/pico-sdk/lib/tinyusb/hw/bsp/rp2040/family.c.obj
 .rodata.__bi_152.1
                0x000000002000b4ac        0x8 CMakeFiles/JTAGprobe.dir/home/teja/pico/pico-sdk/lib/tinyusb/hw/bsp/rp2040/family.c.obj
 .rodata.prvTimerTask
                0x000000002000b4b4       0x28 CMakeFiles/JTAGprobe.dir/freertos/timers.c.obj
 .rodata.xTimerCreateTimerTask.str1.4
                0x000000002000b4dc       0x10 CMakeFiles/JTAGprobe.dir/freertos/timers.c.obj
                0x000000002000b4ec                . = ALIGN (0x4)
 *(.data*)
 .data.desc_configuration
                0x000000002000b4ec       0x62 CMakeFiles/JTAGprobe.dir/src/usb_descriptors.c.obj
                0x000000002000b4ec                desc_configuration
 *fill*         0x000000002000b54e        0x2 
 .data.string_desc_arr
                0x000000002000b550       0x1c CMakeFiles/JTAGprobe.dir/src/usb_descriptors.c.obj
                0x000000002000b550                string_desc_arr
 .data.default_alarm_pool
                0x000000002000b56c       0x18 CMakeFiles/JTAGprobe.dir/home/teja/pico/pico-sdk/src/common/pico_time/time.c.obj
 .data.default_alarm_pool_heap
                0x000000002000b584       0x10 CMakeFiles/JTAGprobe.dir/home/teja/pico/pico-sdk/src/common/pico_time/time.c.obj
 .data.striped_spin_lock_num
                0x000000002000b594        0x1 CMakeFiles/JTAGprobe.dir/home/teja/pico/pico-sdk/src/rp2_common/hardware_sync/sync.c.obj
 *fill*         0x000000002000b595        0x3 
 .data          0x000000002000b598       0x48 CMakeFiles/JTAGprobe.dir/home/teja/pico/pico-sdk/src/rp2_common/hardware_irq/irq_handler_chain.S.obj
                0x000000002000b598                irq_handler_chain_slots
                0x000000002000b5c8                irq_handler_chain_first_slot
                0x000000002000b5d2                irq_handler_chain_remove_tail
 .data.aeabi_bits_funcs
                0x000000002000b5e0       0x10 CMakeFiles/JTAGprobe.dir/home/teja/pico/pico-sdk/src/rp2_common/pico_bit_ops/bit_ops_aeabi.S.obj
                0x000000002000b5e0                aeabi_bits_funcs
                0x000000002000b5f0                aeabi_bits_funcs_end
 .data.aeabi_mem_funcs
                0x000000002000b5f0       0x10 CMakeFiles/JTAGprobe.dir/home/teja/pico/pico-sdk/src/rp2_common/pico_mem_ops/mem_ops_aeabi.S.obj
                0x000000002000b5f0                aeabi_mem_funcs
                0x000000002000b600                aeabi_mem_funcs_end
 .data.stdio_uart
                0x000000002000b600       0x18 CMakeFiles/JTAGprobe.dir/home/teja/pico/pico-sdk/src/rp2_common/pico_stdio_uart/stdio_uart.c.obj
                0x000000002000b600                stdio_uart
 .data.ep_dir_string
                0x000000002000b618        0x8 CMakeFiles/JTAGprobe.dir/home/teja/pico/pico-sdk/lib/tinyusb/src/portable/raspberrypi/rp2040/rp2040_usb.c.obj
                0x000000002000b618                ep_dir_string
 .data._usbd_qdef
                0x000000002000b620       0x1c CMakeFiles/JTAGprobe.dir/home/teja/pico/pico-sdk/lib/tinyusb/src/device/usbd.c.obj
                0x000000002000b620                _usbd_qdef
 .data._usbd_rhport
                0x000000002000b63c        0x1 CMakeFiles/JTAGprobe.dir/home/teja/pico/pico-sdk/lib/tinyusb/src/device/usbd.c.obj
 .data.ucLaunchCoreNum
                0x000000002000b63d        0x1 CMakeFiles/JTAGprobe.dir/freertos/portable/ThirdParty/GCC/RP2040/port.c.obj
 *fill*         0x000000002000b63e        0x2 
 .data.uxTopUsedPriority
                0x000000002000b640        0x4 CMakeFiles/JTAGprobe.dir/freertos/tasks.c.obj
                0x000000002000b640                uxTopUsedPriority
                0x000000002000b644                . = ALIGN (0x4)
 *(.after_data.*)
                0x000000002000b644                . = ALIGN (0x4)
                0x000000002000b644                PROVIDE (__mutex_array_start = .)
 *(SORT_BY_NAME(.mutex_array.*))
 *(.mutex_array)
 .mutex_array   0x000000002000b644        0x8 CMakeFiles/JTAGprobe.dir/home/teja/pico/pico-sdk/src/rp2_common/pico_malloc/pico_malloc.c.obj
 .mutex_array   0x000000002000b64c        0x8 CMakeFiles/JTAGprobe.dir/home/teja/pico/pico-sdk/src/rp2_common/pico_stdio/stdio.c.obj
                0x000000002000b654                PROVIDE (__mutex_array_end = .)
                0x000000002000b654                . = ALIGN (0x4)
                0x000000002000b654                PROVIDE (__preinit_array_start = .)
 *(SORT_BY_NAME(.preinit_array.*))
 .preinit_array.00001
                0x000000002000b654        0x4 CMakeFiles/JTAGprobe.dir/home/teja/pico/pico-sdk/src/rp2_common/pico_mem_ops/mem_ops_aeabi.S.obj
 .preinit_array.00010
                0x000000002000b658        0x4 CMakeFiles/JTAGprobe.dir/home/teja/pico/pico-sdk/src/rp2_common/pico_bit_ops/bit_ops_aeabi.S.obj
 .preinit_array.00020
                0x000000002000b65c        0x4 CMakeFiles/JTAGprobe.dir/home/teja/pico/pico-sdk/src/rp2_common/pico_double/double_aeabi.S.obj
 .preinit_array.00020
                0x000000002000b660        0x4 CMakeFiles/JTAGprobe.dir/home/teja/pico/pico-sdk/src/rp2_common/pico_float/float_aeabi.S.obj
 *(.preinit_array)
                0x000000002000b664                PROVIDE (__preinit_array_end = .)
                0x000000002000b664                . = ALIGN (0x4)
                0x000000002000b664                PROVIDE (__init_array_start = .)
 *(SORT_BY_NAME(.init_array.*))
 *(.init_array)
 .init_array    0x000000002000b664        0x4 /usr/lib/gcc/arm-none-eabi/10.3.1/thumb/v6-m/nofp/crtbegin.o
 .init_array    0x000000002000b668        0x4 CMakeFiles/JTAGprobe.dir/home/teja/pico/pico-sdk/src/rp2_common/pico_unique_id/unique_id.c.obj
 .init_array    0x000000002000b66c        0x4 CMakeFiles/JTAGprobe.dir/freertos/portable/ThirdParty/GCC/RP2040/port.c.obj
                0x000000002000b670                PROVIDE (__init_array_end = .)
                0x000000002000b670                . = ALIGN (0x4)
                0x000000002000b670                PROVIDE (__fini_array_start = .)
 *(SORT_BY_NAME(.fini_array.*))
 *(.fini_array)
                0x000000002000b670                PROVIDE (__fini_array_end = .)
 *(.jcr)
                0x000000002000b670                . = ALIGN (0x4)
                0x000000002000b670                __data_end__ = .
                0x000000001000a530                __etext = LOADADDR (.data)

.tm_clone_table
                0x000000002000b670        0x0 load address 0x000000001000b8b0
 .tm_clone_table
                0x000000002000b670        0x0 /usr/lib/gcc/arm-none-eabi/10.3.1/thumb/v6-m/nofp/crtbegin.o
 .tm_clone_table
                0x000000002000b670        0x0 /usr/lib/gcc/arm-none-eabi/10.3.1/thumb/v6-m/nofp/crtend.o

.igot.plt       0x000000002000b670        0x0 load address 0x000000001000b8b0
 .igot.plt      0x000000002000b670        0x0 /usr/lib/gcc/arm-none-eabi/10.3.1/thumb/v6-m/nofp/crtbegin.o

.uninitialized_data
                0x000000002000b670        0x0 load address 0x000000001000b8b0
                0x000000002000b670                . = ALIGN (0x4)
 *(.uninitialized_data*)

.scratch_x      0x0000000020040000        0x0 load address 0x000000001000b8b0
                0x0000000020040000                __scratch_x_start__ = .
 *(.scratch_x.*)
                0x0000000020040000                . = ALIGN (0x4)
                0x0000000020040000                __scratch_x_end__ = .
                0x000000001000b8b0                __scratch_x_source__ = LOADADDR (.scratch_x)

.scratch_y      0x0000000020041000        0x0 load address 0x000000001000b8b0
                0x0000000020041000                __scratch_y_start__ = .
 *(.scratch_y.*)
                0x0000000020041000                . = ALIGN (0x4)
                0x0000000020041000                __scratch_y_end__ = .
                0x000000001000b8b0                __scratch_y_source__ = LOADADDR (.scratch_y)

.bss            0x000000002000b670    0x16350
                0x000000002000b670                . = ALIGN (0x4)
                0x000000002000b670                __bss_start__ = .
 *(SORT_BY_ALIGNMENT(SORT_BY_NAME(.bss*)))
 .bss.default_alarm_pool_entries
                0x000000002000b670      0x100 CMakeFiles/JTAGprobe.dir/home/teja/pico/pico-sdk/src/common/pico_time/time.c.obj
 .bss.sd_table  0x000000002000b770      0x100 CMakeFiles/JTAGprobe.dir/home/teja/pico/pico-sdk/src/rp2_common/pico_double/double_init_rom.c.obj
                0x000000002000b770                sd_table
 .bss.sf_table  0x000000002000b870      0x100 CMakeFiles/JTAGprobe.dir/home/teja/pico/pico-sdk/src/rp2_common/pico_float/float_init_rom.c.obj
                0x000000002000b870                sf_table
 .bss.xQueueRegistry
                0x000000002000b970       0x40 CMakeFiles/JTAGprobe.dir/freertos/queue.c.obj
                0x000000002000b970                xQueueRegistry
 .bss           0x000000002000b9b0       0x1c /usr/lib/gcc/arm-none-eabi/10.3.1/thumb/v6-m/nofp/crtbegin.o
 .bss.DAPRequestBuffer
                0x000000002000b9cc       0x40 CMakeFiles/JTAGprobe.dir/src/tusb_edpt_handler.c.obj
 .bss.DAPResponseBuffer
                0x000000002000ba0c       0x40 CMakeFiles/JTAGprobe.dir/src/tusb_edpt_handler.c.obj
 .bss.DAP_Data  0x000000002000ba4c       0x44 CMakeFiles/JTAGprobe.dir/src/DAP.c.obj
                0x000000002000ba4c                DAP_Data
 .bss.TxDataBuffer
                0x000000002000ba90       0x40 CMakeFiles/JTAGprobe.dir/src/main.c.obj
 .bss.USBRequestBuffer
                0x000000002000bad0       0x8c CMakeFiles/JTAGprobe.dir/src/tusb_edpt_handler.c.obj
 .bss.USBResponseBuffer
                0x000000002000bb5c       0x8c CMakeFiles/JTAGprobe.dir/src/tusb_edpt_handler.c.obj
 .bss._app_driver
                0x000000002000bbe8        0x4 CMakeFiles/JTAGprobe.dir/home/teja/pico/pico-sdk/lib/tinyusb/src/device/usbd.c.obj
 .bss._cdcd_itf
                0x000000002000bbec     0x1148 CMakeFiles/JTAGprobe.dir/home/teja/pico/pico-sdk/lib/tinyusb/src/class/cdc/cdc_device.c.obj
 .bss._ctrl_xfer
                0x000000002000cd34       0x14 CMakeFiles/JTAGprobe.dir/home/teja/pico/pico-sdk/lib/tinyusb/src/device/usbd_control.c.obj
 .bss._desc_str
                0x000000002000cd48       0x40 CMakeFiles/JTAGprobe.dir/src/usb_descriptors.c.obj
 .bss._hidd_itf
                0x000000002000cd88       0x8c CMakeFiles/JTAGprobe.dir/home/teja/pico/pico-sdk/lib/tinyusb/src/class/hid/hid_device.c.obj
 .bss._resp_len
                0x000000002000ce14        0x4 CMakeFiles/JTAGprobe.dir/src/tusb_edpt_handler.c.obj
                0x000000002000ce14                _resp_len
 .bss._ubsd_mutexdef
                0x000000002000ce18        0x8 CMakeFiles/JTAGprobe.dir/home/teja/pico/pico-sdk/lib/tinyusb/src/device/usbd.c.obj
 .bss._usbd_ctrl_buf
                0x000000002000ce20       0x40 CMakeFiles/JTAGprobe.dir/home/teja/pico/pico-sdk/lib/tinyusb/src/device/usbd_control.c.obj
 .bss._usbd_dev
                0x000000002000ce60       0x53 CMakeFiles/JTAGprobe.dir/home/teja/pico/pico-sdk/lib/tinyusb/src/device/usbd.c.obj
 *fill*         0x000000002000ceb3        0x1 
 .bss._usbd_mutex
                0x000000002000ceb4        0x4 CMakeFiles/JTAGprobe.dir/home/teja/pico/pico-sdk/lib/tinyusb/src/device/usbd.c.obj
 .bss._usbd_q   0x000000002000ceb8        0x4 CMakeFiles/JTAGprobe.dir/home/teja/pico/pico-sdk/lib/tinyusb/src/device/usbd.c.obj
 .bss._usbd_qdef_buf
                0x000000002000cebc       0xc0 CMakeFiles/JTAGprobe.dir/home/teja/pico/pico-sdk/lib/tinyusb/src/device/usbd.c.obj
                0x000000002000cebc                _usbd_qdef_buf
 .bss._vendord_itf
                0x000000002000cf7c     0x40bc CMakeFiles/JTAGprobe.dir/home/teja/pico/pico-sdk/lib/tinyusb/src/class/vendor/vendor_device.c.obj
 .bss.alarm_callbacks
                0x0000000020011038       0x10 CMakeFiles/JTAGprobe.dir/home/teja/pico/pico-sdk/src/rp2_common/hardware_timer/timer.c.obj
 .bss.boot2_copyout
                0x0000000020011048      0x100 CMakeFiles/JTAGprobe.dir/home/teja/pico/pico-sdk/src/rp2_common/hardware_flash/flash.c.obj
 .bss.chars_available_callback
                0x0000000020011148        0x4 CMakeFiles/JTAGprobe.dir/home/teja/pico/pico-sdk/src/rp2_common/pico_stdio_uart/stdio_uart.c.obj
 .bss.chars_available_param
                0x000000002001114c        0x4 CMakeFiles/JTAGprobe.dir/home/teja/pico/pico-sdk/src/rp2_common/pico_stdio_uart/stdio_uart.c.obj
 .bss.claimed   0x0000000020011150        0x4 CMakeFiles/JTAGprobe.dir/home/teja/pico/pico-sdk/src/rp2_common/hardware_sync/sync.c.obj
 .bss.configured_freq
                0x0000000020011154       0x28 CMakeFiles/JTAGprobe.dir/home/teja/pico/pico-sdk/src/rp2_common/hardware_clocks/clocks.c.obj
 .bss.dap_taskhandle
                0x000000002001117c        0x4 CMakeFiles/JTAGprobe.dir/src/main.c.obj
                0x000000002001117c                dap_taskhandle
 .bss.default_alarm_pool_entry_ids_high
                0x0000000020011180       0x10 CMakeFiles/JTAGprobe.dir/home/teja/pico/pico-sdk/src/common/pico_time/time.c.obj
 .bss.default_alarm_pool_heap_nodes
                0x0000000020011190       0x30 CMakeFiles/JTAGprobe.dir/home/teja/pico/pico-sdk/src/common/pico_time/time.c.obj
 .bss.drivers   0x00000000200111c0        0x4 CMakeFiles/JTAGprobe.dir/home/teja/pico/pico-sdk/src/rp2_common/pico_stdio/stdio.c.obj
 .bss.e15_last_sof
                0x00000000200111c4        0x4 CMakeFiles/JTAGprobe.dir/home/teja/pico/pico-sdk/lib/tinyusb/src/portable/raspberrypi/rp2040/rp2040_usb.c.obj
                0x00000000200111c4                e15_last_sof
 .bss.filter    0x00000000200111c8        0x4 CMakeFiles/JTAGprobe.dir/home/teja/pico/pico-sdk/src/rp2_common/pico_stdio/stdio.c.obj
 .bss.gpio_ctrl_prev
                0x00000000200111cc        0x4 CMakeFiles/JTAGprobe.dir/home/teja/pico/pico-sdk/src/rp2_common/pico_fix/rp2040_usb_device_enumeration/rp2040_usb_device_enumeration.c.obj
 .bss.hw_endpoints
                0x00000000200111d0      0x400 CMakeFiles/JTAGprobe.dir/home/teja/pico/pico-sdk/lib/tinyusb/src/portable/raspberrypi/rp2040/dcd_rp2040.c.obj
 .bss.lazy_vsnprintf
                0x00000000200115d0        0x4 CMakeFiles/JTAGprobe.dir/home/teja/pico/pico-sdk/src/rp2_common/pico_printf/printf.c.obj
 .bss.next_buffer_ptr
                0x00000000200115d4        0x4 CMakeFiles/JTAGprobe.dir/home/teja/pico/pico-sdk/lib/tinyusb/src/portable/raspberrypi/rp2040/dcd_rp2040.c.obj
 .bss.pad_ctrl_prev
                0x00000000200115d8        0x4 CMakeFiles/JTAGprobe.dir/home/teja/pico/pico-sdk/src/rp2_common/pico_fix/rp2040_usb_device_enumeration/rp2040_usb_device_enumeration.c.obj
 .bss.pools     0x00000000200115dc       0x10 CMakeFiles/JTAGprobe.dir/home/teja/pico/pico-sdk/src/common/pico_time/time.c.obj
 .bss.pucAlignedHeap.0
                0x00000000200115ec        0x4 CMakeFiles/JTAGprobe.dir/freertos/portable/MemMang/heap_1.c.obj
 .bss.pxCrossCoreSpinLock
                0x00000000200115f0        0x4 CMakeFiles/JTAGprobe.dir/freertos/portable/ThirdParty/GCC/RP2040/port.c.obj
 .bss.pxCurrentTCB
                0x00000000200115f4        0x4 CMakeFiles/JTAGprobe.dir/freertos/tasks.c.obj
                0x00000000200115f4                pxCurrentTCB
 .bss.pxCurrentTimerList
                0x00000000200115f8        0x4 CMakeFiles/JTAGprobe.dir/freertos/timers.c.obj
 .bss.pxDelayedTaskList
                0x00000000200115fc        0x4 CMakeFiles/JTAGprobe.dir/freertos/tasks.c.obj
 .bss.pxOverflowDelayedTaskList
                0x0000000020011600        0x4 CMakeFiles/JTAGprobe.dir/freertos/tasks.c.obj
 .bss.pxOverflowTimerList
                0x0000000020011604        0x4 CMakeFiles/JTAGprobe.dir/freertos/timers.c.obj
 .bss.pxReadyTasksLists
                0x0000000020011608      0x280 CMakeFiles/JTAGprobe.dir/freertos/tasks.c.obj
 .bss.pxYieldSpinLock
                0x0000000020011888        0x4 CMakeFiles/JTAGprobe.dir/freertos/portable/ThirdParty/GCC/RP2040/port.c.obj
 .bss.retrieved_id
                0x000000002001188c        0x8 CMakeFiles/JTAGprobe.dir/home/teja/pico/pico-sdk/src/rp2_common/pico_unique_id/unique_id.c.obj
 .bss.sf_clz_func
                0x0000000020011894        0x4 CMakeFiles/JTAGprobe.dir/home/teja/pico/pico-sdk/src/rp2_common/pico_double/double_init_rom.c.obj
                0x0000000020011894                sf_clz_func
 .bss.sleep_notifier
                0x0000000020011898        0x4 CMakeFiles/JTAGprobe.dir/home/teja/pico/pico-sdk/src/common/pico_time/time.c.obj
 .bss.target_hi
                0x000000002001189c       0x10 CMakeFiles/JTAGprobe.dir/home/teja/pico/pico-sdk/src/rp2_common/hardware_timer/timer.c.obj
 .bss.tud_taskhandle
                0x00000000200118ac        0x4 CMakeFiles/JTAGprobe.dir/src/main.c.obj
                0x00000000200118ac                tud_taskhandle
 .bss.uID       0x00000000200118b0        0x8 CMakeFiles/JTAGprobe.dir/src/get_serial.c.obj
 .bss.uart_char_to_line_feed
                0x00000000200118b8        0x4 CMakeFiles/JTAGprobe.dir/home/teja/pico/pico-sdk/src/rp2_common/hardware_uart/uart.c.obj
                0x00000000200118b8                uart_char_to_line_feed
 .bss.uart_inst
                0x00000000200118bc        0x4 CMakeFiles/JTAGprobe.dir/home/teja/pico/pico-sdk/lib/tinyusb/hw/bsp/rp2040/family.c.obj
 .bss.uart_instance
                0x00000000200118c0        0x4 CMakeFiles/JTAGprobe.dir/home/teja/pico/pico-sdk/src/rp2_common/pico_stdio_uart/stdio_uart.c.obj
 .bss.ucHeap    0x00000000200118c4    0x10000 CMakeFiles/JTAGprobe.dir/freertos/portable/MemMang/heap_1.c.obj
 .bss.ulYieldSpinLockSaveValue
                0x00000000200218c4        0x4 CMakeFiles/JTAGprobe.dir/freertos/portable/ThirdParty/GCC/RP2040/port.c.obj
 .bss.usb_serial
                0x00000000200218c8       0x11 CMakeFiles/JTAGprobe.dir/src/get_serial.c.obj
                0x00000000200218c8                usb_serial
 *fill*         0x00000000200218d9        0x3 
 .bss.uxCriticalNesting
                0x00000000200218dc        0x4 CMakeFiles/JTAGprobe.dir/freertos/portable/ThirdParty/GCC/RP2040/port.c.obj
 .bss.uxCrossCoreEventBits
                0x00000000200218e0        0x4 CMakeFiles/JTAGprobe.dir/freertos/portable/ThirdParty/GCC/RP2040/port.c.obj
 .bss.uxCurrentNumberOfTasks
                0x00000000200218e4        0x4 CMakeFiles/JTAGprobe.dir/freertos/tasks.c.obj
 .bss.uxDeletedTasksWaitingCleanUp
                0x00000000200218e8        0x4 CMakeFiles/JTAGprobe.dir/freertos/tasks.c.obj
 .bss.uxSchedulerSuspended
                0x00000000200218ec        0x4 CMakeFiles/JTAGprobe.dir/freertos/tasks.c.obj
 .bss.uxTaskNumber
                0x00000000200218f0        0x4 CMakeFiles/JTAGprobe.dir/freertos/tasks.c.obj
 .bss.uxTopReadyPriority
                0x00000000200218f4        0x4 CMakeFiles/JTAGprobe.dir/freertos/tasks.c.obj
 .bss.xActiveTimerList1
                0x00000000200218f8       0x14 CMakeFiles/JTAGprobe.dir/freertos/timers.c.obj
 .bss.xActiveTimerList2
                0x000000002002190c       0x14 CMakeFiles/JTAGprobe.dir/freertos/timers.c.obj
 .bss.xDelayedTaskList1
                0x0000000020021920       0x14 CMakeFiles/JTAGprobe.dir/freertos/tasks.c.obj
 .bss.xDelayedTaskList2
                0x0000000020021934       0x14 CMakeFiles/JTAGprobe.dir/freertos/tasks.c.obj
 .bss.xEventGroup
                0x0000000020021948        0x4 CMakeFiles/JTAGprobe.dir/freertos/portable/ThirdParty/GCC/RP2040/port.c.obj
 .bss.xIdleTaskHandle